nohup: ignoring input
Prepared 18 jobs in /data/jinyuli/Projects/timeVAE/outputs/hpo/weather20062015_oldloss_hist/20260530_225651_london_2006_2015_timevae_grid_T84
Started run_00000_new_npz_data_weather_data_T84_weather_london_2006_2015_ld8_rw3.0_lr0.0001_bs16 on GPU slot 0 device=0
Started run_00001_new_npz_data_weather_data_T84_weather_london_2006_2015_ld8_rw3.0_lr0.0001_bs32 on GPU slot 1 device=0
Started run_00002_new_npz_data_weather_data_T84_weather_london_2006_2015_ld8_rw3.0_lr0.0001_bs64 on GPU slot 2 device=0
Started run_00003_new_npz_data_weather_data_T84_weather_london_2006_2015_ld8_rw3.0_lr0.001_bs16 on GPU slot 3 device=0
Started run_00004_new_npz_data_weather_data_T84_weather_london_2006_2015_ld8_rw3.0_lr0.001_bs32 on GPU slot 4 device=0
Started run_00005_new_npz_data_weather_data_T84_weather_london_2006_2015_ld8_rw3.0_lr0.001_bs64 on GPU slot 5 device=0
Finished run_00005_new_npz_data_weather_data_T84_weather_london_2006_2015_ld8_rw3.0_lr0.001_bs64 status=completed val_histogram_distance=0.43282267451286316
Started run_00006_new_npz_data_weather_data_T84_weather_london_2006_2015_ld8_rw3.0_lr0.01_bs16 on GPU slot 5 device=0
Finished run_00004_new_npz_data_weather_data_T84_weather_london_2006_2015_ld8_rw3.0_lr0.001_bs32 status=completed val_histogram_distance=0.4565508961677551
Started run_00007_new_npz_data_weather_data_T84_weather_london_2006_2015_ld8_rw3.0_lr0.01_bs32 on GPU slot 4 device=0
Finished run_00002_new_npz_data_weather_data_T84_weather_london_2006_2015_ld8_rw3.0_lr0.0001_bs64 status=completed val_histogram_distance=0.44079655408859253
Started run_00008_new_npz_data_weather_data_T84_weather_london_2006_2015_ld8_rw3.0_lr0.01_bs64 on GPU slot 2 device=0
Finished run_00007_new_npz_data_weather_data_T84_weather_london_2006_2015_ld8_rw3.0_lr0.01_bs32 status=completed val_histogram_distance=0.4882367253303528
Started run_00009_new_npz_data_weather_data_T84_weather_london_2006_2015_ld16_rw3.0_lr0.0001_bs16 on GPU slot 4 device=0
Finished run_00008_new_npz_data_weather_data_T84_weather_london_2006_2015_ld8_rw3.0_lr0.01_bs64 status=completed val_histogram_distance=0.5980028510093689
Started run_00010_new_npz_data_weather_data_T84_weather_london_2006_2015_ld16_rw3.0_lr0.0001_bs32 on GPU slot 2 device=0
Finished run_00006_new_npz_data_weather_data_T84_weather_london_2006_2015_ld8_rw3.0_lr0.01_bs16 status=completed val_histogram_distance=0.515977144241333
Started run_00011_new_npz_data_weather_data_T84_weather_london_2006_2015_ld16_rw3.0_lr0.0001_bs64 on GPU slot 5 device=0
Finished run_00001_new_npz_data_weather_data_T84_weather_london_2006_2015_ld8_rw3.0_lr0.0001_bs32 status=completed val_histogram_distance=0.44672122597694397
Started run_00012_new_npz_data_weather_data_T84_weather_london_2006_2015_ld16_rw3.0_lr0.001_bs16 on GPU slot 1 device=0
Finished run_00003_new_npz_data_weather_data_T84_weather_london_2006_2015_ld8_rw3.0_lr0.001_bs16 status=completed val_histogram_distance=0.46931445598602295
Started run_00013_new_npz_data_weather_data_T84_weather_london_2006_2015_ld16_rw3.0_lr0.001_bs32 on GPU slot 3 device=0
Finished run_00011_new_npz_data_weather_data_T84_weather_london_2006_2015_ld16_rw3.0_lr0.0001_bs64 status=completed val_histogram_distance=0.4358281195163727
Started run_00014_new_npz_data_weather_data_T84_weather_london_2006_2015_ld16_rw3.0_lr0.001_bs64 on GPU slot 5 device=0
Finished run_00010_new_npz_data_weather_data_T84_weather_london_2006_2015_ld16_rw3.0_lr0.0001_bs32 status=completed val_histogram_distance=0.44370779395103455
Started run_00015_new_npz_data_weather_data_T84_weather_london_2006_2015_ld16_rw3.0_lr0.01_bs16 on GPU slot 2 device=0
Finished run_00014_new_npz_data_weather_data_T84_weather_london_2006_2015_ld16_rw3.0_lr0.001_bs64 status=completed val_histogram_distance=0.4400647282600403
Started run_00016_new_npz_data_weather_data_T84_weather_london_2006_2015_ld16_rw3.0_lr0.01_bs32 on GPU slot 5 device=0
Finished run_00016_new_npz_data_weather_data_T84_weather_london_2006_2015_ld16_rw3.0_lr0.01_bs32 status=completed val_histogram_distance=0.5393996238708496
Started run_00017_new_npz_data_weather_data_T84_weather_london_2006_2015_ld16_rw3.0_lr0.01_bs64 on GPU slot 5 device=0
Finished run_00017_new_npz_data_weather_data_T84_weather_london_2006_2015_ld16_rw3.0_lr0.01_bs64 status=completed val_histogram_distance=0.46784085035324097
Finished run_00013_new_npz_data_weather_data_T84_weather_london_2006_2015_ld16_rw3.0_lr0.001_bs32 status=completed val_histogram_distance=0.4552546739578247
Finished run_00015_new_npz_data_weather_data_T84_weather_london_2006_2015_ld16_rw3.0_lr0.01_bs16 status=completed val_histogram_distance=0.5753870606422424
Finished run_00000_new_npz_data_weather_data_T84_weather_london_2006_2015_ld8_rw3.0_lr0.0001_bs16 status=completed val_histogram_distance=0.45551496744155884
Finished run_00009_new_npz_data_weather_data_T84_weather_london_2006_2015_ld16_rw3.0_lr0.0001_bs16 status=completed val_histogram_distance=0.4532884359359741
Finished run_00012_new_npz_data_weather_data_T84_weather_london_2006_2015_ld16_rw3.0_lr0.001_bs16 status=completed val_histogram_distance=0.47567495703697205
Best run: run_00005_new_npz_data_weather_data_T84_weather_london_2006_2015_ld8_rw3.0_lr0.001_bs64 val_histogram_distance=0.43282267451286316
