nohup: ignoring input
Prepared 18 jobs in /data/jinyuli/Projects/timeVAE/outputs/hpo/weather20062015_oldloss_hist/20260530_225453_hongkong_2006_2015_timevae_grid_T84
Started run_00000_new_npz_data_weather_data_T84_weather_hongkong_2006_2015_ld8_rw3.0_lr0.0001_bs16 on GPU slot 0 device=2
Started run_00001_new_npz_data_weather_data_T84_weather_hongkong_2006_2015_ld8_rw3.0_lr0.0001_bs32 on GPU slot 1 device=2
Started run_00002_new_npz_data_weather_data_T84_weather_hongkong_2006_2015_ld8_rw3.0_lr0.0001_bs64 on GPU slot 2 device=2
Started run_00003_new_npz_data_weather_data_T84_weather_hongkong_2006_2015_ld8_rw3.0_lr0.001_bs16 on GPU slot 3 device=2
Started run_00004_new_npz_data_weather_data_T84_weather_hongkong_2006_2015_ld8_rw3.0_lr0.001_bs32 on GPU slot 4 device=2
Started run_00005_new_npz_data_weather_data_T84_weather_hongkong_2006_2015_ld8_rw3.0_lr0.001_bs64 on GPU slot 5 device=2
Finished run_00005_new_npz_data_weather_data_T84_weather_hongkong_2006_2015_ld8_rw3.0_lr0.001_bs64 status=completed val_histogram_distance=0.5040332674980164
Started run_00006_new_npz_data_weather_data_T84_weather_hongkong_2006_2015_ld8_rw3.0_lr0.01_bs16 on GPU slot 5 device=2
Finished run_00002_new_npz_data_weather_data_T84_weather_hongkong_2006_2015_ld8_rw3.0_lr0.0001_bs64 status=completed val_histogram_distance=0.5064386129379272
Started run_00007_new_npz_data_weather_data_T84_weather_hongkong_2006_2015_ld8_rw3.0_lr0.01_bs32 on GPU slot 2 device=2
Finished run_00001_new_npz_data_weather_data_T84_weather_hongkong_2006_2015_ld8_rw3.0_lr0.0001_bs32 status=completed val_histogram_distance=0.5239917039871216
Started run_00008_new_npz_data_weather_data_T84_weather_hongkong_2006_2015_ld8_rw3.0_lr0.01_bs64 on GPU slot 1 device=2
Finished run_00004_new_npz_data_weather_data_T84_weather_hongkong_2006_2015_ld8_rw3.0_lr0.001_bs32 status=completed val_histogram_distance=0.5305100083351135
Started run_00009_new_npz_data_weather_data_T84_weather_hongkong_2006_2015_ld16_rw3.0_lr0.0001_bs16 on GPU slot 4 device=2
Finished run_00007_new_npz_data_weather_data_T84_weather_hongkong_2006_2015_ld8_rw3.0_lr0.01_bs32 status=completed val_histogram_distance=0.5397818088531494
Started run_00010_new_npz_data_weather_data_T84_weather_hongkong_2006_2015_ld16_rw3.0_lr0.0001_bs32 on GPU slot 2 device=2
Finished run_00008_new_npz_data_weather_data_T84_weather_hongkong_2006_2015_ld8_rw3.0_lr0.01_bs64 status=completed val_histogram_distance=0.5103303790092468
Started run_00011_new_npz_data_weather_data_T84_weather_hongkong_2006_2015_ld16_rw3.0_lr0.0001_bs64 on GPU slot 1 device=2
Finished run_00006_new_npz_data_weather_data_T84_weather_hongkong_2006_2015_ld8_rw3.0_lr0.01_bs16 status=completed val_histogram_distance=0.5741575360298157
Started run_00012_new_npz_data_weather_data_T84_weather_hongkong_2006_2015_ld16_rw3.0_lr0.001_bs16 on GPU slot 5 device=2
Finished run_00011_new_npz_data_weather_data_T84_weather_hongkong_2006_2015_ld16_rw3.0_lr0.0001_bs64 status=completed val_histogram_distance=0.508515477180481
Started run_00013_new_npz_data_weather_data_T84_weather_hongkong_2006_2015_ld16_rw3.0_lr0.001_bs32 on GPU slot 1 device=2
Finished run_00003_new_npz_data_weather_data_T84_weather_hongkong_2006_2015_ld8_rw3.0_lr0.001_bs16 status=completed val_histogram_distance=0.5538445711135864
Started run_00014_new_npz_data_weather_data_T84_weather_hongkong_2006_2015_ld16_rw3.0_lr0.001_bs64 on GPU slot 3 device=2
Finished run_00010_new_npz_data_weather_data_T84_weather_hongkong_2006_2015_ld16_rw3.0_lr0.0001_bs32 status=completed val_histogram_distance=0.5283110737800598
Started run_00015_new_npz_data_weather_data_T84_weather_hongkong_2006_2015_ld16_rw3.0_lr0.01_bs16 on GPU slot 2 device=2
Finished run_00014_new_npz_data_weather_data_T84_weather_hongkong_2006_2015_ld16_rw3.0_lr0.001_bs64 status=completed val_histogram_distance=0.5025028586387634
Started run_00016_new_npz_data_weather_data_T84_weather_hongkong_2006_2015_ld16_rw3.0_lr0.01_bs32 on GPU slot 3 device=2
Finished run_00016_new_npz_data_weather_data_T84_weather_hongkong_2006_2015_ld16_rw3.0_lr0.01_bs32 status=completed val_histogram_distance=0.5538365244865417
Started run_00017_new_npz_data_weather_data_T84_weather_hongkong_2006_2015_ld16_rw3.0_lr0.01_bs64 on GPU slot 3 device=2
Finished run_00013_new_npz_data_weather_data_T84_weather_hongkong_2006_2015_ld16_rw3.0_lr0.001_bs32 status=completed val_histogram_distance=0.535145103931427
Finished run_00012_new_npz_data_weather_data_T84_weather_hongkong_2006_2015_ld16_rw3.0_lr0.001_bs16 status=completed val_histogram_distance=0.5521972179412842
Finished run_00000_new_npz_data_weather_data_T84_weather_hongkong_2006_2015_ld8_rw3.0_lr0.0001_bs16 status=completed val_histogram_distance=0.5440362691879272
Finished run_00015_new_npz_data_weather_data_T84_weather_hongkong_2006_2015_ld16_rw3.0_lr0.01_bs16 status=completed val_histogram_distance=0.5834781527519226
Finished run_00017_new_npz_data_weather_data_T84_weather_hongkong_2006_2015_ld16_rw3.0_lr0.01_bs64 status=completed val_histogram_distance=0.523991584777832
Finished run_00009_new_npz_data_weather_data_T84_weather_hongkong_2006_2015_ld16_rw3.0_lr0.0001_bs16 status=completed val_histogram_distance=0.5404192209243774
Best run: run_00014_new_npz_data_weather_data_T84_weather_hongkong_2006_2015_ld16_rw3.0_lr0.001_bs64 val_histogram_distance=0.5025028586387634
