nohup: ignoring input
Prepared 18 jobs in /data/jinyuli/Projects/timeVAE/outputs/hpo/weather20062015_oldloss_hist/20260530_225500_capetown_2006_2015_timevae_grid_T84
Started run_00000_new_npz_data_weather_data_T84_weather_capetown_2006_2015_ld8_rw3.0_lr0.0001_bs16 on GPU slot 0 device=1
Started run_00001_new_npz_data_weather_data_T84_weather_capetown_2006_2015_ld8_rw3.0_lr0.0001_bs32 on GPU slot 1 device=1
Started run_00002_new_npz_data_weather_data_T84_weather_capetown_2006_2015_ld8_rw3.0_lr0.0001_bs64 on GPU slot 2 device=1
Started run_00003_new_npz_data_weather_data_T84_weather_capetown_2006_2015_ld8_rw3.0_lr0.001_bs16 on GPU slot 3 device=1
Started run_00004_new_npz_data_weather_data_T84_weather_capetown_2006_2015_ld8_rw3.0_lr0.001_bs32 on GPU slot 4 device=1
Started run_00005_new_npz_data_weather_data_T84_weather_capetown_2006_2015_ld8_rw3.0_lr0.001_bs64 on GPU slot 5 device=1
Finished run_00005_new_npz_data_weather_data_T84_weather_capetown_2006_2015_ld8_rw3.0_lr0.001_bs64 status=completed val_histogram_distance=0.3665447235107422
Started run_00006_new_npz_data_weather_data_T84_weather_capetown_2006_2015_ld8_rw3.0_lr0.01_bs16 on GPU slot 5 device=1
Finished run_00002_new_npz_data_weather_data_T84_weather_capetown_2006_2015_ld8_rw3.0_lr0.0001_bs64 status=completed val_histogram_distance=0.37437063455581665
Started run_00007_new_npz_data_weather_data_T84_weather_capetown_2006_2015_ld8_rw3.0_lr0.01_bs32 on GPU slot 2 device=1
Finished run_00007_new_npz_data_weather_data_T84_weather_capetown_2006_2015_ld8_rw3.0_lr0.01_bs32 status=completed val_histogram_distance=0.45224764943122864
Started run_00008_new_npz_data_weather_data_T84_weather_capetown_2006_2015_ld8_rw3.0_lr0.01_bs64 on GPU slot 2 device=1
Finished run_00006_new_npz_data_weather_data_T84_weather_capetown_2006_2015_ld8_rw3.0_lr0.01_bs16 status=completed val_histogram_distance=0.5340683460235596
Started run_00009_new_npz_data_weather_data_T84_weather_capetown_2006_2015_ld16_rw3.0_lr0.0001_bs16 on GPU slot 5 device=1
Finished run_00008_new_npz_data_weather_data_T84_weather_capetown_2006_2015_ld8_rw3.0_lr0.01_bs64 status=completed val_histogram_distance=0.42518216371536255
Started run_00010_new_npz_data_weather_data_T84_weather_capetown_2006_2015_ld16_rw3.0_lr0.0001_bs32 on GPU slot 2 device=1
Finished run_00003_new_npz_data_weather_data_T84_weather_capetown_2006_2015_ld8_rw3.0_lr0.001_bs16 status=completed val_histogram_distance=0.3982793390750885
Started run_00011_new_npz_data_weather_data_T84_weather_capetown_2006_2015_ld16_rw3.0_lr0.0001_bs64 on GPU slot 3 device=1
Finished run_00004_new_npz_data_weather_data_T84_weather_capetown_2006_2015_ld8_rw3.0_lr0.001_bs32 status=completed val_histogram_distance=0.38408637046813965
Started run_00012_new_npz_data_weather_data_T84_weather_capetown_2006_2015_ld16_rw3.0_lr0.001_bs16 on GPU slot 4 device=1
Finished run_00001_new_npz_data_weather_data_T84_weather_capetown_2006_2015_ld8_rw3.0_lr0.0001_bs32 status=completed val_histogram_distance=0.375209778547287
Started run_00013_new_npz_data_weather_data_T84_weather_capetown_2006_2015_ld16_rw3.0_lr0.001_bs32 on GPU slot 1 device=1
Finished run_00011_new_npz_data_weather_data_T84_weather_capetown_2006_2015_ld16_rw3.0_lr0.0001_bs64 status=completed val_histogram_distance=0.3733753263950348
Started run_00014_new_npz_data_weather_data_T84_weather_capetown_2006_2015_ld16_rw3.0_lr0.001_bs64 on GPU slot 3 device=1
Finished run_00013_new_npz_data_weather_data_T84_weather_capetown_2006_2015_ld16_rw3.0_lr0.001_bs32 status=completed val_histogram_distance=0.3888466954231262
Started run_00015_new_npz_data_weather_data_T84_weather_capetown_2006_2015_ld16_rw3.0_lr0.01_bs16 on GPU slot 1 device=1
Finished run_00014_new_npz_data_weather_data_T84_weather_capetown_2006_2015_ld16_rw3.0_lr0.001_bs64 status=completed val_histogram_distance=0.3799278736114502
Started run_00016_new_npz_data_weather_data_T84_weather_capetown_2006_2015_ld16_rw3.0_lr0.01_bs32 on GPU slot 3 device=1
Finished run_00010_new_npz_data_weather_data_T84_weather_capetown_2006_2015_ld16_rw3.0_lr0.0001_bs32 status=completed val_histogram_distance=0.3758700489997864
Started run_00017_new_npz_data_weather_data_T84_weather_capetown_2006_2015_ld16_rw3.0_lr0.01_bs64 on GPU slot 2 device=1
Finished run_00015_new_npz_data_weather_data_T84_weather_capetown_2006_2015_ld16_rw3.0_lr0.01_bs16 status=completed val_histogram_distance=0.5201617479324341
Finished run_00000_new_npz_data_weather_data_T84_weather_capetown_2006_2015_ld8_rw3.0_lr0.0001_bs16 status=completed val_histogram_distance=0.37450718879699707
Finished run_00016_new_npz_data_weather_data_T84_weather_capetown_2006_2015_ld16_rw3.0_lr0.01_bs32 status=completed val_histogram_distance=0.45551979541778564
Finished run_00017_new_npz_data_weather_data_T84_weather_capetown_2006_2015_ld16_rw3.0_lr0.01_bs64 status=completed val_histogram_distance=0.41270822286605835
Finished run_00012_new_npz_data_weather_data_T84_weather_capetown_2006_2015_ld16_rw3.0_lr0.001_bs16 status=completed val_histogram_distance=0.39752310514450073
Finished run_00009_new_npz_data_weather_data_T84_weather_capetown_2006_2015_ld16_rw3.0_lr0.0001_bs16 status=completed val_histogram_distance=0.3843759298324585
Best run: run_00005_new_npz_data_weather_data_T84_weather_capetown_2006_2015_ld8_rw3.0_lr0.001_bs64 val_histogram_distance=0.3665447235107422
