nohup: ignoring input
Prepared 216 jobs in /data/jinyuli/Projects/timeVAE/outputs/hpo/weather20062015_new_loss/20260530_022219_hongkong_2006_2015_timevae_grid_T84
Started run_00000_new_npz_data_weather_data_T84_weather_hongkong_2006_2015_ld8_rw0.01_lr0.0001_bs16_fb0.1 on GPU slot 0 device=1
Started run_00001_new_npz_data_weather_data_T84_weather_hongkong_2006_2015_ld8_rw0.01_lr0.0001_bs16_fb0.01 on GPU slot 1 device=1
Started run_00002_new_npz_data_weather_data_T84_weather_hongkong_2006_2015_ld8_rw0.01_lr0.0001_bs16_fb0.001 on GPU slot 2 device=1
Started run_00003_new_npz_data_weather_data_T84_weather_hongkong_2006_2015_ld8_rw0.01_lr0.0001_bs32_fb0.1 on GPU slot 3 device=1
Started run_00004_new_npz_data_weather_data_T84_weather_hongkong_2006_2015_ld8_rw0.01_lr0.0001_bs32_fb0.01 on GPU slot 4 device=1
Started run_00005_new_npz_data_weather_data_T84_weather_hongkong_2006_2015_ld8_rw0.01_lr0.0001_bs32_fb0.001 on GPU slot 5 device=1
Started run_00006_new_npz_data_weather_data_T84_weather_hongkong_2006_2015_ld8_rw0.01_lr0.0001_bs64_fb0.1 on GPU slot 6 device=1
Started run_00007_new_npz_data_weather_data_T84_weather_hongkong_2006_2015_ld8_rw0.01_lr0.0001_bs64_fb0.01 on GPU slot 7 device=1
Finished run_00006_new_npz_data_weather_data_T84_weather_hongkong_2006_2015_ld8_rw0.01_lr0.0001_bs64_fb0.1 status=completed val_histogram_distance=0.4374452531337738
Started run_00008_new_npz_data_weather_data_T84_weather_hongkong_2006_2015_ld8_rw0.01_lr0.0001_bs64_fb0.001 on GPU slot 6 device=1
Finished run_00007_new_npz_data_weather_data_T84_weather_hongkong_2006_2015_ld8_rw0.01_lr0.0001_bs64_fb0.01 status=completed val_histogram_distance=0.4284385144710541
Started run_00009_new_npz_data_weather_data_T84_weather_hongkong_2006_2015_ld8_rw0.01_lr0.001_bs16_fb0.1 on GPU slot 7 device=1
Finished run_00008_new_npz_data_weather_data_T84_weather_hongkong_2006_2015_ld8_rw0.01_lr0.0001_bs64_fb0.001 status=completed val_histogram_distance=0.4249417781829834
Started run_00010_new_npz_data_weather_data_T84_weather_hongkong_2006_2015_ld8_rw0.01_lr0.001_bs16_fb0.01 on GPU slot 6 device=1
Finished run_00003_new_npz_data_weather_data_T84_weather_hongkong_2006_2015_ld8_rw0.01_lr0.0001_bs32_fb0.1 status=completed val_histogram_distance=0.49749770760536194
Started run_00011_new_npz_data_weather_data_T84_weather_hongkong_2006_2015_ld8_rw0.01_lr0.001_bs16_fb0.001 on GPU slot 3 device=1
Finished run_00004_new_npz_data_weather_data_T84_weather_hongkong_2006_2015_ld8_rw0.01_lr0.0001_bs32_fb0.01 status=completed val_histogram_distance=0.48658323287963867
Started run_00012_new_npz_data_weather_data_T84_weather_hongkong_2006_2015_ld8_rw0.01_lr0.001_bs32_fb0.1 on GPU slot 4 device=1
Finished run_00005_new_npz_data_weather_data_T84_weather_hongkong_2006_2015_ld8_rw0.01_lr0.0001_bs32_fb0.001 status=completed val_histogram_distance=0.49032390117645264
Started run_00013_new_npz_data_weather_data_T84_weather_hongkong_2006_2015_ld8_rw0.01_lr0.001_bs32_fb0.01 on GPU slot 5 device=1
Finished run_00002_new_npz_data_weather_data_T84_weather_hongkong_2006_2015_ld8_rw0.01_lr0.0001_bs16_fb0.001 status=completed val_histogram_distance=0.5190014243125916
Started run_00014_new_npz_data_weather_data_T84_weather_hongkong_2006_2015_ld8_rw0.01_lr0.001_bs32_fb0.001 on GPU slot 2 device=1
Finished run_00001_new_npz_data_weather_data_T84_weather_hongkong_2006_2015_ld8_rw0.01_lr0.0001_bs16_fb0.01 status=completed val_histogram_distance=0.5142025947570801
Started run_00015_new_npz_data_weather_data_T84_weather_hongkong_2006_2015_ld8_rw0.01_lr0.001_bs64_fb0.1 on GPU slot 1 device=1
Finished run_00000_new_npz_data_weather_data_T84_weather_hongkong_2006_2015_ld8_rw0.01_lr0.0001_bs16_fb0.1 status=completed val_histogram_distance=0.5058479309082031
Started run_00016_new_npz_data_weather_data_T84_weather_hongkong_2006_2015_ld8_rw0.01_lr0.001_bs64_fb0.01 on GPU slot 0 device=1
Finished run_00013_new_npz_data_weather_data_T84_weather_hongkong_2006_2015_ld8_rw0.01_lr0.001_bs32_fb0.01 status=completed val_histogram_distance=0.6027671694755554
Started run_00017_new_npz_data_weather_data_T84_weather_hongkong_2006_2015_ld8_rw0.01_lr0.001_bs64_fb0.001 on GPU slot 5 device=1
Finished run_00012_new_npz_data_weather_data_T84_weather_hongkong_2006_2015_ld8_rw0.01_lr0.001_bs32_fb0.1 status=completed val_histogram_distance=0.5852838158607483
Started run_00018_new_npz_data_weather_data_T84_weather_hongkong_2006_2015_ld8_rw0.01_lr0.01_bs16_fb0.1 on GPU slot 4 device=1
Finished run_00016_new_npz_data_weather_data_T84_weather_hongkong_2006_2015_ld8_rw0.01_lr0.001_bs64_fb0.01 status=completed val_histogram_distance=0.6252005696296692
Started run_00019_new_npz_data_weather_data_T84_weather_hongkong_2006_2015_ld8_rw0.01_lr0.01_bs16_fb0.01 on GPU slot 0 device=1
Finished run_00009_new_npz_data_weather_data_T84_weather_hongkong_2006_2015_ld8_rw0.01_lr0.001_bs16_fb0.1 status=completed val_histogram_distance=0.6638854742050171
Started run_00020_new_npz_data_weather_data_T84_weather_hongkong_2006_2015_ld8_rw0.01_lr0.01_bs16_fb0.001 on GPU slot 7 device=1
Finished run_00015_new_npz_data_weather_data_T84_weather_hongkong_2006_2015_ld8_rw0.01_lr0.001_bs64_fb0.1 status=completed val_histogram_distance=0.6380296945571899
Started run_00021_new_npz_data_weather_data_T84_weather_hongkong_2006_2015_ld8_rw0.01_lr0.01_bs32_fb0.1 on GPU slot 1 device=1
Finished run_00017_new_npz_data_weather_data_T84_weather_hongkong_2006_2015_ld8_rw0.01_lr0.001_bs64_fb0.001 status=completed val_histogram_distance=0.6181245446205139
Started run_00022_new_npz_data_weather_data_T84_weather_hongkong_2006_2015_ld8_rw0.01_lr0.01_bs32_fb0.01 on GPU slot 5 device=1
Finished run_00010_new_npz_data_weather_data_T84_weather_hongkong_2006_2015_ld8_rw0.01_lr0.001_bs16_fb0.01 status=completed val_histogram_distance=0.6627015471458435
Started run_00023_new_npz_data_weather_data_T84_weather_hongkong_2006_2015_ld8_rw0.01_lr0.01_bs32_fb0.001 on GPU slot 6 device=1
Finished run_00011_new_npz_data_weather_data_T84_weather_hongkong_2006_2015_ld8_rw0.01_lr0.001_bs16_fb0.001 status=completed val_histogram_distance=0.6706042289733887
Started run_00024_new_npz_data_weather_data_T84_weather_hongkong_2006_2015_ld8_rw0.01_lr0.01_bs64_fb0.1 on GPU slot 3 device=1
Finished run_00014_new_npz_data_weather_data_T84_weather_hongkong_2006_2015_ld8_rw0.01_lr0.001_bs32_fb0.001 status=completed val_histogram_distance=0.6244295835494995
Started run_00025_new_npz_data_weather_data_T84_weather_hongkong_2006_2015_ld8_rw0.01_lr0.01_bs64_fb0.01 on GPU slot 2 device=1
Finished run_00025_new_npz_data_weather_data_T84_weather_hongkong_2006_2015_ld8_rw0.01_lr0.01_bs64_fb0.01 status=completed val_histogram_distance=0.7541568875312805
Started run_00026_new_npz_data_weather_data_T84_weather_hongkong_2006_2015_ld8_rw0.01_lr0.01_bs64_fb0.001 on GPU slot 2 device=1
Finished run_00024_new_npz_data_weather_data_T84_weather_hongkong_2006_2015_ld8_rw0.01_lr0.01_bs64_fb0.1 status=completed val_histogram_distance=0.7512101531028748
Started run_00027_new_npz_data_weather_data_T84_weather_hongkong_2006_2015_ld8_rw0.1_lr0.0001_bs16_fb0.1 on GPU slot 3 device=1
Finished run_00021_new_npz_data_weather_data_T84_weather_hongkong_2006_2015_ld8_rw0.01_lr0.01_bs32_fb0.1 status=completed val_histogram_distance=0.7159784436225891
Started run_00028_new_npz_data_weather_data_T84_weather_hongkong_2006_2015_ld8_rw0.1_lr0.0001_bs16_fb0.01 on GPU slot 1 device=1
Finished run_00022_new_npz_data_weather_data_T84_weather_hongkong_2006_2015_ld8_rw0.01_lr0.01_bs32_fb0.01 status=completed val_histogram_distance=0.7162060141563416
Started run_00029_new_npz_data_weather_data_T84_weather_hongkong_2006_2015_ld8_rw0.1_lr0.0001_bs16_fb0.001 on GPU slot 5 device=1
Finished run_00026_new_npz_data_weather_data_T84_weather_hongkong_2006_2015_ld8_rw0.01_lr0.01_bs64_fb0.001 status=completed val_histogram_distance=0.7518191337585449
Started run_00030_new_npz_data_weather_data_T84_weather_hongkong_2006_2015_ld8_rw0.1_lr0.0001_bs32_fb0.1 on GPU slot 2 device=1
Finished run_00023_new_npz_data_weather_data_T84_weather_hongkong_2006_2015_ld8_rw0.01_lr0.01_bs32_fb0.001 status=completed val_histogram_distance=0.7168526649475098
Started run_00031_new_npz_data_weather_data_T84_weather_hongkong_2006_2015_ld8_rw0.1_lr0.0001_bs32_fb0.01 on GPU slot 6 device=1
Finished run_00018_new_npz_data_weather_data_T84_weather_hongkong_2006_2015_ld8_rw0.01_lr0.01_bs16_fb0.1 status=completed val_histogram_distance=0.623805820941925
Started run_00032_new_npz_data_weather_data_T84_weather_hongkong_2006_2015_ld8_rw0.1_lr0.0001_bs32_fb0.001 on GPU slot 4 device=1
Finished run_00019_new_npz_data_weather_data_T84_weather_hongkong_2006_2015_ld8_rw0.01_lr0.01_bs16_fb0.01 status=completed val_histogram_distance=0.7432259917259216
Started run_00033_new_npz_data_weather_data_T84_weather_hongkong_2006_2015_ld8_rw0.1_lr0.0001_bs64_fb0.1 on GPU slot 0 device=1
Finished run_00020_new_npz_data_weather_data_T84_weather_hongkong_2006_2015_ld8_rw0.01_lr0.01_bs16_fb0.001 status=completed val_histogram_distance=0.7390232086181641
Started run_00034_new_npz_data_weather_data_T84_weather_hongkong_2006_2015_ld8_rw0.1_lr0.0001_bs64_fb0.01 on GPU slot 7 device=1
Finished run_00030_new_npz_data_weather_data_T84_weather_hongkong_2006_2015_ld8_rw0.1_lr0.0001_bs32_fb0.1 status=completed val_histogram_distance=0.4912494421005249
Started run_00035_new_npz_data_weather_data_T84_weather_hongkong_2006_2015_ld8_rw0.1_lr0.0001_bs64_fb0.001 on GPU slot 2 device=1
Finished run_00033_new_npz_data_weather_data_T84_weather_hongkong_2006_2015_ld8_rw0.1_lr0.0001_bs64_fb0.1 status=completed val_histogram_distance=0.43890181183815
Started run_00036_new_npz_data_weather_data_T84_weather_hongkong_2006_2015_ld8_rw0.1_lr0.001_bs16_fb0.1 on GPU slot 0 device=1
Finished run_00031_new_npz_data_weather_data_T84_weather_hongkong_2006_2015_ld8_rw0.1_lr0.0001_bs32_fb0.01 status=completed val_histogram_distance=0.49643123149871826
Started run_00037_new_npz_data_weather_data_T84_weather_hongkong_2006_2015_ld8_rw0.1_lr0.001_bs16_fb0.01 on GPU slot 6 device=1
Finished run_00034_new_npz_data_weather_data_T84_weather_hongkong_2006_2015_ld8_rw0.1_lr0.0001_bs64_fb0.01 status=completed val_histogram_distance=0.4393576681613922
Started run_00038_new_npz_data_weather_data_T84_weather_hongkong_2006_2015_ld8_rw0.1_lr0.001_bs16_fb0.001 on GPU slot 7 device=1
Finished run_00032_new_npz_data_weather_data_T84_weather_hongkong_2006_2015_ld8_rw0.1_lr0.0001_bs32_fb0.001 status=completed val_histogram_distance=0.4899039566516876
Started run_00039_new_npz_data_weather_data_T84_weather_hongkong_2006_2015_ld8_rw0.1_lr0.001_bs32_fb0.1 on GPU slot 4 device=1
Finished run_00027_new_npz_data_weather_data_T84_weather_hongkong_2006_2015_ld8_rw0.1_lr0.0001_bs16_fb0.1 status=completed val_histogram_distance=0.46785807609558105
Started run_00040_new_npz_data_weather_data_T84_weather_hongkong_2006_2015_ld8_rw0.1_lr0.001_bs32_fb0.01 on GPU slot 3 device=1
Finished run_00035_new_npz_data_weather_data_T84_weather_hongkong_2006_2015_ld8_rw0.1_lr0.0001_bs64_fb0.001 status=completed val_histogram_distance=0.4407735764980316
Started run_00041_new_npz_data_weather_data_T84_weather_hongkong_2006_2015_ld8_rw0.1_lr0.001_bs32_fb0.001 on GPU slot 2 device=1
Finished run_00028_new_npz_data_weather_data_T84_weather_hongkong_2006_2015_ld8_rw0.1_lr0.0001_bs16_fb0.01 status=completed val_histogram_distance=0.5250812768936157
Started run_00042_new_npz_data_weather_data_T84_weather_hongkong_2006_2015_ld8_rw0.1_lr0.001_bs64_fb0.1 on GPU slot 1 device=1
Finished run_00029_new_npz_data_weather_data_T84_weather_hongkong_2006_2015_ld8_rw0.1_lr0.0001_bs16_fb0.001 status=completed val_histogram_distance=0.5259825587272644
Started run_00043_new_npz_data_weather_data_T84_weather_hongkong_2006_2015_ld8_rw0.1_lr0.001_bs64_fb0.01 on GPU slot 5 device=1
Finished run_00042_new_npz_data_weather_data_T84_weather_hongkong_2006_2015_ld8_rw0.1_lr0.001_bs64_fb0.1 status=completed val_histogram_distance=0.4694252908229828
Started run_00044_new_npz_data_weather_data_T84_weather_hongkong_2006_2015_ld8_rw0.1_lr0.001_bs64_fb0.001 on GPU slot 1 device=1
Finished run_00043_new_npz_data_weather_data_T84_weather_hongkong_2006_2015_ld8_rw0.1_lr0.001_bs64_fb0.01 status=completed val_histogram_distance=0.5745805501937866
Started run_00045_new_npz_data_weather_data_T84_weather_hongkong_2006_2015_ld8_rw0.1_lr0.01_bs16_fb0.1 on GPU slot 5 device=1
Finished run_00039_new_npz_data_weather_data_T84_weather_hongkong_2006_2015_ld8_rw0.1_lr0.001_bs32_fb0.1 status=completed val_histogram_distance=0.4613405466079712
Started run_00046_new_npz_data_weather_data_T84_weather_hongkong_2006_2015_ld8_rw0.1_lr0.01_bs16_fb0.01 on GPU slot 4 device=1
Finished run_00040_new_npz_data_weather_data_T84_weather_hongkong_2006_2015_ld8_rw0.1_lr0.001_bs32_fb0.01 status=completed val_histogram_distance=0.5740168690681458
Started run_00047_new_npz_data_weather_data_T84_weather_hongkong_2006_2015_ld8_rw0.1_lr0.01_bs16_fb0.001 on GPU slot 3 device=1
Finished run_00041_new_npz_data_weather_data_T84_weather_hongkong_2006_2015_ld8_rw0.1_lr0.001_bs32_fb0.001 status=completed val_histogram_distance=0.6524136662483215
Started run_00048_new_npz_data_weather_data_T84_weather_hongkong_2006_2015_ld8_rw0.1_lr0.01_bs32_fb0.1 on GPU slot 2 device=1
Finished run_00044_new_npz_data_weather_data_T84_weather_hongkong_2006_2015_ld8_rw0.1_lr0.001_bs64_fb0.001 status=completed val_histogram_distance=0.6230597496032715
Started run_00049_new_npz_data_weather_data_T84_weather_hongkong_2006_2015_ld8_rw0.1_lr0.01_bs32_fb0.01 on GPU slot 1 device=1
Finished run_00037_new_npz_data_weather_data_T84_weather_hongkong_2006_2015_ld8_rw0.1_lr0.001_bs16_fb0.01 status=completed val_histogram_distance=0.6070374846458435
Started run_00050_new_npz_data_weather_data_T84_weather_hongkong_2006_2015_ld8_rw0.1_lr0.01_bs32_fb0.001 on GPU slot 6 device=1
Finished run_00036_new_npz_data_weather_data_T84_weather_hongkong_2006_2015_ld8_rw0.1_lr0.001_bs16_fb0.1 status=completed val_histogram_distance=0.4850349426269531
Started run_00051_new_npz_data_weather_data_T84_weather_hongkong_2006_2015_ld8_rw0.1_lr0.01_bs64_fb0.1 on GPU slot 0 device=1
Finished run_00038_new_npz_data_weather_data_T84_weather_hongkong_2006_2015_ld8_rw0.1_lr0.001_bs16_fb0.001 status=completed val_histogram_distance=0.5973057746887207
Started run_00052_new_npz_data_weather_data_T84_weather_hongkong_2006_2015_ld8_rw0.1_lr0.01_bs64_fb0.01 on GPU slot 7 device=1
Finished run_00051_new_npz_data_weather_data_T84_weather_hongkong_2006_2015_ld8_rw0.1_lr0.01_bs64_fb0.1 status=completed val_histogram_distance=0.7585392594337463
Started run_00053_new_npz_data_weather_data_T84_weather_hongkong_2006_2015_ld8_rw0.1_lr0.01_bs64_fb0.001 on GPU slot 0 device=1
Finished run_00048_new_npz_data_weather_data_T84_weather_hongkong_2006_2015_ld8_rw0.1_lr0.01_bs32_fb0.1 status=completed val_histogram_distance=0.7435808181762695
Started run_00054_new_npz_data_weather_data_T84_weather_hongkong_2006_2015_ld8_rw1.0_lr0.0001_bs16_fb0.1 on GPU slot 2 device=1
Finished run_00052_new_npz_data_weather_data_T84_weather_hongkong_2006_2015_ld8_rw0.1_lr0.01_bs64_fb0.01 status=completed val_histogram_distance=0.7058860659599304
Started run_00055_new_npz_data_weather_data_T84_weather_hongkong_2006_2015_ld8_rw1.0_lr0.0001_bs16_fb0.01 on GPU slot 7 device=1
Finished run_00049_new_npz_data_weather_data_T84_weather_hongkong_2006_2015_ld8_rw0.1_lr0.01_bs32_fb0.01 status=completed val_histogram_distance=0.701263964176178
Started run_00056_new_npz_data_weather_data_T84_weather_hongkong_2006_2015_ld8_rw1.0_lr0.0001_bs16_fb0.001 on GPU slot 1 device=1
Finished run_00050_new_npz_data_weather_data_T84_weather_hongkong_2006_2015_ld8_rw0.1_lr0.01_bs32_fb0.001 status=completed val_histogram_distance=0.6985384821891785
Started run_00057_new_npz_data_weather_data_T84_weather_hongkong_2006_2015_ld8_rw1.0_lr0.0001_bs32_fb0.1 on GPU slot 6 device=1
Finished run_00045_new_npz_data_weather_data_T84_weather_hongkong_2006_2015_ld8_rw0.1_lr0.01_bs16_fb0.1 status=completed val_histogram_distance=0.7459479570388794
Started run_00058_new_npz_data_weather_data_T84_weather_hongkong_2006_2015_ld8_rw1.0_lr0.0001_bs32_fb0.01 on GPU slot 5 device=1
Finished run_00053_new_npz_data_weather_data_T84_weather_hongkong_2006_2015_ld8_rw0.1_lr0.01_bs64_fb0.001 status=completed val_histogram_distance=0.7395409941673279
Started run_00059_new_npz_data_weather_data_T84_weather_hongkong_2006_2015_ld8_rw1.0_lr0.0001_bs32_fb0.001 on GPU slot 0 device=1
Finished run_00046_new_npz_data_weather_data_T84_weather_hongkong_2006_2015_ld8_rw0.1_lr0.01_bs16_fb0.01 status=completed val_histogram_distance=0.6248225569725037
Started run_00060_new_npz_data_weather_data_T84_weather_hongkong_2006_2015_ld8_rw1.0_lr0.0001_bs64_fb0.1 on GPU slot 4 device=1
Finished run_00047_new_npz_data_weather_data_T84_weather_hongkong_2006_2015_ld8_rw0.1_lr0.01_bs16_fb0.001 status=completed val_histogram_distance=0.7336283326148987
Started run_00061_new_npz_data_weather_data_T84_weather_hongkong_2006_2015_ld8_rw1.0_lr0.0001_bs64_fb0.01 on GPU slot 3 device=1
Finished run_00060_new_npz_data_weather_data_T84_weather_hongkong_2006_2015_ld8_rw1.0_lr0.0001_bs64_fb0.1 status=completed val_histogram_distance=0.41452619433403015
Started run_00062_new_npz_data_weather_data_T84_weather_hongkong_2006_2015_ld8_rw1.0_lr0.0001_bs64_fb0.001 on GPU slot 4 device=1
Finished run_00061_new_npz_data_weather_data_T84_weather_hongkong_2006_2015_ld8_rw1.0_lr0.0001_bs64_fb0.01 status=completed val_histogram_distance=0.46653294563293457
Started run_00063_new_npz_data_weather_data_T84_weather_hongkong_2006_2015_ld8_rw1.0_lr0.001_bs16_fb0.1 on GPU slot 3 device=1
Finished run_00057_new_npz_data_weather_data_T84_weather_hongkong_2006_2015_ld8_rw1.0_lr0.0001_bs32_fb0.1 status=completed val_histogram_distance=0.4695427715778351
Started run_00064_new_npz_data_weather_data_T84_weather_hongkong_2006_2015_ld8_rw1.0_lr0.001_bs16_fb0.01 on GPU slot 6 device=1
Finished run_00058_new_npz_data_weather_data_T84_weather_hongkong_2006_2015_ld8_rw1.0_lr0.0001_bs32_fb0.01 status=completed val_histogram_distance=0.5248308181762695
Started run_00065_new_npz_data_weather_data_T84_weather_hongkong_2006_2015_ld8_rw1.0_lr0.001_bs16_fb0.001 on GPU slot 5 device=1
Finished run_00059_new_npz_data_weather_data_T84_weather_hongkong_2006_2015_ld8_rw1.0_lr0.0001_bs32_fb0.001 status=completed val_histogram_distance=0.5242409110069275
Started run_00066_new_npz_data_weather_data_T84_weather_hongkong_2006_2015_ld8_rw1.0_lr0.001_bs32_fb0.1 on GPU slot 0 device=1
Finished run_00062_new_npz_data_weather_data_T84_weather_hongkong_2006_2015_ld8_rw1.0_lr0.0001_bs64_fb0.001 status=completed val_histogram_distance=0.46654045581817627
Started run_00067_new_npz_data_weather_data_T84_weather_hongkong_2006_2015_ld8_rw1.0_lr0.001_bs32_fb0.01 on GPU slot 4 device=1
Finished run_00056_new_npz_data_weather_data_T84_weather_hongkong_2006_2015_ld8_rw1.0_lr0.0001_bs16_fb0.001 status=completed val_histogram_distance=0.45456230640411377
Started run_00068_new_npz_data_weather_data_T84_weather_hongkong_2006_2015_ld8_rw1.0_lr0.001_bs32_fb0.001 on GPU slot 1 device=1
Finished run_00055_new_npz_data_weather_data_T84_weather_hongkong_2006_2015_ld8_rw1.0_lr0.0001_bs16_fb0.01 status=completed val_histogram_distance=0.45598748326301575
Started run_00069_new_npz_data_weather_data_T84_weather_hongkong_2006_2015_ld8_rw1.0_lr0.001_bs64_fb0.1 on GPU slot 7 device=1
Finished run_00054_new_npz_data_weather_data_T84_weather_hongkong_2006_2015_ld8_rw1.0_lr0.0001_bs16_fb0.1 status=completed val_histogram_distance=0.4456512928009033
Started run_00070_new_npz_data_weather_data_T84_weather_hongkong_2006_2015_ld8_rw1.0_lr0.001_bs64_fb0.01 on GPU slot 2 device=1
Finished run_00069_new_npz_data_weather_data_T84_weather_hongkong_2006_2015_ld8_rw1.0_lr0.001_bs64_fb0.1 status=completed val_histogram_distance=0.45131826400756836
Started run_00071_new_npz_data_weather_data_T84_weather_hongkong_2006_2015_ld8_rw1.0_lr0.001_bs64_fb0.001 on GPU slot 7 device=1
Finished run_00070_new_npz_data_weather_data_T84_weather_hongkong_2006_2015_ld8_rw1.0_lr0.001_bs64_fb0.01 status=completed val_histogram_distance=0.533322274684906
Started run_00072_new_npz_data_weather_data_T84_weather_hongkong_2006_2015_ld8_rw1.0_lr0.01_bs16_fb0.1 on GPU slot 2 device=1
Finished run_00066_new_npz_data_weather_data_T84_weather_hongkong_2006_2015_ld8_rw1.0_lr0.001_bs32_fb0.1 status=completed val_histogram_distance=0.48963117599487305
Started run_00073_new_npz_data_weather_data_T84_weather_hongkong_2006_2015_ld8_rw1.0_lr0.01_bs16_fb0.01 on GPU slot 0 device=1
Finished run_00067_new_npz_data_weather_data_T84_weather_hongkong_2006_2015_ld8_rw1.0_lr0.001_bs32_fb0.01 status=completed val_histogram_distance=0.542229175567627
Started run_00074_new_npz_data_weather_data_T84_weather_hongkong_2006_2015_ld8_rw1.0_lr0.01_bs16_fb0.001 on GPU slot 4 device=1
Finished run_00071_new_npz_data_weather_data_T84_weather_hongkong_2006_2015_ld8_rw1.0_lr0.001_bs64_fb0.001 status=completed val_histogram_distance=0.5693773031234741
Started run_00075_new_npz_data_weather_data_T84_weather_hongkong_2006_2015_ld8_rw1.0_lr0.01_bs32_fb0.1 on GPU slot 7 device=1
Finished run_00068_new_npz_data_weather_data_T84_weather_hongkong_2006_2015_ld8_rw1.0_lr0.001_bs32_fb0.001 status=completed val_histogram_distance=0.5706880688667297
Started run_00076_new_npz_data_weather_data_T84_weather_hongkong_2006_2015_ld8_rw1.0_lr0.01_bs32_fb0.01 on GPU slot 1 device=1
Finished run_00063_new_npz_data_weather_data_T84_weather_hongkong_2006_2015_ld8_rw1.0_lr0.001_bs16_fb0.1 status=completed val_histogram_distance=0.5001257061958313
Started run_00077_new_npz_data_weather_data_T84_weather_hongkong_2006_2015_ld8_rw1.0_lr0.01_bs32_fb0.001 on GPU slot 3 device=1
Finished run_00065_new_npz_data_weather_data_T84_weather_hongkong_2006_2015_ld8_rw1.0_lr0.001_bs16_fb0.001 status=completed val_histogram_distance=0.5981394052505493
Started run_00078_new_npz_data_weather_data_T84_weather_hongkong_2006_2015_ld8_rw1.0_lr0.01_bs64_fb0.1 on GPU slot 5 device=1
Finished run_00064_new_npz_data_weather_data_T84_weather_hongkong_2006_2015_ld8_rw1.0_lr0.001_bs16_fb0.01 status=completed val_histogram_distance=0.5693296194076538
Started run_00079_new_npz_data_weather_data_T84_weather_hongkong_2006_2015_ld8_rw1.0_lr0.01_bs64_fb0.01 on GPU slot 6 device=1
Finished run_00075_new_npz_data_weather_data_T84_weather_hongkong_2006_2015_ld8_rw1.0_lr0.01_bs32_fb0.1 status=completed val_histogram_distance=0.6392599940299988
Started run_00080_new_npz_data_weather_data_T84_weather_hongkong_2006_2015_ld8_rw1.0_lr0.01_bs64_fb0.001 on GPU slot 7 device=1
Finished run_00079_new_npz_data_weather_data_T84_weather_hongkong_2006_2015_ld8_rw1.0_lr0.01_bs64_fb0.01 status=completed val_histogram_distance=0.728787362575531
Started run_00081_new_npz_data_weather_data_T84_weather_hongkong_2006_2015_ld8_rw10.0_lr0.0001_bs16_fb0.1 on GPU slot 6 device=1
Finished run_00078_new_npz_data_weather_data_T84_weather_hongkong_2006_2015_ld8_rw1.0_lr0.01_bs64_fb0.1 status=completed val_histogram_distance=0.5178894400596619
Started run_00082_new_npz_data_weather_data_T84_weather_hongkong_2006_2015_ld8_rw10.0_lr0.0001_bs16_fb0.01 on GPU slot 5 device=1
Finished run_00076_new_npz_data_weather_data_T84_weather_hongkong_2006_2015_ld8_rw1.0_lr0.01_bs32_fb0.01 status=completed val_histogram_distance=0.6899216771125793
Started run_00083_new_npz_data_weather_data_T84_weather_hongkong_2006_2015_ld8_rw10.0_lr0.0001_bs16_fb0.001 on GPU slot 1 device=1
Finished run_00077_new_npz_data_weather_data_T84_weather_hongkong_2006_2015_ld8_rw1.0_lr0.01_bs32_fb0.001 status=completed val_histogram_distance=0.698834240436554
Started run_00084_new_npz_data_weather_data_T84_weather_hongkong_2006_2015_ld8_rw10.0_lr0.0001_bs32_fb0.1 on GPU slot 3 device=1
Finished run_00080_new_npz_data_weather_data_T84_weather_hongkong_2006_2015_ld8_rw1.0_lr0.01_bs64_fb0.001 status=completed val_histogram_distance=0.7468900680541992
Started run_00085_new_npz_data_weather_data_T84_weather_hongkong_2006_2015_ld8_rw10.0_lr0.0001_bs32_fb0.01 on GPU slot 7 device=1
Finished run_00072_new_npz_data_weather_data_T84_weather_hongkong_2006_2015_ld8_rw1.0_lr0.01_bs16_fb0.1 status=completed val_histogram_distance=0.7607975006103516
Started run_00086_new_npz_data_weather_data_T84_weather_hongkong_2006_2015_ld8_rw10.0_lr0.0001_bs32_fb0.001 on GPU slot 2 device=1
Finished run_00073_new_npz_data_weather_data_T84_weather_hongkong_2006_2015_ld8_rw1.0_lr0.01_bs16_fb0.01 status=completed val_histogram_distance=0.749535083770752
Started run_00087_new_npz_data_weather_data_T84_weather_hongkong_2006_2015_ld8_rw10.0_lr0.0001_bs64_fb0.1 on GPU slot 0 device=1
Finished run_00074_new_npz_data_weather_data_T84_weather_hongkong_2006_2015_ld8_rw1.0_lr0.01_bs16_fb0.001 status=completed val_histogram_distance=0.750673770904541
Started run_00088_new_npz_data_weather_data_T84_weather_hongkong_2006_2015_ld8_rw10.0_lr0.0001_bs64_fb0.01 on GPU slot 4 device=1
Finished run_00087_new_npz_data_weather_data_T84_weather_hongkong_2006_2015_ld8_rw10.0_lr0.0001_bs64_fb0.1 status=completed val_histogram_distance=0.3752784729003906
Started run_00089_new_npz_data_weather_data_T84_weather_hongkong_2006_2015_ld8_rw10.0_lr0.0001_bs64_fb0.001 on GPU slot 0 device=1
Finished run_00088_new_npz_data_weather_data_T84_weather_hongkong_2006_2015_ld8_rw10.0_lr0.0001_bs64_fb0.01 status=completed val_histogram_distance=0.3743891417980194
Started run_00090_new_npz_data_weather_data_T84_weather_hongkong_2006_2015_ld8_rw10.0_lr0.001_bs16_fb0.1 on GPU slot 4 device=1
Finished run_00084_new_npz_data_weather_data_T84_weather_hongkong_2006_2015_ld8_rw10.0_lr0.0001_bs32_fb0.1 status=completed val_histogram_distance=0.3973188102245331
Started run_00091_new_npz_data_weather_data_T84_weather_hongkong_2006_2015_ld8_rw10.0_lr0.001_bs16_fb0.01 on GPU slot 3 device=1
Finished run_00085_new_npz_data_weather_data_T84_weather_hongkong_2006_2015_ld8_rw10.0_lr0.0001_bs32_fb0.01 status=completed val_histogram_distance=0.3832509517669678
Started run_00092_new_npz_data_weather_data_T84_weather_hongkong_2006_2015_ld8_rw10.0_lr0.001_bs16_fb0.001 on GPU slot 7 device=1
Finished run_00086_new_npz_data_weather_data_T84_weather_hongkong_2006_2015_ld8_rw10.0_lr0.0001_bs32_fb0.001 status=completed val_histogram_distance=0.38451942801475525
Started run_00093_new_npz_data_weather_data_T84_weather_hongkong_2006_2015_ld8_rw10.0_lr0.001_bs32_fb0.1 on GPU slot 2 device=1
Finished run_00089_new_npz_data_weather_data_T84_weather_hongkong_2006_2015_ld8_rw10.0_lr0.0001_bs64_fb0.001 status=completed val_histogram_distance=0.3770965337753296
Started run_00094_new_npz_data_weather_data_T84_weather_hongkong_2006_2015_ld8_rw10.0_lr0.001_bs32_fb0.01 on GPU slot 0 device=1
Finished run_00081_new_npz_data_weather_data_T84_weather_hongkong_2006_2015_ld8_rw10.0_lr0.0001_bs16_fb0.1 status=completed val_histogram_distance=0.42770904302597046
Started run_00095_new_npz_data_weather_data_T84_weather_hongkong_2006_2015_ld8_rw10.0_lr0.001_bs32_fb0.001 on GPU slot 6 device=1
Finished run_00082_new_npz_data_weather_data_T84_weather_hongkong_2006_2015_ld8_rw10.0_lr0.0001_bs16_fb0.01 status=completed val_histogram_distance=0.41396409273147583
Started run_00096_new_npz_data_weather_data_T84_weather_hongkong_2006_2015_ld8_rw10.0_lr0.001_bs64_fb0.1 on GPU slot 5 device=1
Finished run_00083_new_npz_data_weather_data_T84_weather_hongkong_2006_2015_ld8_rw10.0_lr0.0001_bs16_fb0.001 status=completed val_histogram_distance=0.41542261838912964
Started run_00097_new_npz_data_weather_data_T84_weather_hongkong_2006_2015_ld8_rw10.0_lr0.001_bs64_fb0.01 on GPU slot 1 device=1
Finished run_00096_new_npz_data_weather_data_T84_weather_hongkong_2006_2015_ld8_rw10.0_lr0.001_bs64_fb0.1 status=completed val_histogram_distance=0.4372554123401642
Started run_00098_new_npz_data_weather_data_T84_weather_hongkong_2006_2015_ld8_rw10.0_lr0.001_bs64_fb0.001 on GPU slot 5 device=1
Finished run_00093_new_npz_data_weather_data_T84_weather_hongkong_2006_2015_ld8_rw10.0_lr0.001_bs32_fb0.1 status=completed val_histogram_distance=0.4844883978366852
Started run_00099_new_npz_data_weather_data_T84_weather_hongkong_2006_2015_ld8_rw10.0_lr0.01_bs16_fb0.1 on GPU slot 2 device=1
Finished run_00097_new_npz_data_weather_data_T84_weather_hongkong_2006_2015_ld8_rw10.0_lr0.001_bs64_fb0.01 status=completed val_histogram_distance=0.4196118414402008
Started run_00100_new_npz_data_weather_data_T84_weather_hongkong_2006_2015_ld8_rw10.0_lr0.01_bs16_fb0.01 on GPU slot 1 device=1
Finished run_00094_new_npz_data_weather_data_T84_weather_hongkong_2006_2015_ld8_rw10.0_lr0.001_bs32_fb0.01 status=completed val_histogram_distance=0.47699034214019775
Started run_00101_new_npz_data_weather_data_T84_weather_hongkong_2006_2015_ld8_rw10.0_lr0.01_bs16_fb0.001 on GPU slot 0 device=1
Finished run_00095_new_npz_data_weather_data_T84_weather_hongkong_2006_2015_ld8_rw10.0_lr0.001_bs32_fb0.001 status=completed val_histogram_distance=0.47761574387550354
Started run_00102_new_npz_data_weather_data_T84_weather_hongkong_2006_2015_ld8_rw10.0_lr0.01_bs32_fb0.1 on GPU slot 6 device=1
Finished run_00098_new_npz_data_weather_data_T84_weather_hongkong_2006_2015_ld8_rw10.0_lr0.001_bs64_fb0.001 status=completed val_histogram_distance=0.4147515594959259
Started run_00103_new_npz_data_weather_data_T84_weather_hongkong_2006_2015_ld8_rw10.0_lr0.01_bs32_fb0.01 on GPU slot 5 device=1
Finished run_00090_new_npz_data_weather_data_T84_weather_hongkong_2006_2015_ld8_rw10.0_lr0.001_bs16_fb0.1 status=completed val_histogram_distance=0.5201290249824524
Started run_00104_new_npz_data_weather_data_T84_weather_hongkong_2006_2015_ld8_rw10.0_lr0.01_bs32_fb0.001 on GPU slot 4 device=1
Finished run_00092_new_npz_data_weather_data_T84_weather_hongkong_2006_2015_ld8_rw10.0_lr0.001_bs16_fb0.001 status=completed val_histogram_distance=0.5259585380554199
Started run_00105_new_npz_data_weather_data_T84_weather_hongkong_2006_2015_ld8_rw10.0_lr0.01_bs64_fb0.1 on GPU slot 7 device=1
Finished run_00091_new_npz_data_weather_data_T84_weather_hongkong_2006_2015_ld8_rw10.0_lr0.001_bs16_fb0.01 status=completed val_histogram_distance=0.5270833373069763
Started run_00106_new_npz_data_weather_data_T84_weather_hongkong_2006_2015_ld8_rw10.0_lr0.01_bs64_fb0.01 on GPU slot 3 device=1
Finished run_00105_new_npz_data_weather_data_T84_weather_hongkong_2006_2015_ld8_rw10.0_lr0.01_bs64_fb0.1 status=completed val_histogram_distance=0.4888589382171631
Started run_00107_new_npz_data_weather_data_T84_weather_hongkong_2006_2015_ld8_rw10.0_lr0.01_bs64_fb0.001 on GPU slot 7 device=1
Finished run_00106_new_npz_data_weather_data_T84_weather_hongkong_2006_2015_ld8_rw10.0_lr0.01_bs64_fb0.01 status=completed val_histogram_distance=0.4811338186264038
Started run_00108_new_npz_data_weather_data_T84_weather_hongkong_2006_2015_ld16_rw0.01_lr0.0001_bs16_fb0.1 on GPU slot 3 device=1
Finished run_00103_new_npz_data_weather_data_T84_weather_hongkong_2006_2015_ld8_rw10.0_lr0.01_bs32_fb0.01 status=completed val_histogram_distance=0.5128401517868042
Started run_00109_new_npz_data_weather_data_T84_weather_hongkong_2006_2015_ld16_rw0.01_lr0.0001_bs16_fb0.01 on GPU slot 5 device=1
Finished run_00102_new_npz_data_weather_data_T84_weather_hongkong_2006_2015_ld8_rw10.0_lr0.01_bs32_fb0.1 status=completed val_histogram_distance=0.4941176176071167
Started run_00110_new_npz_data_weather_data_T84_weather_hongkong_2006_2015_ld16_rw0.01_lr0.0001_bs16_fb0.001 on GPU slot 6 device=1
Finished run_00104_new_npz_data_weather_data_T84_weather_hongkong_2006_2015_ld8_rw10.0_lr0.01_bs32_fb0.001 status=completed val_histogram_distance=0.5046689510345459
Started run_00111_new_npz_data_weather_data_T84_weather_hongkong_2006_2015_ld16_rw0.01_lr0.0001_bs32_fb0.1 on GPU slot 4 device=1
Finished run_00107_new_npz_data_weather_data_T84_weather_hongkong_2006_2015_ld8_rw10.0_lr0.01_bs64_fb0.001 status=completed val_histogram_distance=0.4867767095565796
Started run_00112_new_npz_data_weather_data_T84_weather_hongkong_2006_2015_ld16_rw0.01_lr0.0001_bs32_fb0.01 on GPU slot 7 device=1
Finished run_00099_new_npz_data_weather_data_T84_weather_hongkong_2006_2015_ld8_rw10.0_lr0.01_bs16_fb0.1 status=completed val_histogram_distance=0.561385452747345
Started run_00113_new_npz_data_weather_data_T84_weather_hongkong_2006_2015_ld16_rw0.01_lr0.0001_bs32_fb0.001 on GPU slot 2 device=1
Finished run_00100_new_npz_data_weather_data_T84_weather_hongkong_2006_2015_ld8_rw10.0_lr0.01_bs16_fb0.01 status=completed val_histogram_distance=0.557773232460022
Started run_00114_new_npz_data_weather_data_T84_weather_hongkong_2006_2015_ld16_rw0.01_lr0.0001_bs64_fb0.1 on GPU slot 1 device=1
Finished run_00101_new_npz_data_weather_data_T84_weather_hongkong_2006_2015_ld8_rw10.0_lr0.01_bs16_fb0.001 status=completed val_histogram_distance=0.5684515237808228
Started run_00115_new_npz_data_weather_data_T84_weather_hongkong_2006_2015_ld16_rw0.01_lr0.0001_bs64_fb0.01 on GPU slot 0 device=1
Finished run_00114_new_npz_data_weather_data_T84_weather_hongkong_2006_2015_ld16_rw0.01_lr0.0001_bs64_fb0.1 status=completed val_histogram_distance=0.4384543001651764
Started run_00116_new_npz_data_weather_data_T84_weather_hongkong_2006_2015_ld16_rw0.01_lr0.0001_bs64_fb0.001 on GPU slot 1 device=1
Finished run_00115_new_npz_data_weather_data_T84_weather_hongkong_2006_2015_ld16_rw0.01_lr0.0001_bs64_fb0.01 status=completed val_histogram_distance=0.4267086088657379
Started run_00117_new_npz_data_weather_data_T84_weather_hongkong_2006_2015_ld16_rw0.01_lr0.001_bs16_fb0.1 on GPU slot 0 device=1
Finished run_00111_new_npz_data_weather_data_T84_weather_hongkong_2006_2015_ld16_rw0.01_lr0.0001_bs32_fb0.1 status=completed val_histogram_distance=0.47971853613853455
Started run_00118_new_npz_data_weather_data_T84_weather_hongkong_2006_2015_ld16_rw0.01_lr0.001_bs16_fb0.01 on GPU slot 4 device=1
Finished run_00112_new_npz_data_weather_data_T84_weather_hongkong_2006_2015_ld16_rw0.01_lr0.0001_bs32_fb0.01 status=completed val_histogram_distance=0.479337602853775
Started run_00119_new_npz_data_weather_data_T84_weather_hongkong_2006_2015_ld16_rw0.01_lr0.001_bs16_fb0.001 on GPU slot 7 device=1
Finished run_00113_new_npz_data_weather_data_T84_weather_hongkong_2006_2015_ld16_rw0.01_lr0.0001_bs32_fb0.001 status=completed val_histogram_distance=0.4848356246948242
Started run_00120_new_npz_data_weather_data_T84_weather_hongkong_2006_2015_ld16_rw0.01_lr0.001_bs32_fb0.1 on GPU slot 2 device=1
Finished run_00116_new_npz_data_weather_data_T84_weather_hongkong_2006_2015_ld16_rw0.01_lr0.0001_bs64_fb0.001 status=completed val_histogram_distance=0.4266452491283417
Started run_00121_new_npz_data_weather_data_T84_weather_hongkong_2006_2015_ld16_rw0.01_lr0.001_bs32_fb0.01 on GPU slot 1 device=1
Finished run_00109_new_npz_data_weather_data_T84_weather_hongkong_2006_2015_ld16_rw0.01_lr0.0001_bs16_fb0.01 status=completed val_histogram_distance=0.4607577621936798
Started run_00122_new_npz_data_weather_data_T84_weather_hongkong_2006_2015_ld16_rw0.01_lr0.001_bs32_fb0.001 on GPU slot 5 device=1
Finished run_00110_new_npz_data_weather_data_T84_weather_hongkong_2006_2015_ld16_rw0.01_lr0.0001_bs16_fb0.001 status=completed val_histogram_distance=0.4609203338623047
Started run_00123_new_npz_data_weather_data_T84_weather_hongkong_2006_2015_ld16_rw0.01_lr0.001_bs64_fb0.1 on GPU slot 6 device=1
Finished run_00108_new_npz_data_weather_data_T84_weather_hongkong_2006_2015_ld16_rw0.01_lr0.0001_bs16_fb0.1 status=completed val_histogram_distance=0.4627431035041809
Started run_00124_new_npz_data_weather_data_T84_weather_hongkong_2006_2015_ld16_rw0.01_lr0.001_bs64_fb0.01 on GPU slot 3 device=1
Finished run_00120_new_npz_data_weather_data_T84_weather_hongkong_2006_2015_ld16_rw0.01_lr0.001_bs32_fb0.1 status=completed val_histogram_distance=0.6729353070259094
Started run_00125_new_npz_data_weather_data_T84_weather_hongkong_2006_2015_ld16_rw0.01_lr0.001_bs64_fb0.001 on GPU slot 2 device=1
Finished run_00123_new_npz_data_weather_data_T84_weather_hongkong_2006_2015_ld16_rw0.01_lr0.001_bs64_fb0.1 status=completed val_histogram_distance=0.6047046780586243
Started run_00126_new_npz_data_weather_data_T84_weather_hongkong_2006_2015_ld16_rw0.01_lr0.01_bs16_fb0.1 on GPU slot 6 device=1
Finished run_00121_new_npz_data_weather_data_T84_weather_hongkong_2006_2015_ld16_rw0.01_lr0.001_bs32_fb0.01 status=completed val_histogram_distance=0.6403610110282898
Started run_00127_new_npz_data_weather_data_T84_weather_hongkong_2006_2015_ld16_rw0.01_lr0.01_bs16_fb0.01 on GPU slot 1 device=1
Finished run_00124_new_npz_data_weather_data_T84_weather_hongkong_2006_2015_ld16_rw0.01_lr0.001_bs64_fb0.01 status=completed val_histogram_distance=0.581845760345459
Started run_00128_new_npz_data_weather_data_T84_weather_hongkong_2006_2015_ld16_rw0.01_lr0.01_bs16_fb0.001 on GPU slot 3 device=1
Finished run_00125_new_npz_data_weather_data_T84_weather_hongkong_2006_2015_ld16_rw0.01_lr0.001_bs64_fb0.001 status=completed val_histogram_distance=0.5671440958976746
Started run_00129_new_npz_data_weather_data_T84_weather_hongkong_2006_2015_ld16_rw0.01_lr0.01_bs32_fb0.1 on GPU slot 2 device=1
Finished run_00122_new_npz_data_weather_data_T84_weather_hongkong_2006_2015_ld16_rw0.01_lr0.001_bs32_fb0.001 status=completed val_histogram_distance=0.6164018511772156
Started run_00130_new_npz_data_weather_data_T84_weather_hongkong_2006_2015_ld16_rw0.01_lr0.01_bs32_fb0.01 on GPU slot 5 device=1
Finished run_00117_new_npz_data_weather_data_T84_weather_hongkong_2006_2015_ld16_rw0.01_lr0.001_bs16_fb0.1 status=completed val_histogram_distance=0.5765611529350281
Started run_00131_new_npz_data_weather_data_T84_weather_hongkong_2006_2015_ld16_rw0.01_lr0.01_bs32_fb0.001 on GPU slot 0 device=1
Finished run_00118_new_npz_data_weather_data_T84_weather_hongkong_2006_2015_ld16_rw0.01_lr0.001_bs16_fb0.01 status=completed val_histogram_distance=0.5721846222877502
Started run_00132_new_npz_data_weather_data_T84_weather_hongkong_2006_2015_ld16_rw0.01_lr0.01_bs64_fb0.1 on GPU slot 4 device=1
Finished run_00119_new_npz_data_weather_data_T84_weather_hongkong_2006_2015_ld16_rw0.01_lr0.001_bs16_fb0.001 status=completed val_histogram_distance=0.5689746141433716
Started run_00133_new_npz_data_weather_data_T84_weather_hongkong_2006_2015_ld16_rw0.01_lr0.01_bs64_fb0.01 on GPU slot 7 device=1
Finished run_00132_new_npz_data_weather_data_T84_weather_hongkong_2006_2015_ld16_rw0.01_lr0.01_bs64_fb0.1 status=completed val_histogram_distance=0.7169572710990906
Started run_00134_new_npz_data_weather_data_T84_weather_hongkong_2006_2015_ld16_rw0.01_lr0.01_bs64_fb0.001 on GPU slot 4 device=1
Finished run_00133_new_npz_data_weather_data_T84_weather_hongkong_2006_2015_ld16_rw0.01_lr0.01_bs64_fb0.01 status=completed val_histogram_distance=0.7660576701164246
Started run_00135_new_npz_data_weather_data_T84_weather_hongkong_2006_2015_ld16_rw0.1_lr0.0001_bs16_fb0.1 on GPU slot 7 device=1
Finished run_00129_new_npz_data_weather_data_T84_weather_hongkong_2006_2015_ld16_rw0.01_lr0.01_bs32_fb0.1 status=completed val_histogram_distance=0.7166984677314758
Started run_00136_new_npz_data_weather_data_T84_weather_hongkong_2006_2015_ld16_rw0.1_lr0.0001_bs16_fb0.01 on GPU slot 2 device=1
Finished run_00130_new_npz_data_weather_data_T84_weather_hongkong_2006_2015_ld16_rw0.01_lr0.01_bs32_fb0.01 status=completed val_histogram_distance=0.7202743887901306
Started run_00137_new_npz_data_weather_data_T84_weather_hongkong_2006_2015_ld16_rw0.1_lr0.0001_bs16_fb0.001 on GPU slot 5 device=1
Finished run_00131_new_npz_data_weather_data_T84_weather_hongkong_2006_2015_ld16_rw0.01_lr0.01_bs32_fb0.001 status=completed val_histogram_distance=0.7189414501190186
Started run_00138_new_npz_data_weather_data_T84_weather_hongkong_2006_2015_ld16_rw0.1_lr0.0001_bs32_fb0.1 on GPU slot 0 device=1
Finished run_00134_new_npz_data_weather_data_T84_weather_hongkong_2006_2015_ld16_rw0.01_lr0.01_bs64_fb0.001 status=completed val_histogram_distance=0.7039332389831543
Started run_00139_new_npz_data_weather_data_T84_weather_hongkong_2006_2015_ld16_rw0.1_lr0.0001_bs32_fb0.01 on GPU slot 4 device=1
Finished run_00126_new_npz_data_weather_data_T84_weather_hongkong_2006_2015_ld16_rw0.01_lr0.01_bs16_fb0.1 status=completed val_histogram_distance=0.6481459736824036
Started run_00140_new_npz_data_weather_data_T84_weather_hongkong_2006_2015_ld16_rw0.1_lr0.0001_bs32_fb0.001 on GPU slot 6 device=1
Finished run_00127_new_npz_data_weather_data_T84_weather_hongkong_2006_2015_ld16_rw0.01_lr0.01_bs16_fb0.01 status=completed val_histogram_distance=0.6675947308540344
Started run_00141_new_npz_data_weather_data_T84_weather_hongkong_2006_2015_ld16_rw0.1_lr0.0001_bs64_fb0.1 on GPU slot 1 device=1
Finished run_00128_new_npz_data_weather_data_T84_weather_hongkong_2006_2015_ld16_rw0.01_lr0.01_bs16_fb0.001 status=completed val_histogram_distance=0.6525056958198547
Started run_00142_new_npz_data_weather_data_T84_weather_hongkong_2006_2015_ld16_rw0.1_lr0.0001_bs64_fb0.01 on GPU slot 3 device=1
Finished run_00138_new_npz_data_weather_data_T84_weather_hongkong_2006_2015_ld16_rw0.1_lr0.0001_bs32_fb0.1 status=completed val_histogram_distance=0.4364672601222992
Started run_00143_new_npz_data_weather_data_T84_weather_hongkong_2006_2015_ld16_rw0.1_lr0.0001_bs64_fb0.001 on GPU slot 0 device=1
Finished run_00141_new_npz_data_weather_data_T84_weather_hongkong_2006_2015_ld16_rw0.1_lr0.0001_bs64_fb0.1 status=completed val_histogram_distance=0.37350115180015564
Started run_00144_new_npz_data_weather_data_T84_weather_hongkong_2006_2015_ld16_rw0.1_lr0.001_bs16_fb0.1 on GPU slot 1 device=1
Finished run_00142_new_npz_data_weather_data_T84_weather_hongkong_2006_2015_ld16_rw0.1_lr0.0001_bs64_fb0.01 status=completed val_histogram_distance=0.42507681250572205
Started run_00145_new_npz_data_weather_data_T84_weather_hongkong_2006_2015_ld16_rw0.1_lr0.001_bs16_fb0.01 on GPU slot 3 device=1
Finished run_00139_new_npz_data_weather_data_T84_weather_hongkong_2006_2015_ld16_rw0.1_lr0.0001_bs32_fb0.01 status=completed val_histogram_distance=0.4800090789794922
Started run_00146_new_npz_data_weather_data_T84_weather_hongkong_2006_2015_ld16_rw0.1_lr0.001_bs16_fb0.001 on GPU slot 4 device=1
Finished run_00140_new_npz_data_weather_data_T84_weather_hongkong_2006_2015_ld16_rw0.1_lr0.0001_bs32_fb0.001 status=completed val_histogram_distance=0.489850789308548
Started run_00147_new_npz_data_weather_data_T84_weather_hongkong_2006_2015_ld16_rw0.1_lr0.001_bs32_fb0.1 on GPU slot 6 device=1
Finished run_00143_new_npz_data_weather_data_T84_weather_hongkong_2006_2015_ld16_rw0.1_lr0.0001_bs64_fb0.001 status=completed val_histogram_distance=0.4323258697986603
Started run_00148_new_npz_data_weather_data_T84_weather_hongkong_2006_2015_ld16_rw0.1_lr0.001_bs32_fb0.01 on GPU slot 0 device=1
Finished run_00135_new_npz_data_weather_data_T84_weather_hongkong_2006_2015_ld16_rw0.1_lr0.0001_bs16_fb0.1 status=completed val_histogram_distance=0.41839322447776794
Started run_00149_new_npz_data_weather_data_T84_weather_hongkong_2006_2015_ld16_rw0.1_lr0.001_bs32_fb0.001 on GPU slot 7 device=1
Finished run_00136_new_npz_data_weather_data_T84_weather_hongkong_2006_2015_ld16_rw0.1_lr0.0001_bs16_fb0.01 status=completed val_histogram_distance=0.45539411902427673
Started run_00150_new_npz_data_weather_data_T84_weather_hongkong_2006_2015_ld16_rw0.1_lr0.001_bs64_fb0.1 on GPU slot 2 device=1
Finished run_00137_new_npz_data_weather_data_T84_weather_hongkong_2006_2015_ld16_rw0.1_lr0.0001_bs16_fb0.001 status=completed val_histogram_distance=0.46363958716392517
Started run_00151_new_npz_data_weather_data_T84_weather_hongkong_2006_2015_ld16_rw0.1_lr0.001_bs64_fb0.01 on GPU slot 5 device=1
Finished run_00150_new_npz_data_weather_data_T84_weather_hongkong_2006_2015_ld16_rw0.1_lr0.001_bs64_fb0.1 status=completed val_histogram_distance=0.43919646739959717
Started run_00152_new_npz_data_weather_data_T84_weather_hongkong_2006_2015_ld16_rw0.1_lr0.001_bs64_fb0.001 on GPU slot 2 device=1
Finished run_00147_new_npz_data_weather_data_T84_weather_hongkong_2006_2015_ld16_rw0.1_lr0.001_bs32_fb0.1 status=completed val_histogram_distance=0.4702894985675812
Started run_00153_new_npz_data_weather_data_T84_weather_hongkong_2006_2015_ld16_rw0.1_lr0.01_bs16_fb0.1 on GPU slot 6 device=1
Finished run_00151_new_npz_data_weather_data_T84_weather_hongkong_2006_2015_ld16_rw0.1_lr0.001_bs64_fb0.01 status=completed val_histogram_distance=0.5221382975578308
Started run_00154_new_npz_data_weather_data_T84_weather_hongkong_2006_2015_ld16_rw0.1_lr0.01_bs16_fb0.01 on GPU slot 5 device=1
Finished run_00148_new_npz_data_weather_data_T84_weather_hongkong_2006_2015_ld16_rw0.1_lr0.001_bs32_fb0.01 status=completed val_histogram_distance=0.6325441598892212
Started run_00155_new_npz_data_weather_data_T84_weather_hongkong_2006_2015_ld16_rw0.1_lr0.01_bs16_fb0.001 on GPU slot 0 device=1
Finished run_00149_new_npz_data_weather_data_T84_weather_hongkong_2006_2015_ld16_rw0.1_lr0.001_bs32_fb0.001 status=completed val_histogram_distance=0.5955233573913574
Started run_00156_new_npz_data_weather_data_T84_weather_hongkong_2006_2015_ld16_rw0.1_lr0.01_bs32_fb0.1 on GPU slot 7 device=1
Finished run_00152_new_npz_data_weather_data_T84_weather_hongkong_2006_2015_ld16_rw0.1_lr0.001_bs64_fb0.001 status=completed val_histogram_distance=0.5960163474082947
Started run_00157_new_npz_data_weather_data_T84_weather_hongkong_2006_2015_ld16_rw0.1_lr0.01_bs32_fb0.01 on GPU slot 2 device=1
Finished run_00144_new_npz_data_weather_data_T84_weather_hongkong_2006_2015_ld16_rw0.1_lr0.001_bs16_fb0.1 status=completed val_histogram_distance=0.5067815184593201
Started run_00158_new_npz_data_weather_data_T84_weather_hongkong_2006_2015_ld16_rw0.1_lr0.01_bs32_fb0.001 on GPU slot 1 device=1
Finished run_00145_new_npz_data_weather_data_T84_weather_hongkong_2006_2015_ld16_rw0.1_lr0.001_bs16_fb0.01 status=completed val_histogram_distance=0.5181067585945129
Started run_00159_new_npz_data_weather_data_T84_weather_hongkong_2006_2015_ld16_rw0.1_lr0.01_bs64_fb0.1 on GPU slot 3 device=1
Finished run_00146_new_npz_data_weather_data_T84_weather_hongkong_2006_2015_ld16_rw0.1_lr0.001_bs16_fb0.001 status=completed val_histogram_distance=0.481670618057251
Started run_00160_new_npz_data_weather_data_T84_weather_hongkong_2006_2015_ld16_rw0.1_lr0.01_bs64_fb0.01 on GPU slot 4 device=1
Finished run_00159_new_npz_data_weather_data_T84_weather_hongkong_2006_2015_ld16_rw0.1_lr0.01_bs64_fb0.1 status=completed val_histogram_distance=0.7668057084083557
Started run_00161_new_npz_data_weather_data_T84_weather_hongkong_2006_2015_ld16_rw0.1_lr0.01_bs64_fb0.001 on GPU slot 3 device=1
Finished run_00160_new_npz_data_weather_data_T84_weather_hongkong_2006_2015_ld16_rw0.1_lr0.01_bs64_fb0.01 status=completed val_histogram_distance=0.7628045678138733
Started run_00162_new_npz_data_weather_data_T84_weather_hongkong_2006_2015_ld16_rw1.0_lr0.0001_bs16_fb0.1 on GPU slot 4 device=1
Finished run_00156_new_npz_data_weather_data_T84_weather_hongkong_2006_2015_ld16_rw0.1_lr0.01_bs32_fb0.1 status=completed val_histogram_distance=0.7224197387695312
Started run_00163_new_npz_data_weather_data_T84_weather_hongkong_2006_2015_ld16_rw1.0_lr0.0001_bs16_fb0.01 on GPU slot 7 device=1
Finished run_00157_new_npz_data_weather_data_T84_weather_hongkong_2006_2015_ld16_rw0.1_lr0.01_bs32_fb0.01 status=completed val_histogram_distance=0.7233515381813049
Started run_00164_new_npz_data_weather_data_T84_weather_hongkong_2006_2015_ld16_rw1.0_lr0.0001_bs16_fb0.001 on GPU slot 2 device=1
Finished run_00158_new_npz_data_weather_data_T84_weather_hongkong_2006_2015_ld16_rw0.1_lr0.01_bs32_fb0.001 status=completed val_histogram_distance=0.7315919995307922
Started run_00165_new_npz_data_weather_data_T84_weather_hongkong_2006_2015_ld16_rw1.0_lr0.0001_bs32_fb0.1 on GPU slot 1 device=1
Finished run_00161_new_npz_data_weather_data_T84_weather_hongkong_2006_2015_ld16_rw0.1_lr0.01_bs64_fb0.001 status=completed val_histogram_distance=0.8036207556724548
Started run_00166_new_npz_data_weather_data_T84_weather_hongkong_2006_2015_ld16_rw1.0_lr0.0001_bs32_fb0.01 on GPU slot 3 device=1
Finished run_00153_new_npz_data_weather_data_T84_weather_hongkong_2006_2015_ld16_rw0.1_lr0.01_bs16_fb0.1 status=completed val_histogram_distance=0.725617527961731
Started run_00167_new_npz_data_weather_data_T84_weather_hongkong_2006_2015_ld16_rw1.0_lr0.0001_bs32_fb0.001 on GPU slot 6 device=1
Finished run_00154_new_npz_data_weather_data_T84_weather_hongkong_2006_2015_ld16_rw0.1_lr0.01_bs16_fb0.01 status=completed val_histogram_distance=0.7269641160964966
Started run_00168_new_npz_data_weather_data_T84_weather_hongkong_2006_2015_ld16_rw1.0_lr0.0001_bs64_fb0.1 on GPU slot 5 device=1
Finished run_00155_new_npz_data_weather_data_T84_weather_hongkong_2006_2015_ld16_rw0.1_lr0.01_bs16_fb0.001 status=completed val_histogram_distance=0.6120175719261169
Started run_00169_new_npz_data_weather_data_T84_weather_hongkong_2006_2015_ld16_rw1.0_lr0.0001_bs64_fb0.01 on GPU slot 0 device=1
Finished run_00165_new_npz_data_weather_data_T84_weather_hongkong_2006_2015_ld16_rw1.0_lr0.0001_bs32_fb0.1 status=completed val_histogram_distance=0.43014630675315857
Started run_00170_new_npz_data_weather_data_T84_weather_hongkong_2006_2015_ld16_rw1.0_lr0.0001_bs64_fb0.001 on GPU slot 1 device=1
Finished run_00168_new_npz_data_weather_data_T84_weather_hongkong_2006_2015_ld16_rw1.0_lr0.0001_bs64_fb0.1 status=completed val_histogram_distance=0.387262225151062
Started run_00171_new_npz_data_weather_data_T84_weather_hongkong_2006_2015_ld16_rw1.0_lr0.001_bs16_fb0.1 on GPU slot 5 device=1
Finished run_00166_new_npz_data_weather_data_T84_weather_hongkong_2006_2015_ld16_rw1.0_lr0.0001_bs32_fb0.01 status=completed val_histogram_distance=0.47647571563720703
Started run_00172_new_npz_data_weather_data_T84_weather_hongkong_2006_2015_ld16_rw1.0_lr0.001_bs16_fb0.01 on GPU slot 3 device=1
Finished run_00169_new_npz_data_weather_data_T84_weather_hongkong_2006_2015_ld16_rw1.0_lr0.0001_bs64_fb0.01 status=completed val_histogram_distance=0.4207618534564972
Started run_00173_new_npz_data_weather_data_T84_weather_hongkong_2006_2015_ld16_rw1.0_lr0.001_bs16_fb0.001 on GPU slot 0 device=1
Finished run_00167_new_npz_data_weather_data_T84_weather_hongkong_2006_2015_ld16_rw1.0_lr0.0001_bs32_fb0.001 status=completed val_histogram_distance=0.4764907658100128
Started run_00174_new_npz_data_weather_data_T84_weather_hongkong_2006_2015_ld16_rw1.0_lr0.001_bs32_fb0.1 on GPU slot 6 device=1
Finished run_00170_new_npz_data_weather_data_T84_weather_hongkong_2006_2015_ld16_rw1.0_lr0.0001_bs64_fb0.001 status=completed val_histogram_distance=0.42789390683174133
Started run_00175_new_npz_data_weather_data_T84_weather_hongkong_2006_2015_ld16_rw1.0_lr0.001_bs32_fb0.01 on GPU slot 1 device=1
Finished run_00162_new_npz_data_weather_data_T84_weather_hongkong_2006_2015_ld16_rw1.0_lr0.0001_bs16_fb0.1 status=completed val_histogram_distance=0.41593003273010254
Started run_00176_new_npz_data_weather_data_T84_weather_hongkong_2006_2015_ld16_rw1.0_lr0.001_bs32_fb0.001 on GPU slot 4 device=1
Finished run_00163_new_npz_data_weather_data_T84_weather_hongkong_2006_2015_ld16_rw1.0_lr0.0001_bs16_fb0.01 status=completed val_histogram_distance=0.4655899405479431
Started run_00177_new_npz_data_weather_data_T84_weather_hongkong_2006_2015_ld16_rw1.0_lr0.001_bs64_fb0.1 on GPU slot 7 device=1
Finished run_00164_new_npz_data_weather_data_T84_weather_hongkong_2006_2015_ld16_rw1.0_lr0.0001_bs16_fb0.001 status=completed val_histogram_distance=0.4679107964038849
Started run_00178_new_npz_data_weather_data_T84_weather_hongkong_2006_2015_ld16_rw1.0_lr0.001_bs64_fb0.01 on GPU slot 2 device=1
Finished run_00174_new_npz_data_weather_data_T84_weather_hongkong_2006_2015_ld16_rw1.0_lr0.001_bs32_fb0.1 status=completed val_histogram_distance=0.46593591570854187
Started run_00179_new_npz_data_weather_data_T84_weather_hongkong_2006_2015_ld16_rw1.0_lr0.001_bs64_fb0.001 on GPU slot 6 device=1
Finished run_00178_new_npz_data_weather_data_T84_weather_hongkong_2006_2015_ld16_rw1.0_lr0.001_bs64_fb0.01 status=completed val_histogram_distance=0.4991125166416168
Started run_00180_new_npz_data_weather_data_T84_weather_hongkong_2006_2015_ld16_rw1.0_lr0.01_bs16_fb0.1 on GPU slot 2 device=1
Finished run_00177_new_npz_data_weather_data_T84_weather_hongkong_2006_2015_ld16_rw1.0_lr0.001_bs64_fb0.1 status=completed val_histogram_distance=0.4365033805370331
Started run_00181_new_npz_data_weather_data_T84_weather_hongkong_2006_2015_ld16_rw1.0_lr0.01_bs16_fb0.01 on GPU slot 7 device=1
Finished run_00175_new_npz_data_weather_data_T84_weather_hongkong_2006_2015_ld16_rw1.0_lr0.001_bs32_fb0.01 status=completed val_histogram_distance=0.5067221522331238
Started run_00182_new_npz_data_weather_data_T84_weather_hongkong_2006_2015_ld16_rw1.0_lr0.01_bs16_fb0.001 on GPU slot 1 device=1
Finished run_00176_new_npz_data_weather_data_T84_weather_hongkong_2006_2015_ld16_rw1.0_lr0.001_bs32_fb0.001 status=completed val_histogram_distance=0.5784128308296204
Started run_00183_new_npz_data_weather_data_T84_weather_hongkong_2006_2015_ld16_rw1.0_lr0.01_bs32_fb0.1 on GPU slot 4 device=1
Finished run_00179_new_npz_data_weather_data_T84_weather_hongkong_2006_2015_ld16_rw1.0_lr0.001_bs64_fb0.001 status=completed val_histogram_distance=0.5452870726585388
Started run_00184_new_npz_data_weather_data_T84_weather_hongkong_2006_2015_ld16_rw1.0_lr0.01_bs32_fb0.01 on GPU slot 6 device=1
Finished run_00171_new_npz_data_weather_data_T84_weather_hongkong_2006_2015_ld16_rw1.0_lr0.001_bs16_fb0.1 status=completed val_histogram_distance=0.4748438596725464
Started run_00185_new_npz_data_weather_data_T84_weather_hongkong_2006_2015_ld16_rw1.0_lr0.01_bs32_fb0.001 on GPU slot 5 device=1
Finished run_00173_new_npz_data_weather_data_T84_weather_hongkong_2006_2015_ld16_rw1.0_lr0.001_bs16_fb0.001 status=completed val_histogram_distance=0.4569155275821686
Started run_00186_new_npz_data_weather_data_T84_weather_hongkong_2006_2015_ld16_rw1.0_lr0.01_bs64_fb0.1 on GPU slot 0 device=1
Finished run_00172_new_npz_data_weather_data_T84_weather_hongkong_2006_2015_ld16_rw1.0_lr0.001_bs16_fb0.01 status=completed val_histogram_distance=0.4640713036060333
Started run_00187_new_npz_data_weather_data_T84_weather_hongkong_2006_2015_ld16_rw1.0_lr0.01_bs64_fb0.01 on GPU slot 3 device=1
Finished run_00186_new_npz_data_weather_data_T84_weather_hongkong_2006_2015_ld16_rw1.0_lr0.01_bs64_fb0.1 status=completed val_histogram_distance=0.7346041798591614
Started run_00188_new_npz_data_weather_data_T84_weather_hongkong_2006_2015_ld16_rw1.0_lr0.01_bs64_fb0.001 on GPU slot 0 device=1
Finished run_00187_new_npz_data_weather_data_T84_weather_hongkong_2006_2015_ld16_rw1.0_lr0.01_bs64_fb0.01 status=completed val_histogram_distance=0.6424077153205872
Started run_00189_new_npz_data_weather_data_T84_weather_hongkong_2006_2015_ld16_rw10.0_lr0.0001_bs16_fb0.1 on GPU slot 3 device=1
Finished run_00183_new_npz_data_weather_data_T84_weather_hongkong_2006_2015_ld16_rw1.0_lr0.01_bs32_fb0.1 status=completed val_histogram_distance=0.6907021403312683
Started run_00190_new_npz_data_weather_data_T84_weather_hongkong_2006_2015_ld16_rw10.0_lr0.0001_bs16_fb0.01 on GPU slot 4 device=1
Finished run_00184_new_npz_data_weather_data_T84_weather_hongkong_2006_2015_ld16_rw1.0_lr0.01_bs32_fb0.01 status=completed val_histogram_distance=0.7315821647644043
Started run_00191_new_npz_data_weather_data_T84_weather_hongkong_2006_2015_ld16_rw10.0_lr0.0001_bs16_fb0.001 on GPU slot 6 device=1
Finished run_00185_new_npz_data_weather_data_T84_weather_hongkong_2006_2015_ld16_rw1.0_lr0.01_bs32_fb0.001 status=completed val_histogram_distance=0.7300533652305603
Started run_00192_new_npz_data_weather_data_T84_weather_hongkong_2006_2015_ld16_rw10.0_lr0.0001_bs32_fb0.1 on GPU slot 5 device=1
Finished run_00188_new_npz_data_weather_data_T84_weather_hongkong_2006_2015_ld16_rw1.0_lr0.01_bs64_fb0.001 status=completed val_histogram_distance=0.7327080368995667
Started run_00193_new_npz_data_weather_data_T84_weather_hongkong_2006_2015_ld16_rw10.0_lr0.0001_bs32_fb0.01 on GPU slot 0 device=1
Finished run_00180_new_npz_data_weather_data_T84_weather_hongkong_2006_2015_ld16_rw1.0_lr0.01_bs16_fb0.1 status=completed val_histogram_distance=0.7226560711860657
Started run_00194_new_npz_data_weather_data_T84_weather_hongkong_2006_2015_ld16_rw10.0_lr0.0001_bs32_fb0.001 on GPU slot 2 device=1
Finished run_00181_new_npz_data_weather_data_T84_weather_hongkong_2006_2015_ld16_rw1.0_lr0.01_bs16_fb0.01 status=completed val_histogram_distance=0.7312204837799072
Started run_00195_new_npz_data_weather_data_T84_weather_hongkong_2006_2015_ld16_rw10.0_lr0.0001_bs64_fb0.1 on GPU slot 7 device=1
Finished run_00182_new_npz_data_weather_data_T84_weather_hongkong_2006_2015_ld16_rw1.0_lr0.01_bs16_fb0.001 status=completed val_histogram_distance=0.7354878187179565
Started run_00196_new_npz_data_weather_data_T84_weather_hongkong_2006_2015_ld16_rw10.0_lr0.0001_bs64_fb0.01 on GPU slot 1 device=1
Finished run_00195_new_npz_data_weather_data_T84_weather_hongkong_2006_2015_ld16_rw10.0_lr0.0001_bs64_fb0.1 status=completed val_histogram_distance=0.38903284072875977
Started run_00197_new_npz_data_weather_data_T84_weather_hongkong_2006_2015_ld16_rw10.0_lr0.0001_bs64_fb0.001 on GPU slot 7 device=1
Finished run_00196_new_npz_data_weather_data_T84_weather_hongkong_2006_2015_ld16_rw10.0_lr0.0001_bs64_fb0.01 status=completed val_histogram_distance=0.3743468225002289
Started run_00198_new_npz_data_weather_data_T84_weather_hongkong_2006_2015_ld16_rw10.0_lr0.001_bs16_fb0.1 on GPU slot 1 device=1
Finished run_00192_new_npz_data_weather_data_T84_weather_hongkong_2006_2015_ld16_rw10.0_lr0.0001_bs32_fb0.1 status=completed val_histogram_distance=0.4303925335407257
Started run_00199_new_npz_data_weather_data_T84_weather_hongkong_2006_2015_ld16_rw10.0_lr0.001_bs16_fb0.01 on GPU slot 5 device=1
Finished run_00193_new_npz_data_weather_data_T84_weather_hongkong_2006_2015_ld16_rw10.0_lr0.0001_bs32_fb0.01 status=completed val_histogram_distance=0.41778895258903503
Started run_00200_new_npz_data_weather_data_T84_weather_hongkong_2006_2015_ld16_rw10.0_lr0.001_bs16_fb0.001 on GPU slot 0 device=1
Finished run_00194_new_npz_data_weather_data_T84_weather_hongkong_2006_2015_ld16_rw10.0_lr0.0001_bs32_fb0.001 status=completed val_histogram_distance=0.41876420378685
Started run_00201_new_npz_data_weather_data_T84_weather_hongkong_2006_2015_ld16_rw10.0_lr0.001_bs32_fb0.1 on GPU slot 2 device=1
Finished run_00197_new_npz_data_weather_data_T84_weather_hongkong_2006_2015_ld16_rw10.0_lr0.0001_bs64_fb0.001 status=completed val_histogram_distance=0.3736903667449951
Started run_00202_new_npz_data_weather_data_T84_weather_hongkong_2006_2015_ld16_rw10.0_lr0.001_bs32_fb0.01 on GPU slot 7 device=1
Finished run_00189_new_npz_data_weather_data_T84_weather_hongkong_2006_2015_ld16_rw10.0_lr0.0001_bs16_fb0.1 status=completed val_histogram_distance=0.4189034700393677
Started run_00203_new_npz_data_weather_data_T84_weather_hongkong_2006_2015_ld16_rw10.0_lr0.001_bs32_fb0.001 on GPU slot 3 device=1
Finished run_00190_new_npz_data_weather_data_T84_weather_hongkong_2006_2015_ld16_rw10.0_lr0.0001_bs16_fb0.01 status=completed val_histogram_distance=0.4075911045074463
Started run_00204_new_npz_data_weather_data_T84_weather_hongkong_2006_2015_ld16_rw10.0_lr0.001_bs64_fb0.1 on GPU slot 4 device=1
Finished run_00191_new_npz_data_weather_data_T84_weather_hongkong_2006_2015_ld16_rw10.0_lr0.0001_bs16_fb0.001 status=completed val_histogram_distance=0.4091005027294159
Started run_00205_new_npz_data_weather_data_T84_weather_hongkong_2006_2015_ld16_rw10.0_lr0.001_bs64_fb0.01 on GPU slot 6 device=1
Finished run_00201_new_npz_data_weather_data_T84_weather_hongkong_2006_2015_ld16_rw10.0_lr0.001_bs32_fb0.1 status=completed val_histogram_distance=0.4724658727645874
Started run_00206_new_npz_data_weather_data_T84_weather_hongkong_2006_2015_ld16_rw10.0_lr0.001_bs64_fb0.001 on GPU slot 2 device=1
Finished run_00204_new_npz_data_weather_data_T84_weather_hongkong_2006_2015_ld16_rw10.0_lr0.001_bs64_fb0.1 status=completed val_histogram_distance=0.44862887263298035
Started run_00207_new_npz_data_weather_data_T84_weather_hongkong_2006_2015_ld16_rw10.0_lr0.01_bs16_fb0.1 on GPU slot 4 device=1
Finished run_00205_new_npz_data_weather_data_T84_weather_hongkong_2006_2015_ld16_rw10.0_lr0.001_bs64_fb0.01 status=completed val_histogram_distance=0.40303006768226624
Started run_00208_new_npz_data_weather_data_T84_weather_hongkong_2006_2015_ld16_rw10.0_lr0.01_bs16_fb0.01 on GPU slot 6 device=1
Finished run_00202_new_npz_data_weather_data_T84_weather_hongkong_2006_2015_ld16_rw10.0_lr0.001_bs32_fb0.01 status=completed val_histogram_distance=0.4496475160121918
Started run_00209_new_npz_data_weather_data_T84_weather_hongkong_2006_2015_ld16_rw10.0_lr0.01_bs16_fb0.001 on GPU slot 7 device=1
Finished run_00203_new_npz_data_weather_data_T84_weather_hongkong_2006_2015_ld16_rw10.0_lr0.001_bs32_fb0.001 status=completed val_histogram_distance=0.4501045048236847
Started run_00210_new_npz_data_weather_data_T84_weather_hongkong_2006_2015_ld16_rw10.0_lr0.01_bs32_fb0.1 on GPU slot 3 device=1
Finished run_00206_new_npz_data_weather_data_T84_weather_hongkong_2006_2015_ld16_rw10.0_lr0.001_bs64_fb0.001 status=completed val_histogram_distance=0.4106096923351288
Started run_00211_new_npz_data_weather_data_T84_weather_hongkong_2006_2015_ld16_rw10.0_lr0.01_bs32_fb0.01 on GPU slot 2 device=1
Finished run_00199_new_npz_data_weather_data_T84_weather_hongkong_2006_2015_ld16_rw10.0_lr0.001_bs16_fb0.01 status=completed val_histogram_distance=0.4938526451587677
Started run_00212_new_npz_data_weather_data_T84_weather_hongkong_2006_2015_ld16_rw10.0_lr0.01_bs32_fb0.001 on GPU slot 5 device=1
Finished run_00198_new_npz_data_weather_data_T84_weather_hongkong_2006_2015_ld16_rw10.0_lr0.001_bs16_fb0.1 status=completed val_histogram_distance=0.5173534154891968
Started run_00213_new_npz_data_weather_data_T84_weather_hongkong_2006_2015_ld16_rw10.0_lr0.01_bs64_fb0.1 on GPU slot 1 device=1
Finished run_00200_new_npz_data_weather_data_T84_weather_hongkong_2006_2015_ld16_rw10.0_lr0.001_bs16_fb0.001 status=completed val_histogram_distance=0.5058488249778748
Started run_00214_new_npz_data_weather_data_T84_weather_hongkong_2006_2015_ld16_rw10.0_lr0.01_bs64_fb0.01 on GPU slot 0 device=1
Finished run_00213_new_npz_data_weather_data_T84_weather_hongkong_2006_2015_ld16_rw10.0_lr0.01_bs64_fb0.1 status=completed val_histogram_distance=0.7434102892875671
Started run_00215_new_npz_data_weather_data_T84_weather_hongkong_2006_2015_ld16_rw10.0_lr0.01_bs64_fb0.001 on GPU slot 1 device=1
Finished run_00210_new_npz_data_weather_data_T84_weather_hongkong_2006_2015_ld16_rw10.0_lr0.01_bs32_fb0.1 status=completed val_histogram_distance=0.7459396719932556
Finished run_00214_new_npz_data_weather_data_T84_weather_hongkong_2006_2015_ld16_rw10.0_lr0.01_bs64_fb0.01 status=completed val_histogram_distance=0.7446325421333313
Finished run_00211_new_npz_data_weather_data_T84_weather_hongkong_2006_2015_ld16_rw10.0_lr0.01_bs32_fb0.01 status=completed val_histogram_distance=0.7238051295280457
Finished run_00215_new_npz_data_weather_data_T84_weather_hongkong_2006_2015_ld16_rw10.0_lr0.01_bs64_fb0.001 status=completed val_histogram_distance=0.7371786236763
Finished run_00212_new_npz_data_weather_data_T84_weather_hongkong_2006_2015_ld16_rw10.0_lr0.01_bs32_fb0.001 status=completed val_histogram_distance=0.7338409423828125
Finished run_00207_new_npz_data_weather_data_T84_weather_hongkong_2006_2015_ld16_rw10.0_lr0.01_bs16_fb0.1 status=completed val_histogram_distance=0.7270213961601257
Finished run_00208_new_npz_data_weather_data_T84_weather_hongkong_2006_2015_ld16_rw10.0_lr0.01_bs16_fb0.01 status=completed val_histogram_distance=0.6513809561729431
Finished run_00209_new_npz_data_weather_data_T84_weather_hongkong_2006_2015_ld16_rw10.0_lr0.01_bs16_fb0.001 status=completed val_histogram_distance=0.6738908886909485
Best run: run_00141_new_npz_data_weather_data_T84_weather_hongkong_2006_2015_ld16_rw0.1_lr0.0001_bs64_fb0.1 val_histogram_distance=0.37350115180015564
