nohup: ignoring input
Prepared 216 jobs in /data/jinyuli/Projects/timeVAE/outputs/hpo/20260530_022557_weather_london_2006_2015
Started run_00000_new_npz_data_weather_data_T84_weather_london_2006_2015_ld8_rw0.01_lr0.0001_bs16_fb0.1 on GPU slot 0 device=0
Started run_00001_new_npz_data_weather_data_T84_weather_london_2006_2015_ld8_rw0.01_lr0.0001_bs16_fb0.01 on GPU slot 1 device=0
Started run_00002_new_npz_data_weather_data_T84_weather_london_2006_2015_ld8_rw0.01_lr0.0001_bs16_fb0.001 on GPU slot 2 device=0
Started run_00003_new_npz_data_weather_data_T84_weather_london_2006_2015_ld8_rw0.01_lr0.0001_bs32_fb0.1 on GPU slot 3 device=0
Finished run_00003_new_npz_data_weather_data_T84_weather_london_2006_2015_ld8_rw0.01_lr0.0001_bs32_fb0.1 status=completed val_histogram_distance=0.39023613929748535
Started run_00004_new_npz_data_weather_data_T84_weather_london_2006_2015_ld8_rw0.01_lr0.0001_bs32_fb0.01 on GPU slot 3 device=0
Finished run_00000_new_npz_data_weather_data_T84_weather_london_2006_2015_ld8_rw0.01_lr0.0001_bs16_fb0.1 status=completed val_histogram_distance=0.46901437640190125
Started run_00005_new_npz_data_weather_data_T84_weather_london_2006_2015_ld8_rw0.01_lr0.0001_bs32_fb0.001 on GPU slot 0 device=0
Finished run_00001_new_npz_data_weather_data_T84_weather_london_2006_2015_ld8_rw0.01_lr0.0001_bs16_fb0.01 status=completed val_histogram_distance=0.459711492061615
Started run_00006_new_npz_data_weather_data_T84_weather_london_2006_2015_ld8_rw0.01_lr0.0001_bs64_fb0.1 on GPU slot 1 device=0
Finished run_00002_new_npz_data_weather_data_T84_weather_london_2006_2015_ld8_rw0.01_lr0.0001_bs16_fb0.001 status=completed val_histogram_distance=0.4565892815589905
Started run_00007_new_npz_data_weather_data_T84_weather_london_2006_2015_ld8_rw0.01_lr0.0001_bs64_fb0.01 on GPU slot 2 device=0
Finished run_00004_new_npz_data_weather_data_T84_weather_london_2006_2015_ld8_rw0.01_lr0.0001_bs32_fb0.01 status=completed val_histogram_distance=0.37253138422966003
Started run_00008_new_npz_data_weather_data_T84_weather_london_2006_2015_ld8_rw0.01_lr0.0001_bs64_fb0.001 on GPU slot 3 device=0
Finished run_00006_new_npz_data_weather_data_T84_weather_london_2006_2015_ld8_rw0.01_lr0.0001_bs64_fb0.1 status=completed val_histogram_distance=0.37292930483818054
Started run_00009_new_npz_data_weather_data_T84_weather_london_2006_2015_ld8_rw0.01_lr0.001_bs16_fb0.1 on GPU slot 1 device=0
Finished run_00007_new_npz_data_weather_data_T84_weather_london_2006_2015_ld8_rw0.01_lr0.0001_bs64_fb0.01 status=completed val_histogram_distance=0.3574083745479584
Finished run_00008_new_npz_data_weather_data_T84_weather_london_2006_2015_ld8_rw0.01_lr0.0001_bs64_fb0.001 status=completed val_histogram_distance=0.35758766531944275
Started run_00010_new_npz_data_weather_data_T84_weather_london_2006_2015_ld8_rw0.01_lr0.001_bs16_fb0.01 on GPU slot 2 device=0
Started run_00011_new_npz_data_weather_data_T84_weather_london_2006_2015_ld8_rw0.01_lr0.001_bs16_fb0.001 on GPU slot 3 device=0
Finished run_00005_new_npz_data_weather_data_T84_weather_london_2006_2015_ld8_rw0.01_lr0.0001_bs32_fb0.001 status=completed val_histogram_distance=0.3742843568325043
Started run_00012_new_npz_data_weather_data_T84_weather_london_2006_2015_ld8_rw0.01_lr0.001_bs32_fb0.1 on GPU slot 0 device=0
Finished run_00012_new_npz_data_weather_data_T84_weather_london_2006_2015_ld8_rw0.01_lr0.001_bs32_fb0.1 status=completed val_histogram_distance=0.6783509254455566
Started run_00013_new_npz_data_weather_data_T84_weather_london_2006_2015_ld8_rw0.01_lr0.001_bs32_fb0.01 on GPU slot 0 device=0
Finished run_00011_new_npz_data_weather_data_T84_weather_london_2006_2015_ld8_rw0.01_lr0.001_bs16_fb0.001 status=completed val_histogram_distance=0.6103224754333496
Started run_00014_new_npz_data_weather_data_T84_weather_london_2006_2015_ld8_rw0.01_lr0.001_bs32_fb0.001 on GPU slot 3 device=0
Finished run_00010_new_npz_data_weather_data_T84_weather_london_2006_2015_ld8_rw0.01_lr0.001_bs16_fb0.01 status=completed val_histogram_distance=0.6192898750305176
Started run_00015_new_npz_data_weather_data_T84_weather_london_2006_2015_ld8_rw0.01_lr0.001_bs64_fb0.1 on GPU slot 2 device=0
Finished run_00009_new_npz_data_weather_data_T84_weather_london_2006_2015_ld8_rw0.01_lr0.001_bs16_fb0.1 status=completed val_histogram_distance=0.6023198962211609
Started run_00016_new_npz_data_weather_data_T84_weather_london_2006_2015_ld8_rw0.01_lr0.001_bs64_fb0.01 on GPU slot 1 device=0
Finished run_00015_new_npz_data_weather_data_T84_weather_london_2006_2015_ld8_rw0.01_lr0.001_bs64_fb0.1 status=completed val_histogram_distance=0.6410613656044006
Started run_00017_new_npz_data_weather_data_T84_weather_london_2006_2015_ld8_rw0.01_lr0.001_bs64_fb0.001 on GPU slot 2 device=0
Finished run_00013_new_npz_data_weather_data_T84_weather_london_2006_2015_ld8_rw0.01_lr0.001_bs32_fb0.01 status=completed val_histogram_distance=0.6663646697998047
Started run_00018_new_npz_data_weather_data_T84_weather_london_2006_2015_ld8_rw0.01_lr0.01_bs16_fb0.1 on GPU slot 0 device=0
Finished run_00016_new_npz_data_weather_data_T84_weather_london_2006_2015_ld8_rw0.01_lr0.001_bs64_fb0.01 status=completed val_histogram_distance=0.6237537264823914
Started run_00019_new_npz_data_weather_data_T84_weather_london_2006_2015_ld8_rw0.01_lr0.01_bs16_fb0.01 on GPU slot 1 device=0
Finished run_00014_new_npz_data_weather_data_T84_weather_london_2006_2015_ld8_rw0.01_lr0.001_bs32_fb0.001 status=completed val_histogram_distance=0.6462071537971497
Started run_00020_new_npz_data_weather_data_T84_weather_london_2006_2015_ld8_rw0.01_lr0.01_bs16_fb0.001 on GPU slot 3 device=0
Finished run_00017_new_npz_data_weather_data_T84_weather_london_2006_2015_ld8_rw0.01_lr0.001_bs64_fb0.001 status=completed val_histogram_distance=0.6032729744911194
Started run_00021_new_npz_data_weather_data_T84_weather_london_2006_2015_ld8_rw0.01_lr0.01_bs32_fb0.1 on GPU slot 2 device=0
Finished run_00021_new_npz_data_weather_data_T84_weather_london_2006_2015_ld8_rw0.01_lr0.01_bs32_fb0.1 status=completed val_histogram_distance=0.6988617777824402
Started run_00022_new_npz_data_weather_data_T84_weather_london_2006_2015_ld8_rw0.01_lr0.01_bs32_fb0.01 on GPU slot 2 device=0
Finished run_00019_new_npz_data_weather_data_T84_weather_london_2006_2015_ld8_rw0.01_lr0.01_bs16_fb0.01 status=completed val_histogram_distance=0.5821410417556763
Started run_00023_new_npz_data_weather_data_T84_weather_london_2006_2015_ld8_rw0.01_lr0.01_bs32_fb0.001 on GPU slot 1 device=0
Finished run_00018_new_npz_data_weather_data_T84_weather_london_2006_2015_ld8_rw0.01_lr0.01_bs16_fb0.1 status=completed val_histogram_distance=0.5736912488937378
Started run_00024_new_npz_data_weather_data_T84_weather_london_2006_2015_ld8_rw0.01_lr0.01_bs64_fb0.1 on GPU slot 0 device=0
Finished run_00020_new_npz_data_weather_data_T84_weather_london_2006_2015_ld8_rw0.01_lr0.01_bs16_fb0.001 status=completed val_histogram_distance=0.6398163437843323
Started run_00025_new_npz_data_weather_data_T84_weather_london_2006_2015_ld8_rw0.01_lr0.01_bs64_fb0.01 on GPU slot 3 device=0
Finished run_00024_new_npz_data_weather_data_T84_weather_london_2006_2015_ld8_rw0.01_lr0.01_bs64_fb0.1 status=completed val_histogram_distance=0.7362415790557861
Started run_00026_new_npz_data_weather_data_T84_weather_london_2006_2015_ld8_rw0.01_lr0.01_bs64_fb0.001 on GPU slot 0 device=0
Finished run_00022_new_npz_data_weather_data_T84_weather_london_2006_2015_ld8_rw0.01_lr0.01_bs32_fb0.01 status=completed val_histogram_distance=0.7411476969718933
Started run_00027_new_npz_data_weather_data_T84_weather_london_2006_2015_ld8_rw0.1_lr0.0001_bs16_fb0.1 on GPU slot 2 device=0
Finished run_00025_new_npz_data_weather_data_T84_weather_london_2006_2015_ld8_rw0.01_lr0.01_bs64_fb0.01 status=completed val_histogram_distance=0.7746092677116394
Started run_00028_new_npz_data_weather_data_T84_weather_london_2006_2015_ld8_rw0.1_lr0.0001_bs16_fb0.01 on GPU slot 3 device=0
Finished run_00023_new_npz_data_weather_data_T84_weather_london_2006_2015_ld8_rw0.01_lr0.01_bs32_fb0.001 status=completed val_histogram_distance=0.7657853960990906
Started run_00029_new_npz_data_weather_data_T84_weather_london_2006_2015_ld8_rw0.1_lr0.0001_bs16_fb0.001 on GPU slot 1 device=0
Finished run_00026_new_npz_data_weather_data_T84_weather_london_2006_2015_ld8_rw0.01_lr0.01_bs64_fb0.001 status=completed val_histogram_distance=0.7736647129058838
Started run_00030_new_npz_data_weather_data_T84_weather_london_2006_2015_ld8_rw0.1_lr0.0001_bs32_fb0.1 on GPU slot 0 device=0
Finished run_00030_new_npz_data_weather_data_T84_weather_london_2006_2015_ld8_rw0.1_lr0.0001_bs32_fb0.1 status=completed val_histogram_distance=0.42552614212036133
Started run_00031_new_npz_data_weather_data_T84_weather_london_2006_2015_ld8_rw0.1_lr0.0001_bs32_fb0.01 on GPU slot 0 device=0
Finished run_00027_new_npz_data_weather_data_T84_weather_london_2006_2015_ld8_rw0.1_lr0.0001_bs16_fb0.1 status=completed val_histogram_distance=0.5095469355583191
Started run_00032_new_npz_data_weather_data_T84_weather_london_2006_2015_ld8_rw0.1_lr0.0001_bs32_fb0.001 on GPU slot 2 device=0
Finished run_00028_new_npz_data_weather_data_T84_weather_london_2006_2015_ld8_rw0.1_lr0.0001_bs16_fb0.01 status=completed val_histogram_distance=0.4812481999397278
Started run_00033_new_npz_data_weather_data_T84_weather_london_2006_2015_ld8_rw0.1_lr0.0001_bs64_fb0.1 on GPU slot 3 device=0
Finished run_00031_new_npz_data_weather_data_T84_weather_london_2006_2015_ld8_rw0.1_lr0.0001_bs32_fb0.01 status=completed val_histogram_distance=0.41602540016174316
Started run_00034_new_npz_data_weather_data_T84_weather_london_2006_2015_ld8_rw0.1_lr0.0001_bs64_fb0.01 on GPU slot 0 device=0
Finished run_00029_new_npz_data_weather_data_T84_weather_london_2006_2015_ld8_rw0.1_lr0.0001_bs16_fb0.001 status=completed val_histogram_distance=0.47460171580314636
Started run_00035_new_npz_data_weather_data_T84_weather_london_2006_2015_ld8_rw0.1_lr0.0001_bs64_fb0.001 on GPU slot 1 device=0
Finished run_00033_new_npz_data_weather_data_T84_weather_london_2006_2015_ld8_rw0.1_lr0.0001_bs64_fb0.1 status=completed val_histogram_distance=0.4137265980243683
Started run_00036_new_npz_data_weather_data_T84_weather_london_2006_2015_ld8_rw0.1_lr0.001_bs16_fb0.1 on GPU slot 3 device=0
Finished run_00034_new_npz_data_weather_data_T84_weather_london_2006_2015_ld8_rw0.1_lr0.0001_bs64_fb0.01 status=completed val_histogram_distance=0.40478479862213135
Started run_00037_new_npz_data_weather_data_T84_weather_london_2006_2015_ld8_rw0.1_lr0.001_bs16_fb0.01 on GPU slot 0 device=0
Finished run_00035_new_npz_data_weather_data_T84_weather_london_2006_2015_ld8_rw0.1_lr0.0001_bs64_fb0.001 status=completed val_histogram_distance=0.39662614464759827
Started run_00038_new_npz_data_weather_data_T84_weather_london_2006_2015_ld8_rw0.1_lr0.001_bs16_fb0.001 on GPU slot 1 device=0
Finished run_00032_new_npz_data_weather_data_T84_weather_london_2006_2015_ld8_rw0.1_lr0.0001_bs32_fb0.001 status=completed val_histogram_distance=0.4109995365142822
Started run_00039_new_npz_data_weather_data_T84_weather_london_2006_2015_ld8_rw0.1_lr0.001_bs32_fb0.1 on GPU slot 2 device=0
Finished run_00039_new_npz_data_weather_data_T84_weather_london_2006_2015_ld8_rw0.1_lr0.001_bs32_fb0.1 status=completed val_histogram_distance=0.5224445462226868
Started run_00040_new_npz_data_weather_data_T84_weather_london_2006_2015_ld8_rw0.1_lr0.001_bs32_fb0.01 on GPU slot 2 device=0
Finished run_00038_new_npz_data_weather_data_T84_weather_london_2006_2015_ld8_rw0.1_lr0.001_bs16_fb0.001 status=completed val_histogram_distance=0.5558776259422302
Started run_00041_new_npz_data_weather_data_T84_weather_london_2006_2015_ld8_rw0.1_lr0.001_bs32_fb0.001 on GPU slot 1 device=0
Finished run_00036_new_npz_data_weather_data_T84_weather_london_2006_2015_ld8_rw0.1_lr0.001_bs16_fb0.1 status=completed val_histogram_distance=0.5463085174560547
Started run_00042_new_npz_data_weather_data_T84_weather_london_2006_2015_ld8_rw0.1_lr0.001_bs64_fb0.1 on GPU slot 3 device=0
Finished run_00037_new_npz_data_weather_data_T84_weather_london_2006_2015_ld8_rw0.1_lr0.001_bs16_fb0.01 status=completed val_histogram_distance=0.5532367825508118
Started run_00043_new_npz_data_weather_data_T84_weather_london_2006_2015_ld8_rw0.1_lr0.001_bs64_fb0.01 on GPU slot 0 device=0
Finished run_00040_new_npz_data_weather_data_T84_weather_london_2006_2015_ld8_rw0.1_lr0.001_bs32_fb0.01 status=completed val_histogram_distance=0.630987823009491
Started run_00044_new_npz_data_weather_data_T84_weather_london_2006_2015_ld8_rw0.1_lr0.001_bs64_fb0.001 on GPU slot 2 device=0
Finished run_00043_new_npz_data_weather_data_T84_weather_london_2006_2015_ld8_rw0.1_lr0.001_bs64_fb0.01 status=completed val_histogram_distance=0.6264433264732361
Started run_00045_new_npz_data_weather_data_T84_weather_london_2006_2015_ld8_rw0.1_lr0.01_bs16_fb0.1 on GPU slot 0 device=0
Finished run_00042_new_npz_data_weather_data_T84_weather_london_2006_2015_ld8_rw0.1_lr0.001_bs64_fb0.1 status=completed val_histogram_distance=0.5424087643623352
Started run_00046_new_npz_data_weather_data_T84_weather_london_2006_2015_ld8_rw0.1_lr0.01_bs16_fb0.01 on GPU slot 3 device=0
Finished run_00044_new_npz_data_weather_data_T84_weather_london_2006_2015_ld8_rw0.1_lr0.001_bs64_fb0.001 status=completed val_histogram_distance=0.6060599684715271
Started run_00047_new_npz_data_weather_data_T84_weather_london_2006_2015_ld8_rw0.1_lr0.01_bs16_fb0.001 on GPU slot 2 device=0
Finished run_00041_new_npz_data_weather_data_T84_weather_london_2006_2015_ld8_rw0.1_lr0.001_bs32_fb0.001 status=completed val_histogram_distance=0.6503012180328369
Started run_00048_new_npz_data_weather_data_T84_weather_london_2006_2015_ld8_rw0.1_lr0.01_bs32_fb0.1 on GPU slot 1 device=0
Finished run_00048_new_npz_data_weather_data_T84_weather_london_2006_2015_ld8_rw0.1_lr0.01_bs32_fb0.1 status=completed val_histogram_distance=0.7336947917938232
Started run_00049_new_npz_data_weather_data_T84_weather_london_2006_2015_ld8_rw0.1_lr0.01_bs32_fb0.01 on GPU slot 1 device=0
Finished run_00045_new_npz_data_weather_data_T84_weather_london_2006_2015_ld8_rw0.1_lr0.01_bs16_fb0.1 status=completed val_histogram_distance=0.762785792350769
Started run_00050_new_npz_data_weather_data_T84_weather_london_2006_2015_ld8_rw0.1_lr0.01_bs32_fb0.001 on GPU slot 0 device=0
Finished run_00046_new_npz_data_weather_data_T84_weather_london_2006_2015_ld8_rw0.1_lr0.01_bs16_fb0.01 status=completed val_histogram_distance=0.773409366607666
Started run_00051_new_npz_data_weather_data_T84_weather_london_2006_2015_ld8_rw0.1_lr0.01_bs64_fb0.1 on GPU slot 3 device=0
Finished run_00047_new_npz_data_weather_data_T84_weather_london_2006_2015_ld8_rw0.1_lr0.01_bs16_fb0.001 status=completed val_histogram_distance=0.7589508295059204
Started run_00052_new_npz_data_weather_data_T84_weather_london_2006_2015_ld8_rw0.1_lr0.01_bs64_fb0.01 on GPU slot 2 device=0
Finished run_00049_new_npz_data_weather_data_T84_weather_london_2006_2015_ld8_rw0.1_lr0.01_bs32_fb0.01 status=completed val_histogram_distance=0.7392078042030334
Started run_00053_new_npz_data_weather_data_T84_weather_london_2006_2015_ld8_rw0.1_lr0.01_bs64_fb0.001 on GPU slot 1 device=0
Finished run_00051_new_npz_data_weather_data_T84_weather_london_2006_2015_ld8_rw0.1_lr0.01_bs64_fb0.1 status=completed val_histogram_distance=0.7524092197418213
Started run_00054_new_npz_data_weather_data_T84_weather_london_2006_2015_ld8_rw1.0_lr0.0001_bs16_fb0.1 on GPU slot 3 device=0
Finished run_00052_new_npz_data_weather_data_T84_weather_london_2006_2015_ld8_rw0.1_lr0.01_bs64_fb0.01 status=completed val_histogram_distance=0.7467604279518127
Started run_00055_new_npz_data_weather_data_T84_weather_london_2006_2015_ld8_rw1.0_lr0.0001_bs16_fb0.01 on GPU slot 2 device=0
Finished run_00053_new_npz_data_weather_data_T84_weather_london_2006_2015_ld8_rw0.1_lr0.01_bs64_fb0.001 status=completed val_histogram_distance=0.7359172701835632
Started run_00056_new_npz_data_weather_data_T84_weather_london_2006_2015_ld8_rw1.0_lr0.0001_bs16_fb0.001 on GPU slot 1 device=0
Finished run_00050_new_npz_data_weather_data_T84_weather_london_2006_2015_ld8_rw0.1_lr0.01_bs32_fb0.001 status=completed val_histogram_distance=0.7025174498558044
Started run_00057_new_npz_data_weather_data_T84_weather_london_2006_2015_ld8_rw1.0_lr0.0001_bs32_fb0.1 on GPU slot 0 device=0
Finished run_00057_new_npz_data_weather_data_T84_weather_london_2006_2015_ld8_rw1.0_lr0.0001_bs32_fb0.1 status=completed val_histogram_distance=0.4898277819156647
Started run_00058_new_npz_data_weather_data_T84_weather_london_2006_2015_ld8_rw1.0_lr0.0001_bs32_fb0.01 on GPU slot 0 device=0
Finished run_00054_new_npz_data_weather_data_T84_weather_london_2006_2015_ld8_rw1.0_lr0.0001_bs16_fb0.1 status=completed val_histogram_distance=0.5094470977783203
Started run_00059_new_npz_data_weather_data_T84_weather_london_2006_2015_ld8_rw1.0_lr0.0001_bs32_fb0.001 on GPU slot 3 device=0
Finished run_00055_new_npz_data_weather_data_T84_weather_london_2006_2015_ld8_rw1.0_lr0.0001_bs16_fb0.01 status=completed val_histogram_distance=0.45678332448005676
Started run_00060_new_npz_data_weather_data_T84_weather_london_2006_2015_ld8_rw1.0_lr0.0001_bs64_fb0.1 on GPU slot 2 device=0
Finished run_00056_new_npz_data_weather_data_T84_weather_london_2006_2015_ld8_rw1.0_lr0.0001_bs16_fb0.001 status=completed val_histogram_distance=0.45126259326934814
Started run_00061_new_npz_data_weather_data_T84_weather_london_2006_2015_ld8_rw1.0_lr0.0001_bs64_fb0.01 on GPU slot 1 device=0
Finished run_00058_new_npz_data_weather_data_T84_weather_london_2006_2015_ld8_rw1.0_lr0.0001_bs32_fb0.01 status=completed val_histogram_distance=0.47874507308006287
Started run_00062_new_npz_data_weather_data_T84_weather_london_2006_2015_ld8_rw1.0_lr0.0001_bs64_fb0.001 on GPU slot 0 device=0
Finished run_00060_new_npz_data_weather_data_T84_weather_london_2006_2015_ld8_rw1.0_lr0.0001_bs64_fb0.1 status=completed val_histogram_distance=0.3859814405441284
Started run_00063_new_npz_data_weather_data_T84_weather_london_2006_2015_ld8_rw1.0_lr0.001_bs16_fb0.1 on GPU slot 2 device=0
Finished run_00061_new_npz_data_weather_data_T84_weather_london_2006_2015_ld8_rw1.0_lr0.0001_bs64_fb0.01 status=completed val_histogram_distance=0.3682720363140106
Started run_00064_new_npz_data_weather_data_T84_weather_london_2006_2015_ld8_rw1.0_lr0.001_bs16_fb0.01 on GPU slot 1 device=0
Finished run_00062_new_npz_data_weather_data_T84_weather_london_2006_2015_ld8_rw1.0_lr0.0001_bs64_fb0.001 status=completed val_histogram_distance=0.3677713871002197
Started run_00065_new_npz_data_weather_data_T84_weather_london_2006_2015_ld8_rw1.0_lr0.001_bs16_fb0.001 on GPU slot 0 device=0
Finished run_00059_new_npz_data_weather_data_T84_weather_london_2006_2015_ld8_rw1.0_lr0.0001_bs32_fb0.001 status=completed val_histogram_distance=0.47969725728034973
Started run_00066_new_npz_data_weather_data_T84_weather_london_2006_2015_ld8_rw1.0_lr0.001_bs32_fb0.1 on GPU slot 3 device=0
Finished run_00066_new_npz_data_weather_data_T84_weather_london_2006_2015_ld8_rw1.0_lr0.001_bs32_fb0.1 status=completed val_histogram_distance=0.5346637964248657
Started run_00067_new_npz_data_weather_data_T84_weather_london_2006_2015_ld8_rw1.0_lr0.001_bs32_fb0.01 on GPU slot 3 device=0
Finished run_00063_new_npz_data_weather_data_T84_weather_london_2006_2015_ld8_rw1.0_lr0.001_bs16_fb0.1 status=completed val_histogram_distance=0.5103436708450317
Started run_00068_new_npz_data_weather_data_T84_weather_london_2006_2015_ld8_rw1.0_lr0.001_bs32_fb0.001 on GPU slot 2 device=0
Finished run_00064_new_npz_data_weather_data_T84_weather_london_2006_2015_ld8_rw1.0_lr0.001_bs16_fb0.01 status=completed val_histogram_distance=0.5079655051231384
Started run_00069_new_npz_data_weather_data_T84_weather_london_2006_2015_ld8_rw1.0_lr0.001_bs64_fb0.1 on GPU slot 1 device=0
Finished run_00067_new_npz_data_weather_data_T84_weather_london_2006_2015_ld8_rw1.0_lr0.001_bs32_fb0.01 status=completed val_histogram_distance=0.6433426141738892
Started run_00070_new_npz_data_weather_data_T84_weather_london_2006_2015_ld8_rw1.0_lr0.001_bs64_fb0.01 on GPU slot 3 device=0
Finished run_00065_new_npz_data_weather_data_T84_weather_london_2006_2015_ld8_rw1.0_lr0.001_bs16_fb0.001 status=completed val_histogram_distance=0.502009391784668
Started run_00071_new_npz_data_weather_data_T84_weather_london_2006_2015_ld8_rw1.0_lr0.001_bs64_fb0.001 on GPU slot 0 device=0
Finished run_00069_new_npz_data_weather_data_T84_weather_london_2006_2015_ld8_rw1.0_lr0.001_bs64_fb0.1 status=completed val_histogram_distance=0.5068241953849792
Started run_00072_new_npz_data_weather_data_T84_weather_london_2006_2015_ld8_rw1.0_lr0.01_bs16_fb0.1 on GPU slot 1 device=0
Finished run_00070_new_npz_data_weather_data_T84_weather_london_2006_2015_ld8_rw1.0_lr0.001_bs64_fb0.01 status=completed val_histogram_distance=0.6125493049621582
Started run_00073_new_npz_data_weather_data_T84_weather_london_2006_2015_ld8_rw1.0_lr0.01_bs16_fb0.01 on GPU slot 3 device=0
Finished run_00071_new_npz_data_weather_data_T84_weather_london_2006_2015_ld8_rw1.0_lr0.001_bs64_fb0.001 status=completed val_histogram_distance=0.6106573343276978
Started run_00074_new_npz_data_weather_data_T84_weather_london_2006_2015_ld8_rw1.0_lr0.01_bs16_fb0.001 on GPU slot 0 device=0
Finished run_00068_new_npz_data_weather_data_T84_weather_london_2006_2015_ld8_rw1.0_lr0.001_bs32_fb0.001 status=completed val_histogram_distance=0.6435382962226868
Started run_00075_new_npz_data_weather_data_T84_weather_london_2006_2015_ld8_rw1.0_lr0.01_bs32_fb0.1 on GPU slot 2 device=0
Finished run_00075_new_npz_data_weather_data_T84_weather_london_2006_2015_ld8_rw1.0_lr0.01_bs32_fb0.1 status=completed val_histogram_distance=0.7657516598701477
Started run_00076_new_npz_data_weather_data_T84_weather_london_2006_2015_ld8_rw1.0_lr0.01_bs32_fb0.01 on GPU slot 2 device=0
Finished run_00072_new_npz_data_weather_data_T84_weather_london_2006_2015_ld8_rw1.0_lr0.01_bs16_fb0.1 status=completed val_histogram_distance=0.5996755957603455
Started run_00077_new_npz_data_weather_data_T84_weather_london_2006_2015_ld8_rw1.0_lr0.01_bs32_fb0.001 on GPU slot 1 device=0
Finished run_00073_new_npz_data_weather_data_T84_weather_london_2006_2015_ld8_rw1.0_lr0.01_bs16_fb0.01 status=completed val_histogram_distance=0.7859371304512024
Started run_00078_new_npz_data_weather_data_T84_weather_london_2006_2015_ld8_rw1.0_lr0.01_bs64_fb0.1 on GPU slot 3 device=0
Finished run_00074_new_npz_data_weather_data_T84_weather_london_2006_2015_ld8_rw1.0_lr0.01_bs16_fb0.001 status=completed val_histogram_distance=0.7823942303657532
Started run_00079_new_npz_data_weather_data_T84_weather_london_2006_2015_ld8_rw1.0_lr0.01_bs64_fb0.01 on GPU slot 0 device=0
Finished run_00076_new_npz_data_weather_data_T84_weather_london_2006_2015_ld8_rw1.0_lr0.01_bs32_fb0.01 status=completed val_histogram_distance=0.7586442828178406
Started run_00080_new_npz_data_weather_data_T84_weather_london_2006_2015_ld8_rw1.0_lr0.01_bs64_fb0.001 on GPU slot 2 device=0
Finished run_00078_new_npz_data_weather_data_T84_weather_london_2006_2015_ld8_rw1.0_lr0.01_bs64_fb0.1 status=completed val_histogram_distance=0.7657732963562012
Started run_00081_new_npz_data_weather_data_T84_weather_london_2006_2015_ld8_rw10.0_lr0.0001_bs16_fb0.1 on GPU slot 3 device=0
Finished run_00079_new_npz_data_weather_data_T84_weather_london_2006_2015_ld8_rw1.0_lr0.01_bs64_fb0.01 status=completed val_histogram_distance=0.7789855003356934
Started run_00082_new_npz_data_weather_data_T84_weather_london_2006_2015_ld8_rw10.0_lr0.0001_bs16_fb0.01 on GPU slot 0 device=0
Finished run_00080_new_npz_data_weather_data_T84_weather_london_2006_2015_ld8_rw1.0_lr0.01_bs64_fb0.001 status=completed val_histogram_distance=0.7695085406303406
Started run_00083_new_npz_data_weather_data_T84_weather_london_2006_2015_ld8_rw10.0_lr0.0001_bs16_fb0.001 on GPU slot 2 device=0
Finished run_00077_new_npz_data_weather_data_T84_weather_london_2006_2015_ld8_rw1.0_lr0.01_bs32_fb0.001 status=completed val_histogram_distance=0.757899284362793
Started run_00084_new_npz_data_weather_data_T84_weather_london_2006_2015_ld8_rw10.0_lr0.0001_bs32_fb0.1 on GPU slot 1 device=0
Finished run_00084_new_npz_data_weather_data_T84_weather_london_2006_2015_ld8_rw10.0_lr0.0001_bs32_fb0.1 status=completed val_histogram_distance=0.4536874294281006
Started run_00085_new_npz_data_weather_data_T84_weather_london_2006_2015_ld8_rw10.0_lr0.0001_bs32_fb0.01 on GPU slot 1 device=0
Finished run_00081_new_npz_data_weather_data_T84_weather_london_2006_2015_ld8_rw10.0_lr0.0001_bs16_fb0.1 status=completed val_histogram_distance=0.48267439007759094
Started run_00086_new_npz_data_weather_data_T84_weather_london_2006_2015_ld8_rw10.0_lr0.0001_bs32_fb0.001 on GPU slot 3 device=0
Finished run_00082_new_npz_data_weather_data_T84_weather_london_2006_2015_ld8_rw10.0_lr0.0001_bs16_fb0.01 status=completed val_histogram_distance=0.4587566554546356
Started run_00087_new_npz_data_weather_data_T84_weather_london_2006_2015_ld8_rw10.0_lr0.0001_bs64_fb0.1 on GPU slot 0 device=0
Finished run_00083_new_npz_data_weather_data_T84_weather_london_2006_2015_ld8_rw10.0_lr0.0001_bs16_fb0.001 status=completed val_histogram_distance=0.4593362510204315
Started run_00088_new_npz_data_weather_data_T84_weather_london_2006_2015_ld8_rw10.0_lr0.0001_bs64_fb0.01 on GPU slot 2 device=0
Finished run_00085_new_npz_data_weather_data_T84_weather_london_2006_2015_ld8_rw10.0_lr0.0001_bs32_fb0.01 status=completed val_histogram_distance=0.42696285247802734
Started run_00089_new_npz_data_weather_data_T84_weather_london_2006_2015_ld8_rw10.0_lr0.0001_bs64_fb0.001 on GPU slot 1 device=0
Finished run_00087_new_npz_data_weather_data_T84_weather_london_2006_2015_ld8_rw10.0_lr0.0001_bs64_fb0.1 status=completed val_histogram_distance=0.4250069856643677
Started run_00090_new_npz_data_weather_data_T84_weather_london_2006_2015_ld8_rw10.0_lr0.001_bs16_fb0.1 on GPU slot 0 device=0
Finished run_00088_new_npz_data_weather_data_T84_weather_london_2006_2015_ld8_rw10.0_lr0.0001_bs64_fb0.01 status=completed val_histogram_distance=0.4093698561191559
Started run_00091_new_npz_data_weather_data_T84_weather_london_2006_2015_ld8_rw10.0_lr0.001_bs16_fb0.01 on GPU slot 2 device=0
Finished run_00086_new_npz_data_weather_data_T84_weather_london_2006_2015_ld8_rw10.0_lr0.0001_bs32_fb0.001 status=completed val_histogram_distance=0.4252896308898926
Started run_00092_new_npz_data_weather_data_T84_weather_london_2006_2015_ld8_rw10.0_lr0.001_bs16_fb0.001 on GPU slot 3 device=0
Finished run_00089_new_npz_data_weather_data_T84_weather_london_2006_2015_ld8_rw10.0_lr0.0001_bs64_fb0.001 status=completed val_histogram_distance=0.41019126772880554
Started run_00093_new_npz_data_weather_data_T84_weather_london_2006_2015_ld8_rw10.0_lr0.001_bs32_fb0.1 on GPU slot 1 device=0
Finished run_00093_new_npz_data_weather_data_T84_weather_london_2006_2015_ld8_rw10.0_lr0.001_bs32_fb0.1 status=completed val_histogram_distance=0.5113157629966736
Started run_00094_new_npz_data_weather_data_T84_weather_london_2006_2015_ld8_rw10.0_lr0.001_bs32_fb0.01 on GPU slot 1 device=0
Finished run_00090_new_npz_data_weather_data_T84_weather_london_2006_2015_ld8_rw10.0_lr0.001_bs16_fb0.1 status=completed val_histogram_distance=0.5370425581932068
Started run_00095_new_npz_data_weather_data_T84_weather_london_2006_2015_ld8_rw10.0_lr0.001_bs32_fb0.001 on GPU slot 0 device=0
Finished run_00091_new_npz_data_weather_data_T84_weather_london_2006_2015_ld8_rw10.0_lr0.001_bs16_fb0.01 status=completed val_histogram_distance=0.5312085151672363
Started run_00096_new_npz_data_weather_data_T84_weather_london_2006_2015_ld8_rw10.0_lr0.001_bs64_fb0.1 on GPU slot 2 device=0
Finished run_00092_new_npz_data_weather_data_T84_weather_london_2006_2015_ld8_rw10.0_lr0.001_bs16_fb0.001 status=completed val_histogram_distance=0.5335190892219543
Started run_00097_new_npz_data_weather_data_T84_weather_london_2006_2015_ld8_rw10.0_lr0.001_bs64_fb0.01 on GPU slot 3 device=0
Finished run_00094_new_npz_data_weather_data_T84_weather_london_2006_2015_ld8_rw10.0_lr0.001_bs32_fb0.01 status=completed val_histogram_distance=0.523762583732605
Started run_00098_new_npz_data_weather_data_T84_weather_london_2006_2015_ld8_rw10.0_lr0.001_bs64_fb0.001 on GPU slot 1 device=0
Finished run_00097_new_npz_data_weather_data_T84_weather_london_2006_2015_ld8_rw10.0_lr0.001_bs64_fb0.01 status=completed val_histogram_distance=0.5045060515403748
Started run_00099_new_npz_data_weather_data_T84_weather_london_2006_2015_ld8_rw10.0_lr0.01_bs16_fb0.1 on GPU slot 3 device=0
Finished run_00096_new_npz_data_weather_data_T84_weather_london_2006_2015_ld8_rw10.0_lr0.001_bs64_fb0.1 status=completed val_histogram_distance=0.5098413825035095
Started run_00100_new_npz_data_weather_data_T84_weather_london_2006_2015_ld8_rw10.0_lr0.01_bs16_fb0.01 on GPU slot 2 device=0
Finished run_00098_new_npz_data_weather_data_T84_weather_london_2006_2015_ld8_rw10.0_lr0.001_bs64_fb0.001 status=completed val_histogram_distance=0.49746108055114746
Started run_00101_new_npz_data_weather_data_T84_weather_london_2006_2015_ld8_rw10.0_lr0.01_bs16_fb0.001 on GPU slot 1 device=0
Finished run_00095_new_npz_data_weather_data_T84_weather_london_2006_2015_ld8_rw10.0_lr0.001_bs32_fb0.001 status=completed val_histogram_distance=0.52635258436203
Started run_00102_new_npz_data_weather_data_T84_weather_london_2006_2015_ld8_rw10.0_lr0.01_bs32_fb0.1 on GPU slot 0 device=0
Finished run_00102_new_npz_data_weather_data_T84_weather_london_2006_2015_ld8_rw10.0_lr0.01_bs32_fb0.1 status=completed val_histogram_distance=0.7200670838356018
Started run_00103_new_npz_data_weather_data_T84_weather_london_2006_2015_ld8_rw10.0_lr0.01_bs32_fb0.01 on GPU slot 0 device=0
Finished run_00100_new_npz_data_weather_data_T84_weather_london_2006_2015_ld8_rw10.0_lr0.01_bs16_fb0.01 status=completed val_histogram_distance=0.7781296372413635
Started run_00104_new_npz_data_weather_data_T84_weather_london_2006_2015_ld8_rw10.0_lr0.01_bs32_fb0.001 on GPU slot 2 device=0
Finished run_00103_new_npz_data_weather_data_T84_weather_london_2006_2015_ld8_rw10.0_lr0.01_bs32_fb0.01 status=completed val_histogram_distance=0.7504961490631104
Started run_00105_new_npz_data_weather_data_T84_weather_london_2006_2015_ld8_rw10.0_lr0.01_bs64_fb0.1 on GPU slot 0 device=0
Finished run_00101_new_npz_data_weather_data_T84_weather_london_2006_2015_ld8_rw10.0_lr0.01_bs16_fb0.001 status=completed val_histogram_distance=0.6005092859268188
Started run_00106_new_npz_data_weather_data_T84_weather_london_2006_2015_ld8_rw10.0_lr0.01_bs64_fb0.01 on GPU slot 1 device=0
Finished run_00099_new_npz_data_weather_data_T84_weather_london_2006_2015_ld8_rw10.0_lr0.01_bs16_fb0.1 status=completed val_histogram_distance=0.5991321206092834
Started run_00107_new_npz_data_weather_data_T84_weather_london_2006_2015_ld8_rw10.0_lr0.01_bs64_fb0.001 on GPU slot 3 device=0
Finished run_00106_new_npz_data_weather_data_T84_weather_london_2006_2015_ld8_rw10.0_lr0.01_bs64_fb0.01 status=completed val_histogram_distance=0.7095472812652588
Started run_00108_new_npz_data_weather_data_T84_weather_london_2006_2015_ld16_rw0.01_lr0.0001_bs16_fb0.1 on GPU slot 1 device=0
Finished run_00105_new_npz_data_weather_data_T84_weather_london_2006_2015_ld8_rw10.0_lr0.01_bs64_fb0.1 status=completed val_histogram_distance=0.7107148170471191
Started run_00109_new_npz_data_weather_data_T84_weather_london_2006_2015_ld16_rw0.01_lr0.0001_bs16_fb0.01 on GPU slot 0 device=0
Finished run_00107_new_npz_data_weather_data_T84_weather_london_2006_2015_ld8_rw10.0_lr0.01_bs64_fb0.001 status=completed val_histogram_distance=0.7081685662269592
Started run_00110_new_npz_data_weather_data_T84_weather_london_2006_2015_ld16_rw0.01_lr0.0001_bs16_fb0.001 on GPU slot 3 device=0
Finished run_00104_new_npz_data_weather_data_T84_weather_london_2006_2015_ld8_rw10.0_lr0.01_bs32_fb0.001 status=completed val_histogram_distance=0.7442965507507324
Started run_00111_new_npz_data_weather_data_T84_weather_london_2006_2015_ld16_rw0.01_lr0.0001_bs32_fb0.1 on GPU slot 2 device=0
Finished run_00111_new_npz_data_weather_data_T84_weather_london_2006_2015_ld16_rw0.01_lr0.0001_bs32_fb0.1 status=completed val_histogram_distance=0.4051206409931183
Started run_00112_new_npz_data_weather_data_T84_weather_london_2006_2015_ld16_rw0.01_lr0.0001_bs32_fb0.01 on GPU slot 2 device=0
Finished run_00109_new_npz_data_weather_data_T84_weather_london_2006_2015_ld16_rw0.01_lr0.0001_bs16_fb0.01 status=completed val_histogram_distance=0.3925918936729431
Started run_00113_new_npz_data_weather_data_T84_weather_london_2006_2015_ld16_rw0.01_lr0.0001_bs32_fb0.001 on GPU slot 0 device=0
Finished run_00108_new_npz_data_weather_data_T84_weather_london_2006_2015_ld16_rw0.01_lr0.0001_bs16_fb0.1 status=completed val_histogram_distance=0.4351320266723633
Started run_00114_new_npz_data_weather_data_T84_weather_london_2006_2015_ld16_rw0.01_lr0.0001_bs64_fb0.1 on GPU slot 1 device=0
Finished run_00112_new_npz_data_weather_data_T84_weather_london_2006_2015_ld16_rw0.01_lr0.0001_bs32_fb0.01 status=completed val_histogram_distance=0.3884424865245819
Started run_00115_new_npz_data_weather_data_T84_weather_london_2006_2015_ld16_rw0.01_lr0.0001_bs64_fb0.01 on GPU slot 2 device=0
Finished run_00110_new_npz_data_weather_data_T84_weather_london_2006_2015_ld16_rw0.01_lr0.0001_bs16_fb0.001 status=completed val_histogram_distance=0.37731072306632996
Started run_00116_new_npz_data_weather_data_T84_weather_london_2006_2015_ld16_rw0.01_lr0.0001_bs64_fb0.001 on GPU slot 3 device=0
Finished run_00114_new_npz_data_weather_data_T84_weather_london_2006_2015_ld16_rw0.01_lr0.0001_bs64_fb0.1 status=completed val_histogram_distance=0.395117849111557
Started run_00117_new_npz_data_weather_data_T84_weather_london_2006_2015_ld16_rw0.01_lr0.001_bs16_fb0.1 on GPU slot 1 device=0
Finished run_00115_new_npz_data_weather_data_T84_weather_london_2006_2015_ld16_rw0.01_lr0.0001_bs64_fb0.01 status=completed val_histogram_distance=0.3645981550216675
Started run_00118_new_npz_data_weather_data_T84_weather_london_2006_2015_ld16_rw0.01_lr0.001_bs16_fb0.01 on GPU slot 2 device=0
Finished run_00116_new_npz_data_weather_data_T84_weather_london_2006_2015_ld16_rw0.01_lr0.0001_bs64_fb0.001 status=completed val_histogram_distance=0.3600497543811798
Started run_00119_new_npz_data_weather_data_T84_weather_london_2006_2015_ld16_rw0.01_lr0.001_bs16_fb0.001 on GPU slot 3 device=0
Finished run_00113_new_npz_data_weather_data_T84_weather_london_2006_2015_ld16_rw0.01_lr0.0001_bs32_fb0.001 status=completed val_histogram_distance=0.3936366140842438
Started run_00120_new_npz_data_weather_data_T84_weather_london_2006_2015_ld16_rw0.01_lr0.001_bs32_fb0.1 on GPU slot 0 device=0
Finished run_00120_new_npz_data_weather_data_T84_weather_london_2006_2015_ld16_rw0.01_lr0.001_bs32_fb0.1 status=completed val_histogram_distance=0.6497104167938232
Started run_00121_new_npz_data_weather_data_T84_weather_london_2006_2015_ld16_rw0.01_lr0.001_bs32_fb0.01 on GPU slot 0 device=0
Finished run_00118_new_npz_data_weather_data_T84_weather_london_2006_2015_ld16_rw0.01_lr0.001_bs16_fb0.01 status=completed val_histogram_distance=0.5681344866752625
Started run_00122_new_npz_data_weather_data_T84_weather_london_2006_2015_ld16_rw0.01_lr0.001_bs32_fb0.001 on GPU slot 2 device=0
Finished run_00117_new_npz_data_weather_data_T84_weather_london_2006_2015_ld16_rw0.01_lr0.001_bs16_fb0.1 status=completed val_histogram_distance=0.5683895349502563
Started run_00123_new_npz_data_weather_data_T84_weather_london_2006_2015_ld16_rw0.01_lr0.001_bs64_fb0.1 on GPU slot 1 device=0
Finished run_00119_new_npz_data_weather_data_T84_weather_london_2006_2015_ld16_rw0.01_lr0.001_bs16_fb0.001 status=completed val_histogram_distance=0.567457914352417
Started run_00124_new_npz_data_weather_data_T84_weather_london_2006_2015_ld16_rw0.01_lr0.001_bs64_fb0.01 on GPU slot 3 device=0
Finished run_00123_new_npz_data_weather_data_T84_weather_london_2006_2015_ld16_rw0.01_lr0.001_bs64_fb0.1 status=completed val_histogram_distance=0.5994868874549866
Started run_00125_new_npz_data_weather_data_T84_weather_london_2006_2015_ld16_rw0.01_lr0.001_bs64_fb0.001 on GPU slot 1 device=0
Finished run_00124_new_npz_data_weather_data_T84_weather_london_2006_2015_ld16_rw0.01_lr0.001_bs64_fb0.01 status=completed val_histogram_distance=0.5379248261451721
Started run_00126_new_npz_data_weather_data_T84_weather_london_2006_2015_ld16_rw0.01_lr0.01_bs16_fb0.1 on GPU slot 3 device=0
Finished run_00121_new_npz_data_weather_data_T84_weather_london_2006_2015_ld16_rw0.01_lr0.001_bs32_fb0.01 status=completed val_histogram_distance=0.6092519164085388
Started run_00127_new_npz_data_weather_data_T84_weather_london_2006_2015_ld16_rw0.01_lr0.01_bs16_fb0.01 on GPU slot 0 device=0
Finished run_00122_new_npz_data_weather_data_T84_weather_london_2006_2015_ld16_rw0.01_lr0.001_bs32_fb0.001 status=completed val_histogram_distance=0.5876062512397766
Started run_00128_new_npz_data_weather_data_T84_weather_london_2006_2015_ld16_rw0.01_lr0.01_bs16_fb0.001 on GPU slot 2 device=0
Finished run_00125_new_npz_data_weather_data_T84_weather_london_2006_2015_ld16_rw0.01_lr0.001_bs64_fb0.001 status=completed val_histogram_distance=0.5136454701423645
Started run_00129_new_npz_data_weather_data_T84_weather_london_2006_2015_ld16_rw0.01_lr0.01_bs32_fb0.1 on GPU slot 1 device=0
Finished run_00129_new_npz_data_weather_data_T84_weather_london_2006_2015_ld16_rw0.01_lr0.01_bs32_fb0.1 status=completed val_histogram_distance=0.7655453085899353
Started run_00130_new_npz_data_weather_data_T84_weather_london_2006_2015_ld16_rw0.01_lr0.01_bs32_fb0.01 on GPU slot 1 device=0
Finished run_00127_new_npz_data_weather_data_T84_weather_london_2006_2015_ld16_rw0.01_lr0.01_bs16_fb0.01 status=completed val_histogram_distance=0.6918654441833496
Started run_00131_new_npz_data_weather_data_T84_weather_london_2006_2015_ld16_rw0.01_lr0.01_bs32_fb0.001 on GPU slot 0 device=0
Finished run_00126_new_npz_data_weather_data_T84_weather_london_2006_2015_ld16_rw0.01_lr0.01_bs16_fb0.1 status=completed val_histogram_distance=0.8196133375167847
Started run_00132_new_npz_data_weather_data_T84_weather_london_2006_2015_ld16_rw0.01_lr0.01_bs64_fb0.1 on GPU slot 3 device=0
Finished run_00128_new_npz_data_weather_data_T84_weather_london_2006_2015_ld16_rw0.01_lr0.01_bs16_fb0.001 status=completed val_histogram_distance=0.7066003680229187
Started run_00133_new_npz_data_weather_data_T84_weather_london_2006_2015_ld16_rw0.01_lr0.01_bs64_fb0.01 on GPU slot 2 device=0
Finished run_00132_new_npz_data_weather_data_T84_weather_london_2006_2015_ld16_rw0.01_lr0.01_bs64_fb0.1 status=completed val_histogram_distance=0.7127590179443359
Started run_00134_new_npz_data_weather_data_T84_weather_london_2006_2015_ld16_rw0.01_lr0.01_bs64_fb0.001 on GPU slot 3 device=0
Finished run_00130_new_npz_data_weather_data_T84_weather_london_2006_2015_ld16_rw0.01_lr0.01_bs32_fb0.01 status=completed val_histogram_distance=0.7668819427490234
Started run_00135_new_npz_data_weather_data_T84_weather_london_2006_2015_ld16_rw0.1_lr0.0001_bs16_fb0.1 on GPU slot 1 device=0
Finished run_00133_new_npz_data_weather_data_T84_weather_london_2006_2015_ld16_rw0.01_lr0.01_bs64_fb0.01 status=completed val_histogram_distance=0.6976427435874939
Started run_00136_new_npz_data_weather_data_T84_weather_london_2006_2015_ld16_rw0.1_lr0.0001_bs16_fb0.01 on GPU slot 2 device=0
Finished run_00131_new_npz_data_weather_data_T84_weather_london_2006_2015_ld16_rw0.01_lr0.01_bs32_fb0.001 status=completed val_histogram_distance=0.7622962594032288
Started run_00137_new_npz_data_weather_data_T84_weather_london_2006_2015_ld16_rw0.1_lr0.0001_bs16_fb0.001 on GPU slot 0 device=0
Finished run_00134_new_npz_data_weather_data_T84_weather_london_2006_2015_ld16_rw0.01_lr0.01_bs64_fb0.001 status=completed val_histogram_distance=0.7356693148612976
Started run_00138_new_npz_data_weather_data_T84_weather_london_2006_2015_ld16_rw0.1_lr0.0001_bs32_fb0.1 on GPU slot 3 device=0
Finished run_00138_new_npz_data_weather_data_T84_weather_london_2006_2015_ld16_rw0.1_lr0.0001_bs32_fb0.1 status=completed val_histogram_distance=0.39722397923469543
Started run_00139_new_npz_data_weather_data_T84_weather_london_2006_2015_ld16_rw0.1_lr0.0001_bs32_fb0.01 on GPU slot 3 device=0
Finished run_00135_new_npz_data_weather_data_T84_weather_london_2006_2015_ld16_rw0.1_lr0.0001_bs16_fb0.1 status=completed val_histogram_distance=0.47701677680015564
Started run_00140_new_npz_data_weather_data_T84_weather_london_2006_2015_ld16_rw0.1_lr0.0001_bs32_fb0.001 on GPU slot 1 device=0
Finished run_00136_new_npz_data_weather_data_T84_weather_london_2006_2015_ld16_rw0.1_lr0.0001_bs16_fb0.01 status=completed val_histogram_distance=0.41677483916282654
Started run_00141_new_npz_data_weather_data_T84_weather_london_2006_2015_ld16_rw0.1_lr0.0001_bs64_fb0.1 on GPU slot 2 device=0
Finished run_00137_new_npz_data_weather_data_T84_weather_london_2006_2015_ld16_rw0.1_lr0.0001_bs16_fb0.001 status=completed val_histogram_distance=0.3965108394622803
Started run_00142_new_npz_data_weather_data_T84_weather_london_2006_2015_ld16_rw0.1_lr0.0001_bs64_fb0.01 on GPU slot 0 device=0
Finished run_00139_new_npz_data_weather_data_T84_weather_london_2006_2015_ld16_rw0.1_lr0.0001_bs32_fb0.01 status=completed val_histogram_distance=0.36109161376953125
Started run_00143_new_npz_data_weather_data_T84_weather_london_2006_2015_ld16_rw0.1_lr0.0001_bs64_fb0.001 on GPU slot 3 device=0
Finished run_00141_new_npz_data_weather_data_T84_weather_london_2006_2015_ld16_rw0.1_lr0.0001_bs64_fb0.1 status=completed val_histogram_distance=0.39182355999946594
Started run_00144_new_npz_data_weather_data_T84_weather_london_2006_2015_ld16_rw0.1_lr0.001_bs16_fb0.1 on GPU slot 2 device=0
Finished run_00142_new_npz_data_weather_data_T84_weather_london_2006_2015_ld16_rw0.1_lr0.0001_bs64_fb0.01 status=completed val_histogram_distance=0.3515409231185913
Started run_00145_new_npz_data_weather_data_T84_weather_london_2006_2015_ld16_rw0.1_lr0.001_bs16_fb0.01 on GPU slot 0 device=0
Finished run_00143_new_npz_data_weather_data_T84_weather_london_2006_2015_ld16_rw0.1_lr0.0001_bs64_fb0.001 status=completed val_histogram_distance=0.35178840160369873
Started run_00146_new_npz_data_weather_data_T84_weather_london_2006_2015_ld16_rw0.1_lr0.001_bs16_fb0.001 on GPU slot 3 device=0
Finished run_00140_new_npz_data_weather_data_T84_weather_london_2006_2015_ld16_rw0.1_lr0.0001_bs32_fb0.001 status=completed val_histogram_distance=0.36318114399909973
Started run_00147_new_npz_data_weather_data_T84_weather_london_2006_2015_ld16_rw0.1_lr0.001_bs32_fb0.1 on GPU slot 1 device=0
Finished run_00147_new_npz_data_weather_data_T84_weather_london_2006_2015_ld16_rw0.1_lr0.001_bs32_fb0.1 status=completed val_histogram_distance=0.5541303753852844
Started run_00148_new_npz_data_weather_data_T84_weather_london_2006_2015_ld16_rw0.1_lr0.001_bs32_fb0.01 on GPU slot 1 device=0
Finished run_00145_new_npz_data_weather_data_T84_weather_london_2006_2015_ld16_rw0.1_lr0.001_bs16_fb0.01 status=completed val_histogram_distance=0.5104286074638367
Started run_00149_new_npz_data_weather_data_T84_weather_london_2006_2015_ld16_rw0.1_lr0.001_bs32_fb0.001 on GPU slot 0 device=0
Finished run_00144_new_npz_data_weather_data_T84_weather_london_2006_2015_ld16_rw0.1_lr0.001_bs16_fb0.1 status=completed val_histogram_distance=0.4996986389160156
Started run_00150_new_npz_data_weather_data_T84_weather_london_2006_2015_ld16_rw0.1_lr0.001_bs64_fb0.1 on GPU slot 2 device=0
Finished run_00146_new_npz_data_weather_data_T84_weather_london_2006_2015_ld16_rw0.1_lr0.001_bs16_fb0.001 status=completed val_histogram_distance=0.5052167177200317
Started run_00151_new_npz_data_weather_data_T84_weather_london_2006_2015_ld16_rw0.1_lr0.001_bs64_fb0.01 on GPU slot 3 device=0
Finished run_00148_new_npz_data_weather_data_T84_weather_london_2006_2015_ld16_rw0.1_lr0.001_bs32_fb0.01 status=completed val_histogram_distance=0.6047176122665405
Started run_00152_new_npz_data_weather_data_T84_weather_london_2006_2015_ld16_rw0.1_lr0.001_bs64_fb0.001 on GPU slot 1 device=0
Finished run_00150_new_npz_data_weather_data_T84_weather_london_2006_2015_ld16_rw0.1_lr0.001_bs64_fb0.1 status=completed val_histogram_distance=0.5105274319648743
Started run_00153_new_npz_data_weather_data_T84_weather_london_2006_2015_ld16_rw0.1_lr0.01_bs16_fb0.1 on GPU slot 2 device=0
Finished run_00151_new_npz_data_weather_data_T84_weather_london_2006_2015_ld16_rw0.1_lr0.001_bs64_fb0.01 status=completed val_histogram_distance=0.5679776072502136
Started run_00154_new_npz_data_weather_data_T84_weather_london_2006_2015_ld16_rw0.1_lr0.01_bs16_fb0.01 on GPU slot 3 device=0
Finished run_00152_new_npz_data_weather_data_T84_weather_london_2006_2015_ld16_rw0.1_lr0.001_bs64_fb0.001 status=completed val_histogram_distance=0.5624042749404907
Started run_00155_new_npz_data_weather_data_T84_weather_london_2006_2015_ld16_rw0.1_lr0.01_bs16_fb0.001 on GPU slot 1 device=0
Finished run_00149_new_npz_data_weather_data_T84_weather_london_2006_2015_ld16_rw0.1_lr0.001_bs32_fb0.001 status=completed val_histogram_distance=0.5831153988838196
Started run_00156_new_npz_data_weather_data_T84_weather_london_2006_2015_ld16_rw0.1_lr0.01_bs32_fb0.1 on GPU slot 0 device=0
Finished run_00156_new_npz_data_weather_data_T84_weather_london_2006_2015_ld16_rw0.1_lr0.01_bs32_fb0.1 status=completed val_histogram_distance=0.7293004989624023
Started run_00157_new_npz_data_weather_data_T84_weather_london_2006_2015_ld16_rw0.1_lr0.01_bs32_fb0.01 on GPU slot 0 device=0
Finished run_00155_new_npz_data_weather_data_T84_weather_london_2006_2015_ld16_rw0.1_lr0.01_bs16_fb0.001 status=completed val_histogram_distance=0.6450698971748352
Started run_00158_new_npz_data_weather_data_T84_weather_london_2006_2015_ld16_rw0.1_lr0.01_bs32_fb0.001 on GPU slot 1 device=0
Finished run_00153_new_npz_data_weather_data_T84_weather_london_2006_2015_ld16_rw0.1_lr0.01_bs16_fb0.1 status=completed val_histogram_distance=0.7873706221580505
Started run_00159_new_npz_data_weather_data_T84_weather_london_2006_2015_ld16_rw0.1_lr0.01_bs64_fb0.1 on GPU slot 2 device=0
Finished run_00154_new_npz_data_weather_data_T84_weather_london_2006_2015_ld16_rw0.1_lr0.01_bs16_fb0.01 status=completed val_histogram_distance=0.6850618124008179
Started run_00160_new_npz_data_weather_data_T84_weather_london_2006_2015_ld16_rw0.1_lr0.01_bs64_fb0.01 on GPU slot 3 device=0
Finished run_00157_new_npz_data_weather_data_T84_weather_london_2006_2015_ld16_rw0.1_lr0.01_bs32_fb0.01 status=completed val_histogram_distance=0.7070949673652649
Started run_00161_new_npz_data_weather_data_T84_weather_london_2006_2015_ld16_rw0.1_lr0.01_bs64_fb0.001 on GPU slot 0 device=0
Finished run_00159_new_npz_data_weather_data_T84_weather_london_2006_2015_ld16_rw0.1_lr0.01_bs64_fb0.1 status=completed val_histogram_distance=0.7410964965820312
Started run_00162_new_npz_data_weather_data_T84_weather_london_2006_2015_ld16_rw1.0_lr0.0001_bs16_fb0.1 on GPU slot 2 device=0
Finished run_00160_new_npz_data_weather_data_T84_weather_london_2006_2015_ld16_rw0.1_lr0.01_bs64_fb0.01 status=completed val_histogram_distance=0.6686162948608398
Started run_00163_new_npz_data_weather_data_T84_weather_london_2006_2015_ld16_rw1.0_lr0.0001_bs16_fb0.01 on GPU slot 3 device=0
Finished run_00161_new_npz_data_weather_data_T84_weather_london_2006_2015_ld16_rw0.1_lr0.01_bs64_fb0.001 status=completed val_histogram_distance=0.6894822716712952
Started run_00164_new_npz_data_weather_data_T84_weather_london_2006_2015_ld16_rw1.0_lr0.0001_bs16_fb0.001 on GPU slot 0 device=0
Finished run_00158_new_npz_data_weather_data_T84_weather_london_2006_2015_ld16_rw0.1_lr0.01_bs32_fb0.001 status=completed val_histogram_distance=0.7359366416931152
Started run_00165_new_npz_data_weather_data_T84_weather_london_2006_2015_ld16_rw1.0_lr0.0001_bs32_fb0.1 on GPU slot 1 device=0
Finished run_00165_new_npz_data_weather_data_T84_weather_london_2006_2015_ld16_rw1.0_lr0.0001_bs32_fb0.1 status=completed val_histogram_distance=0.43306851387023926
Started run_00166_new_npz_data_weather_data_T84_weather_london_2006_2015_ld16_rw1.0_lr0.0001_bs32_fb0.01 on GPU slot 1 device=0
Finished run_00163_new_npz_data_weather_data_T84_weather_london_2006_2015_ld16_rw1.0_lr0.0001_bs16_fb0.01 status=completed val_histogram_distance=0.412815123796463
Started run_00167_new_npz_data_weather_data_T84_weather_london_2006_2015_ld16_rw1.0_lr0.0001_bs32_fb0.001 on GPU slot 3 device=0
Finished run_00162_new_npz_data_weather_data_T84_weather_london_2006_2015_ld16_rw1.0_lr0.0001_bs16_fb0.1 status=completed val_histogram_distance=0.45780837535858154
Started run_00168_new_npz_data_weather_data_T84_weather_london_2006_2015_ld16_rw1.0_lr0.0001_bs64_fb0.1 on GPU slot 2 device=0
Finished run_00164_new_npz_data_weather_data_T84_weather_london_2006_2015_ld16_rw1.0_lr0.0001_bs16_fb0.001 status=completed val_histogram_distance=0.41062280535697937
Started run_00169_new_npz_data_weather_data_T84_weather_london_2006_2015_ld16_rw1.0_lr0.0001_bs64_fb0.01 on GPU slot 0 device=0
Finished run_00166_new_npz_data_weather_data_T84_weather_london_2006_2015_ld16_rw1.0_lr0.0001_bs32_fb0.01 status=completed val_histogram_distance=0.4164913594722748
Started run_00170_new_npz_data_weather_data_T84_weather_london_2006_2015_ld16_rw1.0_lr0.0001_bs64_fb0.001 on GPU slot 1 device=0
Finished run_00168_new_npz_data_weather_data_T84_weather_london_2006_2015_ld16_rw1.0_lr0.0001_bs64_fb0.1 status=completed val_histogram_distance=0.4017878472805023
Started run_00171_new_npz_data_weather_data_T84_weather_london_2006_2015_ld16_rw1.0_lr0.001_bs16_fb0.1 on GPU slot 2 device=0
Finished run_00169_new_npz_data_weather_data_T84_weather_london_2006_2015_ld16_rw1.0_lr0.0001_bs64_fb0.01 status=completed val_histogram_distance=0.37901461124420166
Started run_00172_new_npz_data_weather_data_T84_weather_london_2006_2015_ld16_rw1.0_lr0.001_bs16_fb0.01 on GPU slot 0 device=0
Finished run_00170_new_npz_data_weather_data_T84_weather_london_2006_2015_ld16_rw1.0_lr0.0001_bs64_fb0.001 status=completed val_histogram_distance=0.3778640329837799
Started run_00173_new_npz_data_weather_data_T84_weather_london_2006_2015_ld16_rw1.0_lr0.001_bs16_fb0.001 on GPU slot 1 device=0
Finished run_00167_new_npz_data_weather_data_T84_weather_london_2006_2015_ld16_rw1.0_lr0.0001_bs32_fb0.001 status=completed val_histogram_distance=0.41764190793037415
Started run_00174_new_npz_data_weather_data_T84_weather_london_2006_2015_ld16_rw1.0_lr0.001_bs32_fb0.1 on GPU slot 3 device=0
Finished run_00174_new_npz_data_weather_data_T84_weather_london_2006_2015_ld16_rw1.0_lr0.001_bs32_fb0.1 status=completed val_histogram_distance=0.5139926075935364
Started run_00175_new_npz_data_weather_data_T84_weather_london_2006_2015_ld16_rw1.0_lr0.001_bs32_fb0.01 on GPU slot 3 device=0
Finished run_00171_new_npz_data_weather_data_T84_weather_london_2006_2015_ld16_rw1.0_lr0.001_bs16_fb0.1 status=completed val_histogram_distance=0.4465857744216919
Started run_00176_new_npz_data_weather_data_T84_weather_london_2006_2015_ld16_rw1.0_lr0.001_bs32_fb0.001 on GPU slot 2 device=0
Finished run_00172_new_npz_data_weather_data_T84_weather_london_2006_2015_ld16_rw1.0_lr0.001_bs16_fb0.01 status=completed val_histogram_distance=0.45640525221824646
Started run_00177_new_npz_data_weather_data_T84_weather_london_2006_2015_ld16_rw1.0_lr0.001_bs64_fb0.1 on GPU slot 0 device=0
Finished run_00175_new_npz_data_weather_data_T84_weather_london_2006_2015_ld16_rw1.0_lr0.001_bs32_fb0.01 status=completed val_histogram_distance=0.5851146578788757
Started run_00178_new_npz_data_weather_data_T84_weather_london_2006_2015_ld16_rw1.0_lr0.001_bs64_fb0.01 on GPU slot 3 device=0
Finished run_00173_new_npz_data_weather_data_T84_weather_london_2006_2015_ld16_rw1.0_lr0.001_bs16_fb0.001 status=completed val_histogram_distance=0.46791720390319824
Started run_00179_new_npz_data_weather_data_T84_weather_london_2006_2015_ld16_rw1.0_lr0.001_bs64_fb0.001 on GPU slot 1 device=0
Finished run_00177_new_npz_data_weather_data_T84_weather_london_2006_2015_ld16_rw1.0_lr0.001_bs64_fb0.1 status=completed val_histogram_distance=0.5023634433746338
Started run_00180_new_npz_data_weather_data_T84_weather_london_2006_2015_ld16_rw1.0_lr0.01_bs16_fb0.1 on GPU slot 0 device=0
Finished run_00178_new_npz_data_weather_data_T84_weather_london_2006_2015_ld16_rw1.0_lr0.001_bs64_fb0.01 status=completed val_histogram_distance=0.5605050921440125
Started run_00181_new_npz_data_weather_data_T84_weather_london_2006_2015_ld16_rw1.0_lr0.01_bs16_fb0.01 on GPU slot 3 device=0
Finished run_00179_new_npz_data_weather_data_T84_weather_london_2006_2015_ld16_rw1.0_lr0.001_bs64_fb0.001 status=completed val_histogram_distance=0.5499876141548157
Started run_00182_new_npz_data_weather_data_T84_weather_london_2006_2015_ld16_rw1.0_lr0.01_bs16_fb0.001 on GPU slot 1 device=0
Finished run_00176_new_npz_data_weather_data_T84_weather_london_2006_2015_ld16_rw1.0_lr0.001_bs32_fb0.001 status=completed val_histogram_distance=0.5821296572685242
Started run_00183_new_npz_data_weather_data_T84_weather_london_2006_2015_ld16_rw1.0_lr0.01_bs32_fb0.1 on GPU slot 2 device=0
Finished run_00183_new_npz_data_weather_data_T84_weather_london_2006_2015_ld16_rw1.0_lr0.01_bs32_fb0.1 status=completed val_histogram_distance=0.7494969367980957
Started run_00184_new_npz_data_weather_data_T84_weather_london_2006_2015_ld16_rw1.0_lr0.01_bs32_fb0.01 on GPU slot 2 device=0
Finished run_00180_new_npz_data_weather_data_T84_weather_london_2006_2015_ld16_rw1.0_lr0.01_bs16_fb0.1 status=completed val_histogram_distance=0.7805605530738831
Started run_00185_new_npz_data_weather_data_T84_weather_london_2006_2015_ld16_rw1.0_lr0.01_bs32_fb0.001 on GPU slot 0 device=0
Finished run_00184_new_npz_data_weather_data_T84_weather_london_2006_2015_ld16_rw1.0_lr0.01_bs32_fb0.01 status=completed val_histogram_distance=0.7563182711601257
Started run_00186_new_npz_data_weather_data_T84_weather_london_2006_2015_ld16_rw1.0_lr0.01_bs64_fb0.1 on GPU slot 2 device=0
Finished run_00181_new_npz_data_weather_data_T84_weather_london_2006_2015_ld16_rw1.0_lr0.01_bs16_fb0.01 status=completed val_histogram_distance=0.7163838148117065
Started run_00187_new_npz_data_weather_data_T84_weather_london_2006_2015_ld16_rw1.0_lr0.01_bs64_fb0.01 on GPU slot 3 device=0
Finished run_00182_new_npz_data_weather_data_T84_weather_london_2006_2015_ld16_rw1.0_lr0.01_bs16_fb0.001 status=completed val_histogram_distance=0.7136276960372925
Started run_00188_new_npz_data_weather_data_T84_weather_london_2006_2015_ld16_rw1.0_lr0.01_bs64_fb0.001 on GPU slot 1 device=0
Finished run_00186_new_npz_data_weather_data_T84_weather_london_2006_2015_ld16_rw1.0_lr0.01_bs64_fb0.1 status=completed val_histogram_distance=0.7174866795539856
Started run_00189_new_npz_data_weather_data_T84_weather_london_2006_2015_ld16_rw10.0_lr0.0001_bs16_fb0.1 on GPU slot 2 device=0
Finished run_00188_new_npz_data_weather_data_T84_weather_london_2006_2015_ld16_rw1.0_lr0.01_bs64_fb0.001 status=completed val_histogram_distance=0.7173883318901062
Started run_00190_new_npz_data_weather_data_T84_weather_london_2006_2015_ld16_rw10.0_lr0.0001_bs16_fb0.01 on GPU slot 1 device=0
Finished run_00187_new_npz_data_weather_data_T84_weather_london_2006_2015_ld16_rw1.0_lr0.01_bs64_fb0.01 status=completed val_histogram_distance=0.7738356590270996
Started run_00191_new_npz_data_weather_data_T84_weather_london_2006_2015_ld16_rw10.0_lr0.0001_bs16_fb0.001 on GPU slot 3 device=0
Finished run_00185_new_npz_data_weather_data_T84_weather_london_2006_2015_ld16_rw1.0_lr0.01_bs32_fb0.001 status=completed val_histogram_distance=0.7509088516235352
Started run_00192_new_npz_data_weather_data_T84_weather_london_2006_2015_ld16_rw10.0_lr0.0001_bs32_fb0.1 on GPU slot 0 device=0
Finished run_00192_new_npz_data_weather_data_T84_weather_london_2006_2015_ld16_rw10.0_lr0.0001_bs32_fb0.1 status=completed val_histogram_distance=0.4683939218521118
Started run_00193_new_npz_data_weather_data_T84_weather_london_2006_2015_ld16_rw10.0_lr0.0001_bs32_fb0.01 on GPU slot 0 device=0
Finished run_00189_new_npz_data_weather_data_T84_weather_london_2006_2015_ld16_rw10.0_lr0.0001_bs16_fb0.1 status=completed val_histogram_distance=0.46896079182624817
Started run_00194_new_npz_data_weather_data_T84_weather_london_2006_2015_ld16_rw10.0_lr0.0001_bs32_fb0.001 on GPU slot 2 device=0
Finished run_00191_new_npz_data_weather_data_T84_weather_london_2006_2015_ld16_rw10.0_lr0.0001_bs16_fb0.001 status=completed val_histogram_distance=0.4567769169807434
Started run_00195_new_npz_data_weather_data_T84_weather_london_2006_2015_ld16_rw10.0_lr0.0001_bs64_fb0.1 on GPU slot 3 device=0
Finished run_00190_new_npz_data_weather_data_T84_weather_london_2006_2015_ld16_rw10.0_lr0.0001_bs16_fb0.01 status=completed val_histogram_distance=0.45743125677108765
Started run_00196_new_npz_data_weather_data_T84_weather_london_2006_2015_ld16_rw10.0_lr0.0001_bs64_fb0.01 on GPU slot 1 device=0
Finished run_00193_new_npz_data_weather_data_T84_weather_london_2006_2015_ld16_rw10.0_lr0.0001_bs32_fb0.01 status=completed val_histogram_distance=0.4590516984462738
Started run_00197_new_npz_data_weather_data_T84_weather_london_2006_2015_ld16_rw10.0_lr0.0001_bs64_fb0.001 on GPU slot 0 device=0
Finished run_00195_new_npz_data_weather_data_T84_weather_london_2006_2015_ld16_rw10.0_lr0.0001_bs64_fb0.1 status=completed val_histogram_distance=0.44351330399513245
Started run_00198_new_npz_data_weather_data_T84_weather_london_2006_2015_ld16_rw10.0_lr0.001_bs16_fb0.1 on GPU slot 3 device=0
Finished run_00196_new_npz_data_weather_data_T84_weather_london_2006_2015_ld16_rw10.0_lr0.0001_bs64_fb0.01 status=completed val_histogram_distance=0.42493772506713867
Started run_00199_new_npz_data_weather_data_T84_weather_london_2006_2015_ld16_rw10.0_lr0.001_bs16_fb0.01 on GPU slot 1 device=0
Finished run_00197_new_npz_data_weather_data_T84_weather_london_2006_2015_ld16_rw10.0_lr0.0001_bs64_fb0.001 status=completed val_histogram_distance=0.42067182064056396
Started run_00200_new_npz_data_weather_data_T84_weather_london_2006_2015_ld16_rw10.0_lr0.001_bs16_fb0.001 on GPU slot 0 device=0
Finished run_00194_new_npz_data_weather_data_T84_weather_london_2006_2015_ld16_rw10.0_lr0.0001_bs32_fb0.001 status=completed val_histogram_distance=0.45693472027778625
Started run_00201_new_npz_data_weather_data_T84_weather_london_2006_2015_ld16_rw10.0_lr0.001_bs32_fb0.1 on GPU slot 2 device=0
Finished run_00201_new_npz_data_weather_data_T84_weather_london_2006_2015_ld16_rw10.0_lr0.001_bs32_fb0.1 status=completed val_histogram_distance=0.515507161617279
Started run_00202_new_npz_data_weather_data_T84_weather_london_2006_2015_ld16_rw10.0_lr0.001_bs32_fb0.01 on GPU slot 2 device=0
Finished run_00198_new_npz_data_weather_data_T84_weather_london_2006_2015_ld16_rw10.0_lr0.001_bs16_fb0.1 status=completed val_histogram_distance=0.47538813948631287
Started run_00203_new_npz_data_weather_data_T84_weather_london_2006_2015_ld16_rw10.0_lr0.001_bs32_fb0.001 on GPU slot 3 device=0
Finished run_00199_new_npz_data_weather_data_T84_weather_london_2006_2015_ld16_rw10.0_lr0.001_bs16_fb0.01 status=completed val_histogram_distance=0.4694099724292755
Started run_00204_new_npz_data_weather_data_T84_weather_london_2006_2015_ld16_rw10.0_lr0.001_bs64_fb0.1 on GPU slot 1 device=0
Finished run_00200_new_npz_data_weather_data_T84_weather_london_2006_2015_ld16_rw10.0_lr0.001_bs16_fb0.001 status=completed val_histogram_distance=0.43494248390197754
Started run_00205_new_npz_data_weather_data_T84_weather_london_2006_2015_ld16_rw10.0_lr0.001_bs64_fb0.01 on GPU slot 0 device=0
Finished run_00202_new_npz_data_weather_data_T84_weather_london_2006_2015_ld16_rw10.0_lr0.001_bs32_fb0.01 status=completed val_histogram_distance=0.49179068207740784
Started run_00206_new_npz_data_weather_data_T84_weather_london_2006_2015_ld16_rw10.0_lr0.001_bs64_fb0.001 on GPU slot 2 device=0
Finished run_00204_new_npz_data_weather_data_T84_weather_london_2006_2015_ld16_rw10.0_lr0.001_bs64_fb0.1 status=completed val_histogram_distance=0.4688163101673126
Started run_00207_new_npz_data_weather_data_T84_weather_london_2006_2015_ld16_rw10.0_lr0.01_bs16_fb0.1 on GPU slot 1 device=0
Finished run_00205_new_npz_data_weather_data_T84_weather_london_2006_2015_ld16_rw10.0_lr0.001_bs64_fb0.01 status=completed val_histogram_distance=0.4605565369129181
Started run_00208_new_npz_data_weather_data_T84_weather_london_2006_2015_ld16_rw10.0_lr0.01_bs16_fb0.01 on GPU slot 0 device=0
Finished run_00203_new_npz_data_weather_data_T84_weather_london_2006_2015_ld16_rw10.0_lr0.001_bs32_fb0.001 status=completed val_histogram_distance=0.4813448190689087
Started run_00209_new_npz_data_weather_data_T84_weather_london_2006_2015_ld16_rw10.0_lr0.01_bs16_fb0.001 on GPU slot 3 device=0
Finished run_00206_new_npz_data_weather_data_T84_weather_london_2006_2015_ld16_rw10.0_lr0.001_bs64_fb0.001 status=completed val_histogram_distance=0.47044244408607483
Started run_00210_new_npz_data_weather_data_T84_weather_london_2006_2015_ld16_rw10.0_lr0.01_bs32_fb0.1 on GPU slot 2 device=0
Finished run_00210_new_npz_data_weather_data_T84_weather_london_2006_2015_ld16_rw10.0_lr0.01_bs32_fb0.1 status=completed val_histogram_distance=0.7756209373474121
Started run_00211_new_npz_data_weather_data_T84_weather_london_2006_2015_ld16_rw10.0_lr0.01_bs32_fb0.01 on GPU slot 2 device=0
Finished run_00209_new_npz_data_weather_data_T84_weather_london_2006_2015_ld16_rw10.0_lr0.01_bs16_fb0.001 status=completed val_histogram_distance=0.7178072929382324
Started run_00212_new_npz_data_weather_data_T84_weather_london_2006_2015_ld16_rw10.0_lr0.01_bs32_fb0.001 on GPU slot 3 device=0
Finished run_00207_new_npz_data_weather_data_T84_weather_london_2006_2015_ld16_rw10.0_lr0.01_bs16_fb0.1 status=completed val_histogram_distance=0.7924255132675171
Started run_00213_new_npz_data_weather_data_T84_weather_london_2006_2015_ld16_rw10.0_lr0.01_bs64_fb0.1 on GPU slot 1 device=0
Finished run_00208_new_npz_data_weather_data_T84_weather_london_2006_2015_ld16_rw10.0_lr0.01_bs16_fb0.01 status=completed val_histogram_distance=0.6858575940132141
Started run_00214_new_npz_data_weather_data_T84_weather_london_2006_2015_ld16_rw10.0_lr0.01_bs64_fb0.01 on GPU slot 0 device=0
Finished run_00211_new_npz_data_weather_data_T84_weather_london_2006_2015_ld16_rw10.0_lr0.01_bs32_fb0.01 status=completed val_histogram_distance=0.7019336819648743
Started run_00215_new_npz_data_weather_data_T84_weather_london_2006_2015_ld16_rw10.0_lr0.01_bs64_fb0.001 on GPU slot 2 device=0
Finished run_00213_new_npz_data_weather_data_T84_weather_london_2006_2015_ld16_rw10.0_lr0.01_bs64_fb0.1 status=completed val_histogram_distance=0.7736504077911377
Finished run_00214_new_npz_data_weather_data_T84_weather_london_2006_2015_ld16_rw10.0_lr0.01_bs64_fb0.01 status=completed val_histogram_distance=0.7403696179389954
Finished run_00215_new_npz_data_weather_data_T84_weather_london_2006_2015_ld16_rw10.0_lr0.01_bs64_fb0.001 status=completed val_histogram_distance=0.7555005550384521
Finished run_00212_new_npz_data_weather_data_T84_weather_london_2006_2015_ld16_rw10.0_lr0.01_bs32_fb0.001 status=completed val_histogram_distance=0.7344157099723816
Best run: run_00142_new_npz_data_weather_data_T84_weather_london_2006_2015_ld16_rw0.1_lr0.0001_bs64_fb0.01 val_histogram_distance=0.3515409231185913
