nohup: ignoring input
Prepared 90 jobs in /data/jinyuli/Projects/timeVAE/outputs/hpo/weather20062015_new_loss/20260530_021925_hongkong_2006_2015_timevae_grid_T84_long
Started run_00000_new_npz_data_weather_data_T84_weather_hongkong_2006_2015_ld8_rw0.01_lr0.0001_bs4096_fb0.1 on GPU slot 0 device=2
Started run_00001_new_npz_data_weather_data_T84_weather_hongkong_2006_2015_ld8_rw0.01_lr0.0001_bs4096_fb0.01 on GPU slot 1 device=2
Started run_00002_new_npz_data_weather_data_T84_weather_hongkong_2006_2015_ld8_rw0.01_lr0.0001_bs4096_fb0.001 on GPU slot 2 device=2
Started run_00003_new_npz_data_weather_data_T84_weather_hongkong_2006_2015_ld8_rw0.01_lr0.001_bs4096_fb0.1 on GPU slot 3 device=2
Started run_00004_new_npz_data_weather_data_T84_weather_hongkong_2006_2015_ld8_rw0.01_lr0.001_bs4096_fb0.01 on GPU slot 4 device=2
Started run_00005_new_npz_data_weather_data_T84_weather_hongkong_2006_2015_ld8_rw0.01_lr0.001_bs4096_fb0.001 on GPU slot 5 device=2
Started run_00006_new_npz_data_weather_data_T84_weather_hongkong_2006_2015_ld8_rw0.01_lr0.01_bs4096_fb0.1 on GPU slot 6 device=2
Started run_00007_new_npz_data_weather_data_T84_weather_hongkong_2006_2015_ld8_rw0.01_lr0.01_bs4096_fb0.01 on GPU slot 7 device=2
Started run_00008_new_npz_data_weather_data_T84_weather_hongkong_2006_2015_ld8_rw0.01_lr0.01_bs4096_fb0.001 on GPU slot 8 device=2
Started run_00009_new_npz_data_weather_data_T84_weather_hongkong_2006_2015_ld8_rw0.1_lr0.0001_bs4096_fb0.1 on GPU slot 9 device=2
Started run_00010_new_npz_data_weather_data_T84_weather_hongkong_2006_2015_ld8_rw0.1_lr0.0001_bs4096_fb0.01 on GPU slot 10 device=2
Started run_00011_new_npz_data_weather_data_T84_weather_hongkong_2006_2015_ld8_rw0.1_lr0.0001_bs4096_fb0.001 on GPU slot 11 device=2
Finished run_00008_new_npz_data_weather_data_T84_weather_hongkong_2006_2015_ld8_rw0.01_lr0.01_bs4096_fb0.001 status=completed val_histogram_distance=0.33142074942588806
Started run_00012_new_npz_data_weather_data_T84_weather_hongkong_2006_2015_ld8_rw0.1_lr0.001_bs4096_fb0.1 on GPU slot 8 device=2
Finished run_00005_new_npz_data_weather_data_T84_weather_hongkong_2006_2015_ld8_rw0.01_lr0.001_bs4096_fb0.001 status=completed val_histogram_distance=0.2757415771484375
Started run_00013_new_npz_data_weather_data_T84_weather_hongkong_2006_2015_ld8_rw0.1_lr0.001_bs4096_fb0.01 on GPU slot 5 device=2
Finished run_00003_new_npz_data_weather_data_T84_weather_hongkong_2006_2015_ld8_rw0.01_lr0.001_bs4096_fb0.1 status=completed val_histogram_distance=0.2994470000267029
Started run_00014_new_npz_data_weather_data_T84_weather_hongkong_2006_2015_ld8_rw0.1_lr0.001_bs4096_fb0.001 on GPU slot 3 device=2
Finished run_00004_new_npz_data_weather_data_T84_weather_hongkong_2006_2015_ld8_rw0.01_lr0.001_bs4096_fb0.01 status=completed val_histogram_distance=0.2749544382095337
Finished run_00007_new_npz_data_weather_data_T84_weather_hongkong_2006_2015_ld8_rw0.01_lr0.01_bs4096_fb0.01 status=completed val_histogram_distance=0.32929348945617676
Started run_00015_new_npz_data_weather_data_T84_weather_hongkong_2006_2015_ld8_rw0.1_lr0.01_bs4096_fb0.1 on GPU slot 4 device=2
Started run_00016_new_npz_data_weather_data_T84_weather_hongkong_2006_2015_ld8_rw0.1_lr0.01_bs4096_fb0.01 on GPU slot 7 device=2
Finished run_00006_new_npz_data_weather_data_T84_weather_hongkong_2006_2015_ld8_rw0.01_lr0.01_bs4096_fb0.1 status=completed val_histogram_distance=0.3291178345680237
Started run_00017_new_npz_data_weather_data_T84_weather_hongkong_2006_2015_ld8_rw0.1_lr0.01_bs4096_fb0.001 on GPU slot 6 device=2
Finished run_00010_new_npz_data_weather_data_T84_weather_hongkong_2006_2015_ld8_rw0.1_lr0.0001_bs4096_fb0.01 status=completed val_histogram_distance=0.2587171196937561
Started run_00018_new_npz_data_weather_data_T84_weather_hongkong_2006_2015_ld8_rw1.0_lr0.0001_bs4096_fb0.1 on GPU slot 10 device=2
Finished run_00011_new_npz_data_weather_data_T84_weather_hongkong_2006_2015_ld8_rw0.1_lr0.0001_bs4096_fb0.001 status=completed val_histogram_distance=0.2630561888217926
Started run_00019_new_npz_data_weather_data_T84_weather_hongkong_2006_2015_ld8_rw1.0_lr0.0001_bs4096_fb0.01 on GPU slot 11 device=2
Finished run_00002_new_npz_data_weather_data_T84_weather_hongkong_2006_2015_ld8_rw0.01_lr0.0001_bs4096_fb0.001 status=completed val_histogram_distance=0.26672521233558655
Started run_00020_new_npz_data_weather_data_T84_weather_hongkong_2006_2015_ld8_rw1.0_lr0.0001_bs4096_fb0.001 on GPU slot 2 device=2
Finished run_00001_new_npz_data_weather_data_T84_weather_hongkong_2006_2015_ld8_rw0.01_lr0.0001_bs4096_fb0.01 status=completed val_histogram_distance=0.2662047743797302
Finished run_00009_new_npz_data_weather_data_T84_weather_hongkong_2006_2015_ld8_rw0.1_lr0.0001_bs4096_fb0.1 status=completed val_histogram_distance=0.27580663561820984
Started run_00021_new_npz_data_weather_data_T84_weather_hongkong_2006_2015_ld8_rw1.0_lr0.001_bs4096_fb0.1 on GPU slot 1 device=2
Started run_00022_new_npz_data_weather_data_T84_weather_hongkong_2006_2015_ld8_rw1.0_lr0.001_bs4096_fb0.01 on GPU slot 9 device=2
Finished run_00000_new_npz_data_weather_data_T84_weather_hongkong_2006_2015_ld8_rw0.01_lr0.0001_bs4096_fb0.1 status=completed val_histogram_distance=0.2805555462837219
Started run_00023_new_npz_data_weather_data_T84_weather_hongkong_2006_2015_ld8_rw1.0_lr0.001_bs4096_fb0.001 on GPU slot 0 device=2
Finished run_00012_new_npz_data_weather_data_T84_weather_hongkong_2006_2015_ld8_rw0.1_lr0.001_bs4096_fb0.1 status=completed val_histogram_distance=0.28296899795532227
Finished run_00013_new_npz_data_weather_data_T84_weather_hongkong_2006_2015_ld8_rw0.1_lr0.001_bs4096_fb0.01 status=completed val_histogram_distance=0.2811865508556366
Started run_00024_new_npz_data_weather_data_T84_weather_hongkong_2006_2015_ld8_rw1.0_lr0.01_bs4096_fb0.1 on GPU slot 5 device=2
Started run_00025_new_npz_data_weather_data_T84_weather_hongkong_2006_2015_ld8_rw1.0_lr0.01_bs4096_fb0.01 on GPU slot 8 device=2
Finished run_00015_new_npz_data_weather_data_T84_weather_hongkong_2006_2015_ld8_rw0.1_lr0.01_bs4096_fb0.1 status=completed val_histogram_distance=0.30821624398231506
Started run_00026_new_npz_data_weather_data_T84_weather_hongkong_2006_2015_ld8_rw1.0_lr0.01_bs4096_fb0.001 on GPU slot 4 device=2
Finished run_00014_new_npz_data_weather_data_T84_weather_hongkong_2006_2015_ld8_rw0.1_lr0.001_bs4096_fb0.001 status=completed val_histogram_distance=0.2697957158088684
Finished run_00016_new_npz_data_weather_data_T84_weather_hongkong_2006_2015_ld8_rw0.1_lr0.01_bs4096_fb0.01 status=completed val_histogram_distance=0.30529531836509705
Finished run_00017_new_npz_data_weather_data_T84_weather_hongkong_2006_2015_ld8_rw0.1_lr0.01_bs4096_fb0.001 status=completed val_histogram_distance=0.3099921941757202
Started run_00027_new_npz_data_weather_data_T84_weather_hongkong_2006_2015_ld8_rw10.0_lr0.0001_bs4096_fb0.1 on GPU slot 3 device=2
Started run_00028_new_npz_data_weather_data_T84_weather_hongkong_2006_2015_ld8_rw10.0_lr0.0001_bs4096_fb0.01 on GPU slot 6 device=2
Started run_00029_new_npz_data_weather_data_T84_weather_hongkong_2006_2015_ld8_rw10.0_lr0.0001_bs4096_fb0.001 on GPU slot 7 device=2
Finished run_00022_new_npz_data_weather_data_T84_weather_hongkong_2006_2015_ld8_rw1.0_lr0.001_bs4096_fb0.01 status=completed val_histogram_distance=0.2739916443824768
Started run_00030_new_npz_data_weather_data_T84_weather_hongkong_2006_2015_ld8_rw10.0_lr0.001_bs4096_fb0.1 on GPU slot 9 device=2
Finished run_00021_new_npz_data_weather_data_T84_weather_hongkong_2006_2015_ld8_rw1.0_lr0.001_bs4096_fb0.1 status=completed val_histogram_distance=0.28217536211013794
Started run_00031_new_npz_data_weather_data_T84_weather_hongkong_2006_2015_ld8_rw10.0_lr0.001_bs4096_fb0.01 on GPU slot 1 device=2
Finished run_00018_new_npz_data_weather_data_T84_weather_hongkong_2006_2015_ld8_rw1.0_lr0.0001_bs4096_fb0.1 status=completed val_histogram_distance=0.28260475397109985
Started run_00032_new_npz_data_weather_data_T84_weather_hongkong_2006_2015_ld8_rw10.0_lr0.001_bs4096_fb0.001 on GPU slot 10 device=2
Finished run_00019_new_npz_data_weather_data_T84_weather_hongkong_2006_2015_ld8_rw1.0_lr0.0001_bs4096_fb0.01 status=completed val_histogram_distance=0.25892528891563416
Finished run_00020_new_npz_data_weather_data_T84_weather_hongkong_2006_2015_ld8_rw1.0_lr0.0001_bs4096_fb0.001 status=completed val_histogram_distance=0.2585740387439728
Started run_00033_new_npz_data_weather_data_T84_weather_hongkong_2006_2015_ld8_rw10.0_lr0.01_bs4096_fb0.1 on GPU slot 2 device=2
Started run_00034_new_npz_data_weather_data_T84_weather_hongkong_2006_2015_ld8_rw10.0_lr0.01_bs4096_fb0.01 on GPU slot 11 device=2
Finished run_00023_new_npz_data_weather_data_T84_weather_hongkong_2006_2015_ld8_rw1.0_lr0.001_bs4096_fb0.001 status=completed val_histogram_distance=0.26543062925338745
Started run_00035_new_npz_data_weather_data_T84_weather_hongkong_2006_2015_ld8_rw10.0_lr0.01_bs4096_fb0.001 on GPU slot 0 device=2
Finished run_00024_new_npz_data_weather_data_T84_weather_hongkong_2006_2015_ld8_rw1.0_lr0.01_bs4096_fb0.1 status=completed val_histogram_distance=0.3124251663684845
Started run_00036_new_npz_data_weather_data_T84_weather_hongkong_2006_2015_ld8_rw50.0_lr0.0001_bs4096_fb0.1 on GPU slot 5 device=2
Finished run_00025_new_npz_data_weather_data_T84_weather_hongkong_2006_2015_ld8_rw1.0_lr0.01_bs4096_fb0.01 status=completed val_histogram_distance=0.3330990970134735
Started run_00037_new_npz_data_weather_data_T84_weather_hongkong_2006_2015_ld8_rw50.0_lr0.0001_bs4096_fb0.01 on GPU slot 8 device=2
Finished run_00026_new_npz_data_weather_data_T84_weather_hongkong_2006_2015_ld8_rw1.0_lr0.01_bs4096_fb0.001 status=completed val_histogram_distance=0.326411634683609
Started run_00038_new_npz_data_weather_data_T84_weather_hongkong_2006_2015_ld8_rw50.0_lr0.0001_bs4096_fb0.001 on GPU slot 4 device=2
Finished run_00030_new_npz_data_weather_data_T84_weather_hongkong_2006_2015_ld8_rw10.0_lr0.001_bs4096_fb0.1 status=completed val_histogram_distance=0.27714022994041443
Started run_00039_new_npz_data_weather_data_T84_weather_hongkong_2006_2015_ld8_rw50.0_lr0.001_bs4096_fb0.1 on GPU slot 9 device=2
Finished run_00028_new_npz_data_weather_data_T84_weather_hongkong_2006_2015_ld8_rw10.0_lr0.0001_bs4096_fb0.01 status=completed val_histogram_distance=0.2655477523803711
Started run_00040_new_npz_data_weather_data_T84_weather_hongkong_2006_2015_ld8_rw50.0_lr0.001_bs4096_fb0.01 on GPU slot 6 device=2
Finished run_00029_new_npz_data_weather_data_T84_weather_hongkong_2006_2015_ld8_rw10.0_lr0.0001_bs4096_fb0.001 status=completed val_histogram_distance=0.262828528881073
Started run_00041_new_npz_data_weather_data_T84_weather_hongkong_2006_2015_ld8_rw50.0_lr0.001_bs4096_fb0.001 on GPU slot 7 device=2
Finished run_00031_new_npz_data_weather_data_T84_weather_hongkong_2006_2015_ld8_rw10.0_lr0.001_bs4096_fb0.01 status=completed val_histogram_distance=0.2629716396331787
Started run_00042_new_npz_data_weather_data_T84_weather_hongkong_2006_2015_ld8_rw50.0_lr0.01_bs4096_fb0.1 on GPU slot 1 device=2
Finished run_00027_new_npz_data_weather_data_T84_weather_hongkong_2006_2015_ld8_rw10.0_lr0.0001_bs4096_fb0.1 status=completed val_histogram_distance=0.2735297679901123
Started run_00043_new_npz_data_weather_data_T84_weather_hongkong_2006_2015_ld8_rw50.0_lr0.01_bs4096_fb0.01 on GPU slot 3 device=2
Finished run_00032_new_npz_data_weather_data_T84_weather_hongkong_2006_2015_ld8_rw10.0_lr0.001_bs4096_fb0.001 status=completed val_histogram_distance=0.2582942843437195
Finished run_00034_new_npz_data_weather_data_T84_weather_hongkong_2006_2015_ld8_rw10.0_lr0.01_bs4096_fb0.01 status=completed val_histogram_distance=0.31246417760849
Started run_00044_new_npz_data_weather_data_T84_weather_hongkong_2006_2015_ld8_rw50.0_lr0.01_bs4096_fb0.001 on GPU slot 10 device=2
Started run_00045_new_npz_data_weather_data_T84_weather_hongkong_2006_2015_ld16_rw0.01_lr0.0001_bs4096_fb0.1 on GPU slot 11 device=2
Finished run_00033_new_npz_data_weather_data_T84_weather_hongkong_2006_2015_ld8_rw10.0_lr0.01_bs4096_fb0.1 status=completed val_histogram_distance=0.3093937039375305
Started run_00046_new_npz_data_weather_data_T84_weather_hongkong_2006_2015_ld16_rw0.01_lr0.0001_bs4096_fb0.01 on GPU slot 2 device=2
Finished run_00035_new_npz_data_weather_data_T84_weather_hongkong_2006_2015_ld8_rw10.0_lr0.01_bs4096_fb0.001 status=completed val_histogram_distance=0.3081706762313843
Started run_00047_new_npz_data_weather_data_T84_weather_hongkong_2006_2015_ld16_rw0.01_lr0.0001_bs4096_fb0.001 on GPU slot 0 device=2
Finished run_00036_new_npz_data_weather_data_T84_weather_hongkong_2006_2015_ld8_rw50.0_lr0.0001_bs4096_fb0.1 status=completed val_histogram_distance=0.2743169367313385
Started run_00048_new_npz_data_weather_data_T84_weather_hongkong_2006_2015_ld16_rw0.01_lr0.001_bs4096_fb0.1 on GPU slot 5 device=2
Finished run_00037_new_npz_data_weather_data_T84_weather_hongkong_2006_2015_ld8_rw50.0_lr0.0001_bs4096_fb0.01 status=completed val_histogram_distance=0.2674017548561096
Started run_00049_new_npz_data_weather_data_T84_weather_hongkong_2006_2015_ld16_rw0.01_lr0.001_bs4096_fb0.01 on GPU slot 8 device=2
Finished run_00039_new_npz_data_weather_data_T84_weather_hongkong_2006_2015_ld8_rw50.0_lr0.001_bs4096_fb0.1 status=completed val_histogram_distance=0.2829430103302002
Started run_00050_new_npz_data_weather_data_T84_weather_hongkong_2006_2015_ld16_rw0.01_lr0.001_bs4096_fb0.001 on GPU slot 9 device=2
Finished run_00038_new_npz_data_weather_data_T84_weather_hongkong_2006_2015_ld8_rw50.0_lr0.0001_bs4096_fb0.001 status=completed val_histogram_distance=0.26363515853881836
Started run_00051_new_npz_data_weather_data_T84_weather_hongkong_2006_2015_ld16_rw0.01_lr0.01_bs4096_fb0.1 on GPU slot 4 device=2
Finished run_00042_new_npz_data_weather_data_T84_weather_hongkong_2006_2015_ld8_rw50.0_lr0.01_bs4096_fb0.1 status=completed val_histogram_distance=0.2956414222717285
Started run_00052_new_npz_data_weather_data_T84_weather_hongkong_2006_2015_ld16_rw0.01_lr0.01_bs4096_fb0.01 on GPU slot 1 device=2
Finished run_00040_new_npz_data_weather_data_T84_weather_hongkong_2006_2015_ld8_rw50.0_lr0.001_bs4096_fb0.01 status=completed val_histogram_distance=0.25921154022216797
Started run_00053_new_npz_data_weather_data_T84_weather_hongkong_2006_2015_ld16_rw0.01_lr0.01_bs4096_fb0.001 on GPU slot 6 device=2
Finished run_00043_new_npz_data_weather_data_T84_weather_hongkong_2006_2015_ld8_rw50.0_lr0.01_bs4096_fb0.01 status=completed val_histogram_distance=0.3003903031349182
Started run_00054_new_npz_data_weather_data_T84_weather_hongkong_2006_2015_ld16_rw0.1_lr0.0001_bs4096_fb0.1 on GPU slot 3 device=2
Finished run_00044_new_npz_data_weather_data_T84_weather_hongkong_2006_2015_ld8_rw50.0_lr0.01_bs4096_fb0.001 status=completed val_histogram_distance=0.30050739645957947
Started run_00055_new_npz_data_weather_data_T84_weather_hongkong_2006_2015_ld16_rw0.1_lr0.0001_bs4096_fb0.01 on GPU slot 10 device=2
Finished run_00041_new_npz_data_weather_data_T84_weather_hongkong_2006_2015_ld8_rw50.0_lr0.001_bs4096_fb0.001 status=completed val_histogram_distance=0.2558157444000244
Started run_00056_new_npz_data_weather_data_T84_weather_hongkong_2006_2015_ld16_rw0.1_lr0.0001_bs4096_fb0.001 on GPU slot 7 device=2
Finished run_00046_new_npz_data_weather_data_T84_weather_hongkong_2006_2015_ld16_rw0.01_lr0.0001_bs4096_fb0.01 status=completed val_histogram_distance=0.2712203860282898
Started run_00057_new_npz_data_weather_data_T84_weather_hongkong_2006_2015_ld16_rw0.1_lr0.001_bs4096_fb0.1 on GPU slot 2 device=2
Finished run_00045_new_npz_data_weather_data_T84_weather_hongkong_2006_2015_ld16_rw0.01_lr0.0001_bs4096_fb0.1 status=completed val_histogram_distance=0.29154306650161743
Finished run_00047_new_npz_data_weather_data_T84_weather_hongkong_2006_2015_ld16_rw0.01_lr0.0001_bs4096_fb0.001 status=completed val_histogram_distance=0.25523680448532104
Started run_00058_new_npz_data_weather_data_T84_weather_hongkong_2006_2015_ld16_rw0.1_lr0.001_bs4096_fb0.01 on GPU slot 0 device=2
Started run_00059_new_npz_data_weather_data_T84_weather_hongkong_2006_2015_ld16_rw0.1_lr0.001_bs4096_fb0.001 on GPU slot 11 device=2
Finished run_00048_new_npz_data_weather_data_T84_weather_hongkong_2006_2015_ld16_rw0.01_lr0.001_bs4096_fb0.1 status=completed val_histogram_distance=0.31373274326324463
Finished run_00049_new_npz_data_weather_data_T84_weather_hongkong_2006_2015_ld16_rw0.01_lr0.001_bs4096_fb0.01 status=completed val_histogram_distance=0.2839903235435486
Started run_00060_new_npz_data_weather_data_T84_weather_hongkong_2006_2015_ld16_rw0.1_lr0.01_bs4096_fb0.1 on GPU slot 5 device=2
Started run_00061_new_npz_data_weather_data_T84_weather_hongkong_2006_2015_ld16_rw0.1_lr0.01_bs4096_fb0.01 on GPU slot 8 device=2
Finished run_00051_new_npz_data_weather_data_T84_weather_hongkong_2006_2015_ld16_rw0.01_lr0.01_bs4096_fb0.1 status=completed val_histogram_distance=0.3256244957447052
Started run_00062_new_npz_data_weather_data_T84_weather_hongkong_2006_2015_ld16_rw0.1_lr0.01_bs4096_fb0.001 on GPU slot 4 device=2
Finished run_00050_new_npz_data_weather_data_T84_weather_hongkong_2006_2015_ld16_rw0.01_lr0.001_bs4096_fb0.001 status=completed val_histogram_distance=0.283925324678421
Finished run_00053_new_npz_data_weather_data_T84_weather_hongkong_2006_2015_ld16_rw0.01_lr0.01_bs4096_fb0.001 status=completed val_histogram_distance=0.3234972357749939
Started run_00063_new_npz_data_weather_data_T84_weather_hongkong_2006_2015_ld16_rw1.0_lr0.0001_bs4096_fb0.1 on GPU slot 6 device=2
Started run_00064_new_npz_data_weather_data_T84_weather_hongkong_2006_2015_ld16_rw1.0_lr0.0001_bs4096_fb0.01 on GPU slot 9 device=2
Finished run_00052_new_npz_data_weather_data_T84_weather_hongkong_2006_2015_ld16_rw0.01_lr0.01_bs4096_fb0.01 status=completed val_histogram_distance=0.3239200711250305
Started run_00065_new_npz_data_weather_data_T84_weather_hongkong_2006_2015_ld16_rw1.0_lr0.0001_bs4096_fb0.001 on GPU slot 1 device=2
Finished run_00055_new_npz_data_weather_data_T84_weather_hongkong_2006_2015_ld16_rw0.1_lr0.0001_bs4096_fb0.01 status=completed val_histogram_distance=0.26783114671707153
Started run_00066_new_npz_data_weather_data_T84_weather_hongkong_2006_2015_ld16_rw1.0_lr0.001_bs4096_fb0.1 on GPU slot 10 device=2
Finished run_00054_new_npz_data_weather_data_T84_weather_hongkong_2006_2015_ld16_rw0.1_lr0.0001_bs4096_fb0.1 status=completed val_histogram_distance=0.28978660702705383
Started run_00067_new_npz_data_weather_data_T84_weather_hongkong_2006_2015_ld16_rw1.0_lr0.001_bs4096_fb0.01 on GPU slot 3 device=2
Finished run_00056_new_npz_data_weather_data_T84_weather_hongkong_2006_2015_ld16_rw0.1_lr0.0001_bs4096_fb0.001 status=completed val_histogram_distance=0.2653655707836151
Started run_00068_new_npz_data_weather_data_T84_weather_hongkong_2006_2015_ld16_rw1.0_lr0.001_bs4096_fb0.001 on GPU slot 7 device=2
Finished run_00058_new_npz_data_weather_data_T84_weather_hongkong_2006_2015_ld16_rw0.1_lr0.001_bs4096_fb0.01 status=completed val_histogram_distance=0.26982173323631287
Started run_00069_new_npz_data_weather_data_T84_weather_hongkong_2006_2015_ld16_rw1.0_lr0.01_bs4096_fb0.1 on GPU slot 0 device=2
Finished run_00059_new_npz_data_weather_data_T84_weather_hongkong_2006_2015_ld16_rw0.1_lr0.001_bs4096_fb0.001 status=completed val_histogram_distance=0.2686377763748169
Started run_00070_new_npz_data_weather_data_T84_weather_hongkong_2006_2015_ld16_rw1.0_lr0.01_bs4096_fb0.01 on GPU slot 11 device=2
Finished run_00057_new_npz_data_weather_data_T84_weather_hongkong_2006_2015_ld16_rw0.1_lr0.001_bs4096_fb0.1 status=completed val_histogram_distance=0.2866380214691162
Started run_00071_new_npz_data_weather_data_T84_weather_hongkong_2006_2015_ld16_rw1.0_lr0.01_bs4096_fb0.001 on GPU slot 2 device=2
Finished run_00061_new_npz_data_weather_data_T84_weather_hongkong_2006_2015_ld16_rw0.1_lr0.01_bs4096_fb0.01 status=completed val_histogram_distance=0.34811344742774963
Started run_00072_new_npz_data_weather_data_T84_weather_hongkong_2006_2015_ld16_rw10.0_lr0.0001_bs4096_fb0.1 on GPU slot 8 device=2
Finished run_00060_new_npz_data_weather_data_T84_weather_hongkong_2006_2015_ld16_rw0.1_lr0.01_bs4096_fb0.1 status=completed val_histogram_distance=0.3518279790878296
Started run_00073_new_npz_data_weather_data_T84_weather_hongkong_2006_2015_ld16_rw10.0_lr0.0001_bs4096_fb0.01 on GPU slot 5 device=2
Finished run_00062_new_npz_data_weather_data_T84_weather_hongkong_2006_2015_ld16_rw0.1_lr0.01_bs4096_fb0.001 status=completed val_histogram_distance=0.36818891763687134
Started run_00074_new_npz_data_weather_data_T84_weather_hongkong_2006_2015_ld16_rw10.0_lr0.0001_bs4096_fb0.001 on GPU slot 4 device=2
Finished run_00066_new_npz_data_weather_data_T84_weather_hongkong_2006_2015_ld16_rw1.0_lr0.001_bs4096_fb0.1 status=completed val_histogram_distance=0.2968774437904358
Started run_00075_new_npz_data_weather_data_T84_weather_hongkong_2006_2015_ld16_rw10.0_lr0.001_bs4096_fb0.1 on GPU slot 10 device=2
Finished run_00064_new_npz_data_weather_data_T84_weather_hongkong_2006_2015_ld16_rw1.0_lr0.0001_bs4096_fb0.01 status=completed val_histogram_distance=0.26427918672561646
Finished run_00065_new_npz_data_weather_data_T84_weather_hongkong_2006_2015_ld16_rw1.0_lr0.0001_bs4096_fb0.001 status=completed val_histogram_distance=0.2549895644187927
Started run_00076_new_npz_data_weather_data_T84_weather_hongkong_2006_2015_ld16_rw10.0_lr0.001_bs4096_fb0.01 on GPU slot 1 device=2
Started run_00077_new_npz_data_weather_data_T84_weather_hongkong_2006_2015_ld16_rw10.0_lr0.001_bs4096_fb0.001 on GPU slot 9 device=2
Finished run_00067_new_npz_data_weather_data_T84_weather_hongkong_2006_2015_ld16_rw1.0_lr0.001_bs4096_fb0.01 status=completed val_histogram_distance=0.2821428179740906
Started run_00078_new_npz_data_weather_data_T84_weather_hongkong_2006_2015_ld16_rw10.0_lr0.01_bs4096_fb0.1 on GPU slot 3 device=2
Finished run_00068_new_npz_data_weather_data_T84_weather_hongkong_2006_2015_ld16_rw1.0_lr0.001_bs4096_fb0.001 status=completed val_histogram_distance=0.2797618806362152
Finished run_00069_new_npz_data_weather_data_T84_weather_hongkong_2006_2015_ld16_rw1.0_lr0.01_bs4096_fb0.1 status=completed val_histogram_distance=0.37728333473205566
Started run_00079_new_npz_data_weather_data_T84_weather_hongkong_2006_2015_ld16_rw10.0_lr0.01_bs4096_fb0.01 on GPU slot 0 device=2
Started run_00080_new_npz_data_weather_data_T84_weather_hongkong_2006_2015_ld16_rw10.0_lr0.01_bs4096_fb0.001 on GPU slot 7 device=2
Finished run_00070_new_npz_data_weather_data_T84_weather_hongkong_2006_2015_ld16_rw1.0_lr0.01_bs4096_fb0.01 status=completed val_histogram_distance=0.3047293722629547
Started run_00081_new_npz_data_weather_data_T84_weather_hongkong_2006_2015_ld16_rw50.0_lr0.0001_bs4096_fb0.1 on GPU slot 11 device=2
Finished run_00071_new_npz_data_weather_data_T84_weather_hongkong_2006_2015_ld16_rw1.0_lr0.01_bs4096_fb0.001 status=completed val_histogram_distance=0.300481379032135
Started run_00082_new_npz_data_weather_data_T84_weather_hongkong_2006_2015_ld16_rw50.0_lr0.0001_bs4096_fb0.01 on GPU slot 2 device=2
Finished run_00063_new_npz_data_weather_data_T84_weather_hongkong_2006_2015_ld16_rw1.0_lr0.0001_bs4096_fb0.1 status=completed val_histogram_distance=0.2877829670906067
Started run_00083_new_npz_data_weather_data_T84_weather_hongkong_2006_2015_ld16_rw50.0_lr0.0001_bs4096_fb0.001 on GPU slot 6 device=2
Finished run_00073_new_npz_data_weather_data_T84_weather_hongkong_2006_2015_ld16_rw10.0_lr0.0001_bs4096_fb0.01 status=completed val_histogram_distance=0.2734256684780121
Started run_00084_new_npz_data_weather_data_T84_weather_hongkong_2006_2015_ld16_rw50.0_lr0.001_bs4096_fb0.1 on GPU slot 5 device=2
Finished run_00075_new_npz_data_weather_data_T84_weather_hongkong_2006_2015_ld16_rw10.0_lr0.001_bs4096_fb0.1 status=completed val_histogram_distance=0.2818240821361542
Started run_00085_new_npz_data_weather_data_T84_weather_hongkong_2006_2015_ld16_rw50.0_lr0.001_bs4096_fb0.01 on GPU slot 10 device=2
Finished run_00072_new_npz_data_weather_data_T84_weather_hongkong_2006_2015_ld16_rw10.0_lr0.0001_bs4096_fb0.1 status=completed val_histogram_distance=0.2819216847419739
Finished run_00078_new_npz_data_weather_data_T84_weather_hongkong_2006_2015_ld16_rw10.0_lr0.01_bs4096_fb0.1 status=completed val_histogram_distance=0.38866767287254333
Started run_00086_new_npz_data_weather_data_T84_weather_hongkong_2006_2015_ld16_rw50.0_lr0.001_bs4096_fb0.001 on GPU slot 3 device=2
Started run_00087_new_npz_data_weather_data_T84_weather_hongkong_2006_2015_ld16_rw50.0_lr0.01_bs4096_fb0.1 on GPU slot 8 device=2
Finished run_00074_new_npz_data_weather_data_T84_weather_hongkong_2006_2015_ld16_rw10.0_lr0.0001_bs4096_fb0.001 status=completed val_histogram_distance=0.2646304965019226
Finished run_00076_new_npz_data_weather_data_T84_weather_hongkong_2006_2015_ld16_rw10.0_lr0.001_bs4096_fb0.01 status=completed val_histogram_distance=0.28319019079208374
Started run_00088_new_npz_data_weather_data_T84_weather_hongkong_2006_2015_ld16_rw50.0_lr0.01_bs4096_fb0.01 on GPU slot 1 device=2
Started run_00089_new_npz_data_weather_data_T84_weather_hongkong_2006_2015_ld16_rw50.0_lr0.01_bs4096_fb0.001 on GPU slot 4 device=2
Finished run_00077_new_npz_data_weather_data_T84_weather_hongkong_2006_2015_ld16_rw10.0_lr0.001_bs4096_fb0.001 status=completed val_histogram_distance=0.27734190225601196
Finished run_00080_new_npz_data_weather_data_T84_weather_hongkong_2006_2015_ld16_rw10.0_lr0.01_bs4096_fb0.001 status=completed val_histogram_distance=0.38896697759628296
Finished run_00079_new_npz_data_weather_data_T84_weather_hongkong_2006_2015_ld16_rw10.0_lr0.01_bs4096_fb0.01 status=completed val_histogram_distance=0.3890775144100189
Finished run_00081_new_npz_data_weather_data_T84_weather_hongkong_2006_2015_ld16_rw50.0_lr0.0001_bs4096_fb0.1 status=completed val_histogram_distance=0.28614363074302673
Finished run_00082_new_npz_data_weather_data_T84_weather_hongkong_2006_2015_ld16_rw50.0_lr0.0001_bs4096_fb0.01 status=completed val_histogram_distance=0.2948022186756134
Finished run_00083_new_npz_data_weather_data_T84_weather_hongkong_2006_2015_ld16_rw50.0_lr0.0001_bs4096_fb0.001 status=completed val_histogram_distance=0.2940085530281067
Finished run_00085_new_npz_data_weather_data_T84_weather_hongkong_2006_2015_ld16_rw50.0_lr0.001_bs4096_fb0.01 status=completed val_histogram_distance=0.25214025378227234
Finished run_00084_new_npz_data_weather_data_T84_weather_hongkong_2006_2015_ld16_rw50.0_lr0.001_bs4096_fb0.1 status=completed val_histogram_distance=0.25210121273994446
Finished run_00088_new_npz_data_weather_data_T84_weather_hongkong_2006_2015_ld16_rw50.0_lr0.01_bs4096_fb0.01 status=completed val_histogram_distance=0.41176167130470276
Finished run_00089_new_npz_data_weather_data_T84_weather_hongkong_2006_2015_ld16_rw50.0_lr0.01_bs4096_fb0.001 status=completed val_histogram_distance=0.4201339781284332
Finished run_00086_new_npz_data_weather_data_T84_weather_hongkong_2006_2015_ld16_rw50.0_lr0.001_bs4096_fb0.001 status=completed val_histogram_distance=0.2521532475948334
Finished run_00087_new_npz_data_weather_data_T84_weather_hongkong_2006_2015_ld16_rw50.0_lr0.01_bs4096_fb0.1 status=completed val_histogram_distance=0.3978727459907532
Best run: run_00084_new_npz_data_weather_data_T84_weather_hongkong_2006_2015_ld16_rw50.0_lr0.001_bs4096_fb0.1 val_histogram_distance=0.25210121273994446
