nohup: ignoring input
Prepared 72 jobs in /data/jinyuli/Projects/timeVAE/outputs/hpo/weather20062015_newloss_trainhist_bigbatch_long/20260531_201837_hongkong_2006_2015_timevae_grid_T84
Started run_00000_new_npz_data_weather_data_T84_weather_hongkong_2006_2015_ld8_rw0.01_lr0.0001_bs2048_fb0.1 on GPU slot 0 device=1
Started run_00001_new_npz_data_weather_data_T84_weather_hongkong_2006_2015_ld8_rw0.01_lr0.0001_bs2048_fb0.01 on GPU slot 1 device=1
Started run_00002_new_npz_data_weather_data_T84_weather_hongkong_2006_2015_ld8_rw0.01_lr0.0001_bs2048_fb0.001 on GPU slot 2 device=1
Started run_00003_new_npz_data_weather_data_T84_weather_hongkong_2006_2015_ld8_rw0.01_lr0.001_bs2048_fb0.1 on GPU slot 3 device=1
Started run_00004_new_npz_data_weather_data_T84_weather_hongkong_2006_2015_ld8_rw0.01_lr0.001_bs2048_fb0.01 on GPU slot 4 device=1
Started run_00005_new_npz_data_weather_data_T84_weather_hongkong_2006_2015_ld8_rw0.01_lr0.001_bs2048_fb0.001 on GPU slot 5 device=1
Started run_00006_new_npz_data_weather_data_T84_weather_hongkong_2006_2015_ld8_rw0.01_lr0.01_bs2048_fb0.1 on GPU slot 6 device=1
Started run_00007_new_npz_data_weather_data_T84_weather_hongkong_2006_2015_ld8_rw0.01_lr0.01_bs2048_fb0.01 on GPU slot 7 device=1
Started run_00008_new_npz_data_weather_data_T84_weather_hongkong_2006_2015_ld8_rw0.01_lr0.01_bs2048_fb0.001 on GPU slot 8 device=1
Started run_00009_new_npz_data_weather_data_T84_weather_hongkong_2006_2015_ld8_rw0.1_lr0.0001_bs2048_fb0.1 on GPU slot 9 device=1
Started run_00010_new_npz_data_weather_data_T84_weather_hongkong_2006_2015_ld8_rw0.1_lr0.0001_bs2048_fb0.01 on GPU slot 10 device=1
Started run_00011_new_npz_data_weather_data_T84_weather_hongkong_2006_2015_ld8_rw0.1_lr0.0001_bs2048_fb0.001 on GPU slot 11 device=1
Finished run_00005_new_npz_data_weather_data_T84_weather_hongkong_2006_2015_ld8_rw0.01_lr0.001_bs2048_fb0.001 status=completed histogram_distance=0.23158790171146393
Started run_00012_new_npz_data_weather_data_T84_weather_hongkong_2006_2015_ld8_rw0.1_lr0.001_bs2048_fb0.1 on GPU slot 5 device=1
Finished run_00008_new_npz_data_weather_data_T84_weather_hongkong_2006_2015_ld8_rw0.01_lr0.01_bs2048_fb0.001 status=completed histogram_distance=0.3524742126464844
Started run_00013_new_npz_data_weather_data_T84_weather_hongkong_2006_2015_ld8_rw0.1_lr0.001_bs2048_fb0.01 on GPU slot 8 device=1
Finished run_00006_new_npz_data_weather_data_T84_weather_hongkong_2006_2015_ld8_rw0.01_lr0.01_bs2048_fb0.1 status=completed histogram_distance=0.3887781500816345
Finished run_00007_new_npz_data_weather_data_T84_weather_hongkong_2006_2015_ld8_rw0.01_lr0.01_bs2048_fb0.01 status=completed histogram_distance=0.3575839400291443
Started run_00014_new_npz_data_weather_data_T84_weather_hongkong_2006_2015_ld8_rw0.1_lr0.001_bs2048_fb0.001 on GPU slot 6 device=1
Started run_00015_new_npz_data_weather_data_T84_weather_hongkong_2006_2015_ld8_rw0.1_lr0.01_bs2048_fb0.1 on GPU slot 7 device=1
Finished run_00004_new_npz_data_weather_data_T84_weather_hongkong_2006_2015_ld8_rw0.01_lr0.001_bs2048_fb0.01 status=completed histogram_distance=0.23315201699733734
Finished run_00009_new_npz_data_weather_data_T84_weather_hongkong_2006_2015_ld8_rw0.1_lr0.0001_bs2048_fb0.1 status=completed histogram_distance=0.262641578912735
Started run_00016_new_npz_data_weather_data_T84_weather_hongkong_2006_2015_ld8_rw0.1_lr0.01_bs2048_fb0.01 on GPU slot 4 device=1
Started run_00017_new_npz_data_weather_data_T84_weather_hongkong_2006_2015_ld8_rw0.1_lr0.01_bs2048_fb0.001 on GPU slot 9 device=1
Finished run_00011_new_npz_data_weather_data_T84_weather_hongkong_2006_2015_ld8_rw0.1_lr0.0001_bs2048_fb0.001 status=completed histogram_distance=0.2578381896018982
Started run_00018_new_npz_data_weather_data_T84_weather_hongkong_2006_2015_ld8_rw1.0_lr0.0001_bs2048_fb0.1 on GPU slot 11 device=1
Finished run_00001_new_npz_data_weather_data_T84_weather_hongkong_2006_2015_ld8_rw0.01_lr0.0001_bs2048_fb0.01 status=completed histogram_distance=0.25102517008781433
Finished run_00010_new_npz_data_weather_data_T84_weather_hongkong_2006_2015_ld8_rw0.1_lr0.0001_bs2048_fb0.01 status=completed histogram_distance=0.2536373734474182
Started run_00019_new_npz_data_weather_data_T84_weather_hongkong_2006_2015_ld8_rw1.0_lr0.0001_bs2048_fb0.01 on GPU slot 1 device=1
Started run_00020_new_npz_data_weather_data_T84_weather_hongkong_2006_2015_ld8_rw1.0_lr0.0001_bs2048_fb0.001 on GPU slot 10 device=1
Finished run_00000_new_npz_data_weather_data_T84_weather_hongkong_2006_2015_ld8_rw0.01_lr0.0001_bs2048_fb0.1 status=completed histogram_distance=0.26308122277259827
Finished run_00003_new_npz_data_weather_data_T84_weather_hongkong_2006_2015_ld8_rw0.01_lr0.001_bs2048_fb0.1 status=completed histogram_distance=0.2788253426551819
Started run_00021_new_npz_data_weather_data_T84_weather_hongkong_2006_2015_ld8_rw1.0_lr0.001_bs2048_fb0.1 on GPU slot 0 device=1
Started run_00022_new_npz_data_weather_data_T84_weather_hongkong_2006_2015_ld8_rw1.0_lr0.001_bs2048_fb0.01 on GPU slot 3 device=1
Finished run_00002_new_npz_data_weather_data_T84_weather_hongkong_2006_2015_ld8_rw0.01_lr0.0001_bs2048_fb0.001 status=completed histogram_distance=0.2513616979122162
Started run_00023_new_npz_data_weather_data_T84_weather_hongkong_2006_2015_ld8_rw1.0_lr0.001_bs2048_fb0.001 on GPU slot 2 device=1
Finished run_00012_new_npz_data_weather_data_T84_weather_hongkong_2006_2015_ld8_rw0.1_lr0.001_bs2048_fb0.1 status=completed histogram_distance=0.2875305116176605
Started run_00024_new_npz_data_weather_data_T84_weather_hongkong_2006_2015_ld8_rw1.0_lr0.01_bs2048_fb0.1 on GPU slot 5 device=1
Finished run_00017_new_npz_data_weather_data_T84_weather_hongkong_2006_2015_ld8_rw0.1_lr0.01_bs2048_fb0.001 status=completed histogram_distance=0.32067880034446716
Started run_00025_new_npz_data_weather_data_T84_weather_hongkong_2006_2015_ld8_rw1.0_lr0.01_bs2048_fb0.01 on GPU slot 9 device=1
Finished run_00016_new_npz_data_weather_data_T84_weather_hongkong_2006_2015_ld8_rw0.1_lr0.01_bs2048_fb0.01 status=completed histogram_distance=0.320486843585968
Started run_00026_new_npz_data_weather_data_T84_weather_hongkong_2006_2015_ld8_rw1.0_lr0.01_bs2048_fb0.001 on GPU slot 4 device=1
Finished run_00015_new_npz_data_weather_data_T84_weather_hongkong_2006_2015_ld8_rw0.1_lr0.01_bs2048_fb0.1 status=completed histogram_distance=0.3165876865386963
Started run_00027_new_npz_data_weather_data_T84_weather_hongkong_2006_2015_ld8_rw10.0_lr0.0001_bs2048_fb0.1 on GPU slot 7 device=1
Finished run_00013_new_npz_data_weather_data_T84_weather_hongkong_2006_2015_ld8_rw0.1_lr0.001_bs2048_fb0.01 status=completed histogram_distance=0.26392149925231934
Finished run_00014_new_npz_data_weather_data_T84_weather_hongkong_2006_2015_ld8_rw0.1_lr0.001_bs2048_fb0.001 status=completed histogram_distance=0.2635580599308014
Started run_00028_new_npz_data_weather_data_T84_weather_hongkong_2006_2015_ld8_rw10.0_lr0.0001_bs2048_fb0.01 on GPU slot 6 device=1
Started run_00029_new_npz_data_weather_data_T84_weather_hongkong_2006_2015_ld8_rw10.0_lr0.0001_bs2048_fb0.001 on GPU slot 8 device=1
Finished run_00018_new_npz_data_weather_data_T84_weather_hongkong_2006_2015_ld8_rw1.0_lr0.0001_bs2048_fb0.1 status=completed histogram_distance=0.26737740635871887
Finished run_00019_new_npz_data_weather_data_T84_weather_hongkong_2006_2015_ld8_rw1.0_lr0.0001_bs2048_fb0.01 status=completed histogram_distance=0.2552197277545929
Started run_00030_new_npz_data_weather_data_T84_weather_hongkong_2006_2015_ld8_rw10.0_lr0.001_bs2048_fb0.1 on GPU slot 1 device=1
Started run_00031_new_npz_data_weather_data_T84_weather_hongkong_2006_2015_ld8_rw10.0_lr0.001_bs2048_fb0.01 on GPU slot 11 device=1
Finished run_00021_new_npz_data_weather_data_T84_weather_hongkong_2006_2015_ld8_rw1.0_lr0.001_bs2048_fb0.1 status=completed histogram_distance=0.2893475890159607
Started run_00032_new_npz_data_weather_data_T84_weather_hongkong_2006_2015_ld8_rw10.0_lr0.001_bs2048_fb0.001 on GPU slot 0 device=1
Finished run_00022_new_npz_data_weather_data_T84_weather_hongkong_2006_2015_ld8_rw1.0_lr0.001_bs2048_fb0.01 status=completed histogram_distance=0.2663383185863495
Started run_00033_new_npz_data_weather_data_T84_weather_hongkong_2006_2015_ld8_rw10.0_lr0.01_bs2048_fb0.1 on GPU slot 3 device=1
Finished run_00023_new_npz_data_weather_data_T84_weather_hongkong_2006_2015_ld8_rw1.0_lr0.001_bs2048_fb0.001 status=completed histogram_distance=0.2564048767089844
Started run_00034_new_npz_data_weather_data_T84_weather_hongkong_2006_2015_ld8_rw10.0_lr0.01_bs2048_fb0.01 on GPU slot 2 device=1
Finished run_00020_new_npz_data_weather_data_T84_weather_hongkong_2006_2015_ld8_rw1.0_lr0.0001_bs2048_fb0.001 status=completed histogram_distance=0.25171902775764465
Started run_00035_new_npz_data_weather_data_T84_weather_hongkong_2006_2015_ld8_rw10.0_lr0.01_bs2048_fb0.001 on GPU slot 10 device=1
Finished run_00024_new_npz_data_weather_data_T84_weather_hongkong_2006_2015_ld8_rw1.0_lr0.01_bs2048_fb0.1 status=completed histogram_distance=0.35578835010528564
Started run_00036_new_npz_data_weather_data_T84_weather_hongkong_2006_2015_ld16_rw0.01_lr0.0001_bs2048_fb0.1 on GPU slot 5 device=1
Finished run_00025_new_npz_data_weather_data_T84_weather_hongkong_2006_2015_ld8_rw1.0_lr0.01_bs2048_fb0.01 status=completed histogram_distance=0.32500940561294556
Started run_00037_new_npz_data_weather_data_T84_weather_hongkong_2006_2015_ld16_rw0.01_lr0.0001_bs2048_fb0.01 on GPU slot 9 device=1
Finished run_00026_new_npz_data_weather_data_T84_weather_hongkong_2006_2015_ld8_rw1.0_lr0.01_bs2048_fb0.001 status=completed histogram_distance=0.3297477066516876
Started run_00038_new_npz_data_weather_data_T84_weather_hongkong_2006_2015_ld16_rw0.01_lr0.0001_bs2048_fb0.001 on GPU slot 4 device=1
Finished run_00029_new_npz_data_weather_data_T84_weather_hongkong_2006_2015_ld8_rw10.0_lr0.0001_bs2048_fb0.001 status=completed histogram_distance=0.2273629903793335
Started run_00039_new_npz_data_weather_data_T84_weather_hongkong_2006_2015_ld16_rw0.01_lr0.001_bs2048_fb0.1 on GPU slot 8 device=1
Finished run_00033_new_npz_data_weather_data_T84_weather_hongkong_2006_2015_ld8_rw10.0_lr0.01_bs2048_fb0.1 status=completed histogram_distance=0.2713060975074768
Started run_00040_new_npz_data_weather_data_T84_weather_hongkong_2006_2015_ld16_rw0.01_lr0.001_bs2048_fb0.01 on GPU slot 3 device=1
Finished run_00028_new_npz_data_weather_data_T84_weather_hongkong_2006_2015_ld8_rw10.0_lr0.0001_bs2048_fb0.01 status=completed histogram_distance=0.22941693663597107
Started run_00041_new_npz_data_weather_data_T84_weather_hongkong_2006_2015_ld16_rw0.01_lr0.001_bs2048_fb0.001 on GPU slot 6 device=1
Finished run_00027_new_npz_data_weather_data_T84_weather_hongkong_2006_2015_ld8_rw10.0_lr0.0001_bs2048_fb0.1 status=completed histogram_distance=0.25617197155952454
Finished run_00030_new_npz_data_weather_data_T84_weather_hongkong_2006_2015_ld8_rw10.0_lr0.001_bs2048_fb0.1 status=completed histogram_distance=0.2905426025390625
Started run_00042_new_npz_data_weather_data_T84_weather_hongkong_2006_2015_ld16_rw0.01_lr0.01_bs2048_fb0.1 on GPU slot 1 device=1
Started run_00043_new_npz_data_weather_data_T84_weather_hongkong_2006_2015_ld16_rw0.01_lr0.01_bs2048_fb0.01 on GPU slot 7 device=1
Finished run_00034_new_npz_data_weather_data_T84_weather_hongkong_2006_2015_ld8_rw10.0_lr0.01_bs2048_fb0.01 status=completed histogram_distance=0.2674992084503174
Started run_00044_new_npz_data_weather_data_T84_weather_hongkong_2006_2015_ld16_rw0.01_lr0.01_bs2048_fb0.001 on GPU slot 2 device=1
Finished run_00032_new_npz_data_weather_data_T84_weather_hongkong_2006_2015_ld8_rw10.0_lr0.001_bs2048_fb0.001 status=completed histogram_distance=0.2602035701274872
Started run_00045_new_npz_data_weather_data_T84_weather_hongkong_2006_2015_ld16_rw0.1_lr0.0001_bs2048_fb0.1 on GPU slot 0 device=1
Finished run_00031_new_npz_data_weather_data_T84_weather_hongkong_2006_2015_ld8_rw10.0_lr0.001_bs2048_fb0.01 status=completed histogram_distance=0.26146772503852844
Started run_00046_new_npz_data_weather_data_T84_weather_hongkong_2006_2015_ld16_rw0.1_lr0.0001_bs2048_fb0.01 on GPU slot 11 device=1
Finished run_00035_new_npz_data_weather_data_T84_weather_hongkong_2006_2015_ld8_rw10.0_lr0.01_bs2048_fb0.001 status=completed histogram_distance=0.2689192295074463
Started run_00047_new_npz_data_weather_data_T84_weather_hongkong_2006_2015_ld16_rw0.1_lr0.0001_bs2048_fb0.001 on GPU slot 10 device=1
Finished run_00038_new_npz_data_weather_data_T84_weather_hongkong_2006_2015_ld16_rw0.01_lr0.0001_bs2048_fb0.001 status=completed histogram_distance=0.2502903342247009
Started run_00048_new_npz_data_weather_data_T84_weather_hongkong_2006_2015_ld16_rw0.1_lr0.001_bs2048_fb0.1 on GPU slot 4 device=1
Finished run_00040_new_npz_data_weather_data_T84_weather_hongkong_2006_2015_ld16_rw0.01_lr0.001_bs2048_fb0.01 status=completed histogram_distance=0.26506859064102173
Started run_00049_new_npz_data_weather_data_T84_weather_hongkong_2006_2015_ld16_rw0.1_lr0.001_bs2048_fb0.01 on GPU slot 3 device=1
Finished run_00036_new_npz_data_weather_data_T84_weather_hongkong_2006_2015_ld16_rw0.01_lr0.0001_bs2048_fb0.1 status=completed histogram_distance=0.27953362464904785
Finished run_00037_new_npz_data_weather_data_T84_weather_hongkong_2006_2015_ld16_rw0.01_lr0.0001_bs2048_fb0.01 status=completed histogram_distance=0.2554110288619995
Finished run_00039_new_npz_data_weather_data_T84_weather_hongkong_2006_2015_ld16_rw0.01_lr0.001_bs2048_fb0.1 status=completed histogram_distance=0.3015008866786957
Started run_00050_new_npz_data_weather_data_T84_weather_hongkong_2006_2015_ld16_rw0.1_lr0.001_bs2048_fb0.001 on GPU slot 5 device=1
Started run_00051_new_npz_data_weather_data_T84_weather_hongkong_2006_2015_ld16_rw0.1_lr0.01_bs2048_fb0.1 on GPU slot 8 device=1
Started run_00052_new_npz_data_weather_data_T84_weather_hongkong_2006_2015_ld16_rw0.1_lr0.01_bs2048_fb0.01 on GPU slot 9 device=1
Finished run_00041_new_npz_data_weather_data_T84_weather_hongkong_2006_2015_ld16_rw0.01_lr0.001_bs2048_fb0.001 status=completed histogram_distance=0.2603117823600769
Finished run_00042_new_npz_data_weather_data_T84_weather_hongkong_2006_2015_ld16_rw0.01_lr0.01_bs2048_fb0.1 status=completed histogram_distance=0.33352530002593994
Finished run_00043_new_npz_data_weather_data_T84_weather_hongkong_2006_2015_ld16_rw0.01_lr0.01_bs2048_fb0.01 status=completed histogram_distance=0.3325250446796417
Finished run_00044_new_npz_data_weather_data_T84_weather_hongkong_2006_2015_ld16_rw0.01_lr0.01_bs2048_fb0.001 status=completed histogram_distance=0.32851994037628174
Started run_00053_new_npz_data_weather_data_T84_weather_hongkong_2006_2015_ld16_rw0.1_lr0.01_bs2048_fb0.001 on GPU slot 1 device=1
Started run_00054_new_npz_data_weather_data_T84_weather_hongkong_2006_2015_ld16_rw1.0_lr0.0001_bs2048_fb0.1 on GPU slot 2 device=1
Started run_00055_new_npz_data_weather_data_T84_weather_hongkong_2006_2015_ld16_rw1.0_lr0.0001_bs2048_fb0.01 on GPU slot 6 device=1
Started run_00056_new_npz_data_weather_data_T84_weather_hongkong_2006_2015_ld16_rw1.0_lr0.0001_bs2048_fb0.001 on GPU slot 7 device=1
Finished run_00046_new_npz_data_weather_data_T84_weather_hongkong_2006_2015_ld16_rw0.1_lr0.0001_bs2048_fb0.01 status=completed histogram_distance=0.25864338874816895
Started run_00057_new_npz_data_weather_data_T84_weather_hongkong_2006_2015_ld16_rw1.0_lr0.001_bs2048_fb0.1 on GPU slot 11 device=1
Finished run_00045_new_npz_data_weather_data_T84_weather_hongkong_2006_2015_ld16_rw0.1_lr0.0001_bs2048_fb0.1 status=completed histogram_distance=0.2668636739253998
Started run_00058_new_npz_data_weather_data_T84_weather_hongkong_2006_2015_ld16_rw1.0_lr0.001_bs2048_fb0.01 on GPU slot 0 device=1
Finished run_00047_new_npz_data_weather_data_T84_weather_hongkong_2006_2015_ld16_rw0.1_lr0.0001_bs2048_fb0.001 status=completed histogram_distance=0.25934499502182007
Started run_00059_new_npz_data_weather_data_T84_weather_hongkong_2006_2015_ld16_rw1.0_lr0.001_bs2048_fb0.001 on GPU slot 10 device=1
Finished run_00048_new_npz_data_weather_data_T84_weather_hongkong_2006_2015_ld16_rw0.1_lr0.001_bs2048_fb0.1 status=completed histogram_distance=0.2914644777774811
Started run_00060_new_npz_data_weather_data_T84_weather_hongkong_2006_2015_ld16_rw1.0_lr0.01_bs2048_fb0.1 on GPU slot 4 device=1
Finished run_00049_new_npz_data_weather_data_T84_weather_hongkong_2006_2015_ld16_rw0.1_lr0.001_bs2048_fb0.01 status=completed histogram_distance=0.26256632804870605
Started run_00061_new_npz_data_weather_data_T84_weather_hongkong_2006_2015_ld16_rw1.0_lr0.01_bs2048_fb0.01 on GPU slot 3 device=1
Finished run_00052_new_npz_data_weather_data_T84_weather_hongkong_2006_2015_ld16_rw0.1_lr0.01_bs2048_fb0.01 status=completed histogram_distance=0.3479021191596985
Started run_00062_new_npz_data_weather_data_T84_weather_hongkong_2006_2015_ld16_rw1.0_lr0.01_bs2048_fb0.001 on GPU slot 9 device=1
Finished run_00051_new_npz_data_weather_data_T84_weather_hongkong_2006_2015_ld16_rw0.1_lr0.01_bs2048_fb0.1 status=completed histogram_distance=0.354605495929718
Started run_00063_new_npz_data_weather_data_T84_weather_hongkong_2006_2015_ld16_rw10.0_lr0.0001_bs2048_fb0.1 on GPU slot 8 device=1
Finished run_00050_new_npz_data_weather_data_T84_weather_hongkong_2006_2015_ld16_rw0.1_lr0.001_bs2048_fb0.001 status=completed histogram_distance=0.2592204213142395
Started run_00064_new_npz_data_weather_data_T84_weather_hongkong_2006_2015_ld16_rw10.0_lr0.0001_bs2048_fb0.01 on GPU slot 5 device=1
Finished run_00053_new_npz_data_weather_data_T84_weather_hongkong_2006_2015_ld16_rw0.1_lr0.01_bs2048_fb0.001 status=completed histogram_distance=0.34162068367004395
Started run_00065_new_npz_data_weather_data_T84_weather_hongkong_2006_2015_ld16_rw10.0_lr0.0001_bs2048_fb0.001 on GPU slot 1 device=1
Finished run_00055_new_npz_data_weather_data_T84_weather_hongkong_2006_2015_ld16_rw1.0_lr0.0001_bs2048_fb0.01 status=completed histogram_distance=0.25165852904319763
Started run_00066_new_npz_data_weather_data_T84_weather_hongkong_2006_2015_ld16_rw10.0_lr0.001_bs2048_fb0.1 on GPU slot 6 device=1
Finished run_00056_new_npz_data_weather_data_T84_weather_hongkong_2006_2015_ld16_rw1.0_lr0.0001_bs2048_fb0.001 status=completed histogram_distance=0.25254979729652405
Started run_00067_new_npz_data_weather_data_T84_weather_hongkong_2006_2015_ld16_rw10.0_lr0.001_bs2048_fb0.01 on GPU slot 7 device=1
Finished run_00054_new_npz_data_weather_data_T84_weather_hongkong_2006_2015_ld16_rw1.0_lr0.0001_bs2048_fb0.1 status=completed histogram_distance=0.24648652970790863
Finished run_00059_new_npz_data_weather_data_T84_weather_hongkong_2006_2015_ld16_rw1.0_lr0.001_bs2048_fb0.001 status=completed histogram_distance=0.25630995631217957
Started run_00068_new_npz_data_weather_data_T84_weather_hongkong_2006_2015_ld16_rw10.0_lr0.001_bs2048_fb0.001 on GPU slot 2 device=1
Started run_00069_new_npz_data_weather_data_T84_weather_hongkong_2006_2015_ld16_rw10.0_lr0.01_bs2048_fb0.1 on GPU slot 10 device=1
Finished run_00057_new_npz_data_weather_data_T84_weather_hongkong_2006_2015_ld16_rw1.0_lr0.001_bs2048_fb0.1 status=completed histogram_distance=0.28684353828430176
Started run_00070_new_npz_data_weather_data_T84_weather_hongkong_2006_2015_ld16_rw10.0_lr0.01_bs2048_fb0.01 on GPU slot 11 device=1
Finished run_00058_new_npz_data_weather_data_T84_weather_hongkong_2006_2015_ld16_rw1.0_lr0.001_bs2048_fb0.01 status=completed histogram_distance=0.25556430220603943
Started run_00071_new_npz_data_weather_data_T84_weather_hongkong_2006_2015_ld16_rw10.0_lr0.01_bs2048_fb0.001 on GPU slot 0 device=1
Finished run_00061_new_npz_data_weather_data_T84_weather_hongkong_2006_2015_ld16_rw1.0_lr0.01_bs2048_fb0.01 status=completed histogram_distance=0.3408392369747162
Finished run_00060_new_npz_data_weather_data_T84_weather_hongkong_2006_2015_ld16_rw1.0_lr0.01_bs2048_fb0.1 status=completed histogram_distance=0.3902755677700043
Finished run_00062_new_npz_data_weather_data_T84_weather_hongkong_2006_2015_ld16_rw1.0_lr0.01_bs2048_fb0.001 status=completed histogram_distance=0.3422379791736603
Finished run_00066_new_npz_data_weather_data_T84_weather_hongkong_2006_2015_ld16_rw10.0_lr0.001_bs2048_fb0.1 status=completed histogram_distance=0.26715007424354553
Finished run_00064_new_npz_data_weather_data_T84_weather_hongkong_2006_2015_ld16_rw10.0_lr0.0001_bs2048_fb0.01 status=completed histogram_distance=0.2566559910774231
Finished run_00067_new_npz_data_weather_data_T84_weather_hongkong_2006_2015_ld16_rw10.0_lr0.001_bs2048_fb0.01 status=completed histogram_distance=0.2671965956687927
Finished run_00063_new_npz_data_weather_data_T84_weather_hongkong_2006_2015_ld16_rw10.0_lr0.0001_bs2048_fb0.1 status=completed histogram_distance=0.23187410831451416
Finished run_00068_new_npz_data_weather_data_T84_weather_hongkong_2006_2015_ld16_rw10.0_lr0.001_bs2048_fb0.001 status=completed histogram_distance=0.2674415111541748
Finished run_00069_new_npz_data_weather_data_T84_weather_hongkong_2006_2015_ld16_rw10.0_lr0.01_bs2048_fb0.1 status=completed histogram_distance=0.4309362769126892
Finished run_00070_new_npz_data_weather_data_T84_weather_hongkong_2006_2015_ld16_rw10.0_lr0.01_bs2048_fb0.01 status=completed histogram_distance=0.4777595102787018
Finished run_00071_new_npz_data_weather_data_T84_weather_hongkong_2006_2015_ld16_rw10.0_lr0.01_bs2048_fb0.001 status=completed histogram_distance=0.47812917828559875
Finished run_00065_new_npz_data_weather_data_T84_weather_hongkong_2006_2015_ld16_rw10.0_lr0.0001_bs2048_fb0.001 status=completed histogram_distance=0.25472962856292725
Best run: run_00029_new_npz_data_weather_data_T84_weather_hongkong_2006_2015_ld8_rw10.0_lr0.0001_bs2048_fb0.001 histogram_distance=0.2273629903793335
