nohup: ignoring input
Prepared 18 jobs in /data/jinyuli/Projects/timeVAE/outputs/hpo/weather20032014_oldloss_valloss/20260612_115704_london_2003_2014_timevae_grid_T32
Started run_00000_new_npz_data_weather_data_T32_weather_london_2003_2014_ld8_rw3.0_lr0.0001_bs16 on GPU slot 0 device=1
Started run_00001_new_npz_data_weather_data_T32_weather_london_2003_2014_ld8_rw3.0_lr0.0001_bs32 on GPU slot 1 device=1
Finished run_00001_new_npz_data_weather_data_T32_weather_london_2003_2014_ld8_rw3.0_lr0.0001_bs32 status=completed val_total_loss=7.882066249847412
Started run_00002_new_npz_data_weather_data_T32_weather_london_2003_2014_ld8_rw3.0_lr0.0001_bs64 on GPU slot 1 device=1
Finished run_00002_new_npz_data_weather_data_T32_weather_london_2003_2014_ld8_rw3.0_lr0.0001_bs64 status=completed val_total_loss=7.9358696937561035
Started run_00003_new_npz_data_weather_data_T32_weather_london_2003_2014_ld8_rw3.0_lr0.001_bs16 on GPU slot 1 device=1
Finished run_00000_new_npz_data_weather_data_T32_weather_london_2003_2014_ld8_rw3.0_lr0.0001_bs16 status=completed val_total_loss=7.957217216491699
Started run_00004_new_npz_data_weather_data_T32_weather_london_2003_2014_ld8_rw3.0_lr0.001_bs32 on GPU slot 0 device=1
Finished run_00004_new_npz_data_weather_data_T32_weather_london_2003_2014_ld8_rw3.0_lr0.001_bs32 status=completed val_total_loss=7.945655345916748
Started run_00005_new_npz_data_weather_data_T32_weather_london_2003_2014_ld8_rw3.0_lr0.001_bs64 on GPU slot 0 device=1
Finished run_00005_new_npz_data_weather_data_T32_weather_london_2003_2014_ld8_rw3.0_lr0.001_bs64 status=completed val_total_loss=7.941247463226318
Started run_00006_new_npz_data_weather_data_T32_weather_london_2003_2014_ld8_rw3.0_lr0.01_bs16 on GPU slot 0 device=1
Finished run_00006_new_npz_data_weather_data_T32_weather_london_2003_2014_ld8_rw3.0_lr0.01_bs16 status=completed val_total_loss=11.262532234191895
Started run_00007_new_npz_data_weather_data_T32_weather_london_2003_2014_ld8_rw3.0_lr0.01_bs32 on GPU slot 0 device=1
Finished run_00003_new_npz_data_weather_data_T32_weather_london_2003_2014_ld8_rw3.0_lr0.001_bs16 status=completed val_total_loss=7.938180923461914
Started run_00008_new_npz_data_weather_data_T32_weather_london_2003_2014_ld8_rw3.0_lr0.01_bs64 on GPU slot 1 device=1
Finished run_00008_new_npz_data_weather_data_T32_weather_london_2003_2014_ld8_rw3.0_lr0.01_bs64 status=completed val_total_loss=11.209539413452148
Started run_00009_new_npz_data_weather_data_T32_weather_london_2003_2014_ld16_rw3.0_lr0.0001_bs16 on GPU slot 1 device=1
Finished run_00007_new_npz_data_weather_data_T32_weather_london_2003_2014_ld8_rw3.0_lr0.01_bs32 status=completed val_total_loss=8.149579048156738
Started run_00010_new_npz_data_weather_data_T32_weather_london_2003_2014_ld16_rw3.0_lr0.0001_bs32 on GPU slot 0 device=1
Finished run_00010_new_npz_data_weather_data_T32_weather_london_2003_2014_ld16_rw3.0_lr0.0001_bs32 status=completed val_total_loss=7.9540300369262695
Started run_00011_new_npz_data_weather_data_T32_weather_london_2003_2014_ld16_rw3.0_lr0.0001_bs64 on GPU slot 0 device=1
Finished run_00009_new_npz_data_weather_data_T32_weather_london_2003_2014_ld16_rw3.0_lr0.0001_bs16 status=completed val_total_loss=7.973438262939453
Started run_00012_new_npz_data_weather_data_T32_weather_london_2003_2014_ld16_rw3.0_lr0.001_bs16 on GPU slot 1 device=1
Finished run_00011_new_npz_data_weather_data_T32_weather_london_2003_2014_ld16_rw3.0_lr0.0001_bs64 status=completed val_total_loss=7.931570529937744
Started run_00013_new_npz_data_weather_data_T32_weather_london_2003_2014_ld16_rw3.0_lr0.001_bs32 on GPU slot 0 device=1
Finished run_00013_new_npz_data_weather_data_T32_weather_london_2003_2014_ld16_rw3.0_lr0.001_bs32 status=completed val_total_loss=7.941762924194336
Started run_00014_new_npz_data_weather_data_T32_weather_london_2003_2014_ld16_rw3.0_lr0.001_bs64 on GPU slot 0 device=1
Finished run_00012_new_npz_data_weather_data_T32_weather_london_2003_2014_ld16_rw3.0_lr0.001_bs16 status=completed val_total_loss=7.9514055252075195
Started run_00015_new_npz_data_weather_data_T32_weather_london_2003_2014_ld16_rw3.0_lr0.01_bs16 on GPU slot 1 device=1
Finished run_00014_new_npz_data_weather_data_T32_weather_london_2003_2014_ld16_rw3.0_lr0.001_bs64 status=completed val_total_loss=7.9275593757629395
Started run_00016_new_npz_data_weather_data_T32_weather_london_2003_2014_ld16_rw3.0_lr0.01_bs32 on GPU slot 0 device=1
Finished run_00015_new_npz_data_weather_data_T32_weather_london_2003_2014_ld16_rw3.0_lr0.01_bs16 status=completed val_total_loss=11.255928993225098
Finished run_00016_new_npz_data_weather_data_T32_weather_london_2003_2014_ld16_rw3.0_lr0.01_bs32 status=completed val_total_loss=11.219602584838867
Started run_00017_new_npz_data_weather_data_T32_weather_london_2003_2014_ld16_rw3.0_lr0.01_bs64 on GPU slot 0 device=1
Finished run_00017_new_npz_data_weather_data_T32_weather_london_2003_2014_ld16_rw3.0_lr0.01_bs64 status=completed val_total_loss=8.098543167114258
Best run: run_00001_new_npz_data_weather_data_T32_weather_london_2003_2014_ld8_rw3.0_lr0.0001_bs32 val_total_loss=7.882066249847412
