nohup: ignoring input
Prepared 18 jobs in /data/jinyuli/Projects/timeVAE/outputs/hpo/weather20032014_oldloss_valloss/20260603_173137_hongkong_2003_2014_timevae_grid_T84
Started run_00000_new_npz_data_weather_data_T84_weather_hongkong_2003_2014_ld8_rw3.0_lr0.0001_bs16 on GPU slot 0 device=2
Started run_00001_new_npz_data_weather_data_T84_weather_hongkong_2003_2014_ld8_rw3.0_lr0.0001_bs32 on GPU slot 1 device=2
Started run_00002_new_npz_data_weather_data_T84_weather_hongkong_2003_2014_ld8_rw3.0_lr0.0001_bs64 on GPU slot 2 device=2
Started run_00003_new_npz_data_weather_data_T84_weather_hongkong_2003_2014_ld8_rw3.0_lr0.001_bs16 on GPU slot 3 device=2
Finished run_00002_new_npz_data_weather_data_T84_weather_hongkong_2003_2014_ld8_rw3.0_lr0.0001_bs64 status=completed val_total_loss=10.378396987915039
Started run_00004_new_npz_data_weather_data_T84_weather_hongkong_2003_2014_ld8_rw3.0_lr0.001_bs32 on GPU slot 2 device=2
Finished run_00004_new_npz_data_weather_data_T84_weather_hongkong_2003_2014_ld8_rw3.0_lr0.001_bs32 status=completed val_total_loss=10.367094993591309
Started run_00005_new_npz_data_weather_data_T84_weather_hongkong_2003_2014_ld8_rw3.0_lr0.001_bs64 on GPU slot 2 device=2
Finished run_00003_new_npz_data_weather_data_T84_weather_hongkong_2003_2014_ld8_rw3.0_lr0.001_bs16 status=completed val_total_loss=10.412936210632324
Started run_00006_new_npz_data_weather_data_T84_weather_hongkong_2003_2014_ld8_rw3.0_lr0.01_bs16 on GPU slot 3 device=2
Finished run_00001_new_npz_data_weather_data_T84_weather_hongkong_2003_2014_ld8_rw3.0_lr0.0001_bs32 status=completed val_total_loss=10.320038795471191
Started run_00007_new_npz_data_weather_data_T84_weather_hongkong_2003_2014_ld8_rw3.0_lr0.01_bs32 on GPU slot 1 device=2
Finished run_00005_new_npz_data_weather_data_T84_weather_hongkong_2003_2014_ld8_rw3.0_lr0.001_bs64 status=completed val_total_loss=10.394198417663574
Started run_00008_new_npz_data_weather_data_T84_weather_hongkong_2003_2014_ld8_rw3.0_lr0.01_bs64 on GPU slot 2 device=2
Finished run_00007_new_npz_data_weather_data_T84_weather_hongkong_2003_2014_ld8_rw3.0_lr0.01_bs32 status=completed val_total_loss=10.760290145874023
Started run_00009_new_npz_data_weather_data_T84_weather_hongkong_2003_2014_ld16_rw3.0_lr0.0001_bs16 on GPU slot 1 device=2
Finished run_00006_new_npz_data_weather_data_T84_weather_hongkong_2003_2014_ld8_rw3.0_lr0.01_bs16 status=completed val_total_loss=24.958955764770508
Started run_00010_new_npz_data_weather_data_T84_weather_hongkong_2003_2014_ld16_rw3.0_lr0.0001_bs32 on GPU slot 3 device=2
Finished run_00008_new_npz_data_weather_data_T84_weather_hongkong_2003_2014_ld8_rw3.0_lr0.01_bs64 status=completed val_total_loss=10.52174186706543
Started run_00011_new_npz_data_weather_data_T84_weather_hongkong_2003_2014_ld16_rw3.0_lr0.0001_bs64 on GPU slot 2 device=2
Finished run_00011_new_npz_data_weather_data_T84_weather_hongkong_2003_2014_ld16_rw3.0_lr0.0001_bs64 status=completed val_total_loss=10.408929824829102
Started run_00012_new_npz_data_weather_data_T84_weather_hongkong_2003_2014_ld16_rw3.0_lr0.001_bs16 on GPU slot 2 device=2
Finished run_00000_new_npz_data_weather_data_T84_weather_hongkong_2003_2014_ld8_rw3.0_lr0.0001_bs16 status=completed val_total_loss=10.32862663269043
Started run_00013_new_npz_data_weather_data_T84_weather_hongkong_2003_2014_ld16_rw3.0_lr0.001_bs32 on GPU slot 0 device=2
Finished run_00010_new_npz_data_weather_data_T84_weather_hongkong_2003_2014_ld16_rw3.0_lr0.0001_bs32 status=completed val_total_loss=10.306234359741211
Started run_00014_new_npz_data_weather_data_T84_weather_hongkong_2003_2014_ld16_rw3.0_lr0.001_bs64 on GPU slot 3 device=2
Finished run_00009_new_npz_data_weather_data_T84_weather_hongkong_2003_2014_ld16_rw3.0_lr0.0001_bs16 status=completed val_total_loss=10.376336097717285
Started run_00015_new_npz_data_weather_data_T84_weather_hongkong_2003_2014_ld16_rw3.0_lr0.01_bs16 on GPU slot 1 device=2
Finished run_00013_new_npz_data_weather_data_T84_weather_hongkong_2003_2014_ld16_rw3.0_lr0.001_bs32 status=completed val_total_loss=10.435823440551758
Started run_00016_new_npz_data_weather_data_T84_weather_hongkong_2003_2014_ld16_rw3.0_lr0.01_bs32 on GPU slot 0 device=2
Finished run_00014_new_npz_data_weather_data_T84_weather_hongkong_2003_2014_ld16_rw3.0_lr0.001_bs64 status=completed val_total_loss=10.3699951171875
Started run_00017_new_npz_data_weather_data_T84_weather_hongkong_2003_2014_ld16_rw3.0_lr0.01_bs64 on GPU slot 3 device=2
Finished run_00016_new_npz_data_weather_data_T84_weather_hongkong_2003_2014_ld16_rw3.0_lr0.01_bs32 status=completed val_total_loss=10.948873519897461
Finished run_00015_new_npz_data_weather_data_T84_weather_hongkong_2003_2014_ld16_rw3.0_lr0.01_bs16 status=completed val_total_loss=11.134974479675293
Finished run_00017_new_npz_data_weather_data_T84_weather_hongkong_2003_2014_ld16_rw3.0_lr0.01_bs64 status=completed val_total_loss=10.60708236694336
Finished run_00012_new_npz_data_weather_data_T84_weather_hongkong_2003_2014_ld16_rw3.0_lr0.001_bs16 status=completed val_total_loss=10.43977165222168
Best run: run_00010_new_npz_data_weather_data_T84_weather_hongkong_2003_2014_ld16_rw3.0_lr0.0001_bs32 val_total_loss=10.306234359741211
