nohup: ignoring input
Prepared 18 jobs in /data/jinyuli/Projects/timeVAE/outputs/hpo/weather20032014_oldloss_valloss/20260603_173116_capetown_2003_2014_timevae_grid_T84
Started run_00000_new_npz_data_weather_data_T84_weather_capetown_2003_2014_ld8_rw3.0_lr0.0001_bs16 on GPU slot 0 device=1
Started run_00001_new_npz_data_weather_data_T84_weather_capetown_2003_2014_ld8_rw3.0_lr0.0001_bs32 on GPU slot 1 device=1
Started run_00002_new_npz_data_weather_data_T84_weather_capetown_2003_2014_ld8_rw3.0_lr0.0001_bs64 on GPU slot 2 device=1
Started run_00003_new_npz_data_weather_data_T84_weather_capetown_2003_2014_ld8_rw3.0_lr0.001_bs16 on GPU slot 3 device=1
Finished run_00002_new_npz_data_weather_data_T84_weather_capetown_2003_2014_ld8_rw3.0_lr0.0001_bs64 status=completed val_total_loss=21.60566520690918
Started run_00004_new_npz_data_weather_data_T84_weather_capetown_2003_2014_ld8_rw3.0_lr0.001_bs32 on GPU slot 2 device=1
Finished run_00003_new_npz_data_weather_data_T84_weather_capetown_2003_2014_ld8_rw3.0_lr0.001_bs16 status=completed val_total_loss=21.75358772277832
Started run_00005_new_npz_data_weather_data_T84_weather_capetown_2003_2014_ld8_rw3.0_lr0.001_bs64 on GPU slot 3 device=1
Finished run_00004_new_npz_data_weather_data_T84_weather_capetown_2003_2014_ld8_rw3.0_lr0.001_bs32 status=completed val_total_loss=21.779773712158203
Started run_00006_new_npz_data_weather_data_T84_weather_capetown_2003_2014_ld8_rw3.0_lr0.01_bs16 on GPU slot 2 device=1
Finished run_00005_new_npz_data_weather_data_T84_weather_capetown_2003_2014_ld8_rw3.0_lr0.001_bs64 status=completed val_total_loss=21.755643844604492
Started run_00007_new_npz_data_weather_data_T84_weather_capetown_2003_2014_ld8_rw3.0_lr0.01_bs32 on GPU slot 3 device=1
Finished run_00001_new_npz_data_weather_data_T84_weather_capetown_2003_2014_ld8_rw3.0_lr0.0001_bs32 status=completed val_total_loss=21.607694625854492
Started run_00008_new_npz_data_weather_data_T84_weather_capetown_2003_2014_ld8_rw3.0_lr0.01_bs64 on GPU slot 1 device=1
Finished run_00008_new_npz_data_weather_data_T84_weather_capetown_2003_2014_ld8_rw3.0_lr0.01_bs64 status=completed val_total_loss=22.125789642333984
Started run_00009_new_npz_data_weather_data_T84_weather_capetown_2003_2014_ld16_rw3.0_lr0.0001_bs16 on GPU slot 1 device=1
Finished run_00007_new_npz_data_weather_data_T84_weather_capetown_2003_2014_ld8_rw3.0_lr0.01_bs32 status=completed val_total_loss=23.474931716918945
Started run_00010_new_npz_data_weather_data_T84_weather_capetown_2003_2014_ld16_rw3.0_lr0.0001_bs32 on GPU slot 3 device=1
Finished run_00006_new_npz_data_weather_data_T84_weather_capetown_2003_2014_ld8_rw3.0_lr0.01_bs16 status=completed val_total_loss=23.689619064331055
Started run_00011_new_npz_data_weather_data_T84_weather_capetown_2003_2014_ld16_rw3.0_lr0.0001_bs64 on GPU slot 2 device=1
Finished run_00000_new_npz_data_weather_data_T84_weather_capetown_2003_2014_ld8_rw3.0_lr0.0001_bs16 status=completed val_total_loss=21.566789627075195
Started run_00012_new_npz_data_weather_data_T84_weather_capetown_2003_2014_ld16_rw3.0_lr0.001_bs16 on GPU slot 0 device=1
Finished run_00011_new_npz_data_weather_data_T84_weather_capetown_2003_2014_ld16_rw3.0_lr0.0001_bs64 status=completed val_total_loss=21.361156463623047
Started run_00013_new_npz_data_weather_data_T84_weather_capetown_2003_2014_ld16_rw3.0_lr0.001_bs32 on GPU slot 2 device=1
Finished run_00010_new_npz_data_weather_data_T84_weather_capetown_2003_2014_ld16_rw3.0_lr0.0001_bs32 status=completed val_total_loss=21.417203903198242
Started run_00014_new_npz_data_weather_data_T84_weather_capetown_2003_2014_ld16_rw3.0_lr0.001_bs64 on GPU slot 3 device=1
Finished run_00014_new_npz_data_weather_data_T84_weather_capetown_2003_2014_ld16_rw3.0_lr0.001_bs64 status=completed val_total_loss=21.60704803466797
Started run_00015_new_npz_data_weather_data_T84_weather_capetown_2003_2014_ld16_rw3.0_lr0.01_bs16 on GPU slot 3 device=1
Finished run_00013_new_npz_data_weather_data_T84_weather_capetown_2003_2014_ld16_rw3.0_lr0.001_bs32 status=completed val_total_loss=21.618637084960938
Started run_00016_new_npz_data_weather_data_T84_weather_capetown_2003_2014_ld16_rw3.0_lr0.01_bs32 on GPU slot 2 device=1
Finished run_00009_new_npz_data_weather_data_T84_weather_capetown_2003_2014_ld16_rw3.0_lr0.0001_bs16 status=completed val_total_loss=21.497570037841797
Started run_00017_new_npz_data_weather_data_T84_weather_capetown_2003_2014_ld16_rw3.0_lr0.01_bs64 on GPU slot 1 device=1
Finished run_00015_new_npz_data_weather_data_T84_weather_capetown_2003_2014_ld16_rw3.0_lr0.01_bs16 status=completed val_total_loss=24.235092163085938
Finished run_00012_new_npz_data_weather_data_T84_weather_capetown_2003_2014_ld16_rw3.0_lr0.001_bs16 status=completed val_total_loss=21.59898567199707
Finished run_00017_new_npz_data_weather_data_T84_weather_capetown_2003_2014_ld16_rw3.0_lr0.01_bs64 status=completed val_total_loss=22.21003532409668
Finished run_00016_new_npz_data_weather_data_T84_weather_capetown_2003_2014_ld16_rw3.0_lr0.01_bs32 status=completed val_total_loss=24.121681213378906
Best run: run_00011_new_npz_data_weather_data_T84_weather_capetown_2003_2014_ld16_rw3.0_lr0.0001_bs64 val_total_loss=21.361156463623047
