nohup: ignoring input
Prepared 18 jobs in /data/jinyuli/Projects/timeVAE/outputs/hpo/weather20032014_oldloss_valloss/20260612_115625_london_2003_2014_timevae_grid_T40
Started run_00000_new_npz_data_weather_data_T40_weather_london_2003_2014_ld8_rw3.0_lr0.0001_bs16 on GPU slot 0 device=1
Started run_00001_new_npz_data_weather_data_T40_weather_london_2003_2014_ld8_rw3.0_lr0.0001_bs32 on GPU slot 1 device=1
Finished run_00001_new_npz_data_weather_data_T40_weather_london_2003_2014_ld8_rw3.0_lr0.0001_bs32 status=completed val_total_loss=9.798666000366211
Started run_00002_new_npz_data_weather_data_T40_weather_london_2003_2014_ld8_rw3.0_lr0.0001_bs64 on GPU slot 1 device=1
Finished run_00000_new_npz_data_weather_data_T40_weather_london_2003_2014_ld8_rw3.0_lr0.0001_bs16 status=completed val_total_loss=9.783100128173828
Started run_00003_new_npz_data_weather_data_T40_weather_london_2003_2014_ld8_rw3.0_lr0.001_bs16 on GPU slot 0 device=1
Finished run_00002_new_npz_data_weather_data_T40_weather_london_2003_2014_ld8_rw3.0_lr0.0001_bs64 status=completed val_total_loss=9.732596397399902
Started run_00004_new_npz_data_weather_data_T40_weather_london_2003_2014_ld8_rw3.0_lr0.001_bs32 on GPU slot 1 device=1
Finished run_00004_new_npz_data_weather_data_T40_weather_london_2003_2014_ld8_rw3.0_lr0.001_bs32 status=completed val_total_loss=9.87492561340332
Started run_00005_new_npz_data_weather_data_T40_weather_london_2003_2014_ld8_rw3.0_lr0.001_bs64 on GPU slot 1 device=1
Finished run_00003_new_npz_data_weather_data_T40_weather_london_2003_2014_ld8_rw3.0_lr0.001_bs16 status=completed val_total_loss=9.83653736114502
Started run_00006_new_npz_data_weather_data_T40_weather_london_2003_2014_ld8_rw3.0_lr0.01_bs16 on GPU slot 0 device=1
Finished run_00005_new_npz_data_weather_data_T40_weather_london_2003_2014_ld8_rw3.0_lr0.001_bs64 status=completed val_total_loss=9.869091033935547
Started run_00007_new_npz_data_weather_data_T40_weather_london_2003_2014_ld8_rw3.0_lr0.01_bs32 on GPU slot 1 device=1
Finished run_00006_new_npz_data_weather_data_T40_weather_london_2003_2014_ld8_rw3.0_lr0.01_bs16 status=completed val_total_loss=14.311406135559082
Started run_00008_new_npz_data_weather_data_T40_weather_london_2003_2014_ld8_rw3.0_lr0.01_bs64 on GPU slot 0 device=1
Finished run_00007_new_npz_data_weather_data_T40_weather_london_2003_2014_ld8_rw3.0_lr0.01_bs32 status=completed val_total_loss=10.043963432312012
Started run_00009_new_npz_data_weather_data_T40_weather_london_2003_2014_ld16_rw3.0_lr0.0001_bs16 on GPU slot 1 device=1
Finished run_00008_new_npz_data_weather_data_T40_weather_london_2003_2014_ld8_rw3.0_lr0.01_bs64 status=completed val_total_loss=9.970719337463379
Started run_00010_new_npz_data_weather_data_T40_weather_london_2003_2014_ld16_rw3.0_lr0.0001_bs32 on GPU slot 0 device=1
Finished run_00009_new_npz_data_weather_data_T40_weather_london_2003_2014_ld16_rw3.0_lr0.0001_bs16 status=completed val_total_loss=9.81640911102295
Started run_00011_new_npz_data_weather_data_T40_weather_london_2003_2014_ld16_rw3.0_lr0.0001_bs64 on GPU slot 1 device=1
Finished run_00010_new_npz_data_weather_data_T40_weather_london_2003_2014_ld16_rw3.0_lr0.0001_bs32 status=completed val_total_loss=9.77558708190918
Started run_00012_new_npz_data_weather_data_T40_weather_london_2003_2014_ld16_rw3.0_lr0.001_bs16 on GPU slot 0 device=1
Finished run_00011_new_npz_data_weather_data_T40_weather_london_2003_2014_ld16_rw3.0_lr0.0001_bs64 status=completed val_total_loss=9.809131622314453
Started run_00013_new_npz_data_weather_data_T40_weather_london_2003_2014_ld16_rw3.0_lr0.001_bs32 on GPU slot 1 device=1
Finished run_00013_new_npz_data_weather_data_T40_weather_london_2003_2014_ld16_rw3.0_lr0.001_bs32 status=completed val_total_loss=9.851119995117188
Started run_00014_new_npz_data_weather_data_T40_weather_london_2003_2014_ld16_rw3.0_lr0.001_bs64 on GPU slot 1 device=1
Finished run_00014_new_npz_data_weather_data_T40_weather_london_2003_2014_ld16_rw3.0_lr0.001_bs64 status=completed val_total_loss=9.849928855895996
Started run_00015_new_npz_data_weather_data_T40_weather_london_2003_2014_ld16_rw3.0_lr0.01_bs16 on GPU slot 1 device=1
Finished run_00012_new_npz_data_weather_data_T40_weather_london_2003_2014_ld16_rw3.0_lr0.001_bs16 status=completed val_total_loss=9.86929702758789
Started run_00016_new_npz_data_weather_data_T40_weather_london_2003_2014_ld16_rw3.0_lr0.01_bs32 on GPU slot 0 device=1
Finished run_00015_new_npz_data_weather_data_T40_weather_london_2003_2014_ld16_rw3.0_lr0.01_bs16 status=completed val_total_loss=10.122013092041016
Started run_00017_new_npz_data_weather_data_T40_weather_london_2003_2014_ld16_rw3.0_lr0.01_bs64 on GPU slot 1 device=1
Finished run_00016_new_npz_data_weather_data_T40_weather_london_2003_2014_ld16_rw3.0_lr0.01_bs32 status=completed val_total_loss=10.073050498962402
Finished run_00017_new_npz_data_weather_data_T40_weather_london_2003_2014_ld16_rw3.0_lr0.01_bs64 status=completed val_total_loss=9.972602844238281
Best run: run_00002_new_npz_data_weather_data_T40_weather_london_2003_2014_ld8_rw3.0_lr0.0001_bs64 val_total_loss=9.732596397399902
