nohup: ignoring input
Prepared 18 jobs in /data/jinyuli/Projects/timeVAE/outputs/hpo/weather20032014_oldloss_valloss/20260603_172941_london_2003_2014_timevae_grid_T84
Started run_00000_new_npz_data_weather_data_T84_weather_london_2003_2014_ld8_rw3.0_lr0.0001_bs16 on GPU slot 0 device=0
Started run_00001_new_npz_data_weather_data_T84_weather_london_2003_2014_ld8_rw3.0_lr0.0001_bs32 on GPU slot 1 device=0
Started run_00002_new_npz_data_weather_data_T84_weather_london_2003_2014_ld8_rw3.0_lr0.0001_bs64 on GPU slot 2 device=0
Started run_00003_new_npz_data_weather_data_T84_weather_london_2003_2014_ld8_rw3.0_lr0.001_bs16 on GPU slot 3 device=0
Finished run_00002_new_npz_data_weather_data_T84_weather_london_2003_2014_ld8_rw3.0_lr0.0001_bs64 status=completed val_total_loss=20.121335983276367
Started run_00004_new_npz_data_weather_data_T84_weather_london_2003_2014_ld8_rw3.0_lr0.001_bs32 on GPU slot 2 device=0
Finished run_00001_new_npz_data_weather_data_T84_weather_london_2003_2014_ld8_rw3.0_lr0.0001_bs32 status=completed val_total_loss=20.125226974487305
Finished run_00003_new_npz_data_weather_data_T84_weather_london_2003_2014_ld8_rw3.0_lr0.001_bs16 status=completed val_total_loss=20.236848831176758
Started run_00005_new_npz_data_weather_data_T84_weather_london_2003_2014_ld8_rw3.0_lr0.001_bs64 on GPU slot 1 device=0
Started run_00006_new_npz_data_weather_data_T84_weather_london_2003_2014_ld8_rw3.0_lr0.01_bs16 on GPU slot 3 device=0
Finished run_00005_new_npz_data_weather_data_T84_weather_london_2003_2014_ld8_rw3.0_lr0.001_bs64 status=completed val_total_loss=20.407730102539062
Started run_00007_new_npz_data_weather_data_T84_weather_london_2003_2014_ld8_rw3.0_lr0.01_bs32 on GPU slot 1 device=0
Finished run_00000_new_npz_data_weather_data_T84_weather_london_2003_2014_ld8_rw3.0_lr0.0001_bs16 status=completed val_total_loss=20.006296157836914
Started run_00008_new_npz_data_weather_data_T84_weather_london_2003_2014_ld8_rw3.0_lr0.01_bs64 on GPU slot 0 device=0
Finished run_00004_new_npz_data_weather_data_T84_weather_london_2003_2014_ld8_rw3.0_lr0.001_bs32 status=completed val_total_loss=20.431610107421875
Started run_00009_new_npz_data_weather_data_T84_weather_london_2003_2014_ld16_rw3.0_lr0.0001_bs16 on GPU slot 2 device=0
Finished run_00007_new_npz_data_weather_data_T84_weather_london_2003_2014_ld8_rw3.0_lr0.01_bs32 status=completed val_total_loss=29.146217346191406
Started run_00010_new_npz_data_weather_data_T84_weather_london_2003_2014_ld16_rw3.0_lr0.0001_bs32 on GPU slot 1 device=0
Finished run_00008_new_npz_data_weather_data_T84_weather_london_2003_2014_ld8_rw3.0_lr0.01_bs64 status=completed val_total_loss=20.322277069091797
Started run_00011_new_npz_data_weather_data_T84_weather_london_2003_2014_ld16_rw3.0_lr0.0001_bs64 on GPU slot 0 device=0
Finished run_00006_new_npz_data_weather_data_T84_weather_london_2003_2014_ld8_rw3.0_lr0.01_bs16 status=completed val_total_loss=21.2037296295166
Started run_00012_new_npz_data_weather_data_T84_weather_london_2003_2014_ld16_rw3.0_lr0.001_bs16 on GPU slot 3 device=0
Finished run_00011_new_npz_data_weather_data_T84_weather_london_2003_2014_ld16_rw3.0_lr0.0001_bs64 status=completed val_total_loss=19.898704528808594
Started run_00013_new_npz_data_weather_data_T84_weather_london_2003_2014_ld16_rw3.0_lr0.001_bs32 on GPU slot 0 device=0
Finished run_00009_new_npz_data_weather_data_T84_weather_london_2003_2014_ld16_rw3.0_lr0.0001_bs16 status=completed val_total_loss=19.997209548950195
Started run_00014_new_npz_data_weather_data_T84_weather_london_2003_2014_ld16_rw3.0_lr0.001_bs64 on GPU slot 2 device=0
Finished run_00013_new_npz_data_weather_data_T84_weather_london_2003_2014_ld16_rw3.0_lr0.001_bs32 status=completed val_total_loss=20.287620544433594
Started run_00015_new_npz_data_weather_data_T84_weather_london_2003_2014_ld16_rw3.0_lr0.01_bs16 on GPU slot 0 device=0
Finished run_00010_new_npz_data_weather_data_T84_weather_london_2003_2014_ld16_rw3.0_lr0.0001_bs32 status=completed val_total_loss=19.996606826782227
Started run_00016_new_npz_data_weather_data_T84_weather_london_2003_2014_ld16_rw3.0_lr0.01_bs32 on GPU slot 1 device=0
Finished run_00012_new_npz_data_weather_data_T84_weather_london_2003_2014_ld16_rw3.0_lr0.001_bs16 status=completed val_total_loss=20.27520751953125
Started run_00017_new_npz_data_weather_data_T84_weather_london_2003_2014_ld16_rw3.0_lr0.01_bs64 on GPU slot 3 device=0
Finished run_00014_new_npz_data_weather_data_T84_weather_london_2003_2014_ld16_rw3.0_lr0.001_bs64 status=completed val_total_loss=20.408079147338867
Finished run_00017_new_npz_data_weather_data_T84_weather_london_2003_2014_ld16_rw3.0_lr0.01_bs64 status=completed val_total_loss=29.15284538269043
Finished run_00016_new_npz_data_weather_data_T84_weather_london_2003_2014_ld16_rw3.0_lr0.01_bs32 status=completed val_total_loss=21.223249435424805
Finished run_00015_new_npz_data_weather_data_T84_weather_london_2003_2014_ld16_rw3.0_lr0.01_bs16 status=completed val_total_loss=20.82329750061035
Best run: run_00011_new_npz_data_weather_data_T84_weather_london_2003_2014_ld16_rw3.0_lr0.0001_bs64 val_total_loss=19.898704528808594
