nohup: ignoring input
Running 41 run scripts from /data/jinyuli/Projects/timeVAE/src/ILI/run_scripts/index.txt (MAXJOBS=1)
[2026-06-20 19:02:36] START  run_ili_eng_2016_2017_T35_p7_tau05.sh
[2026-06-20 19:09:06] DONE   run_ili_eng_2016_2017_T35_p7_tau05.sh
[2026-06-20 19:09:06] START  run_ili_eng_2016_2017_T77_p21_tau05.sh
[2026-06-20 19:15:04] DONE   run_ili_eng_2016_2017_T77_p21_tau05.sh
[2026-06-20 19:15:04] START  run_ili_eng_2015_2016_T35_p7_tau05.sh
[2026-06-20 19:20:34] DONE   run_ili_eng_2015_2016_T35_p7_tau05.sh
[2026-06-20 19:20:34] START  run_ili_eng_2015_2016_T84_p28_tau05.sh
[2026-06-20 19:24:36] DONE   run_ili_eng_2015_2016_T84_p28_tau05.sh
[2026-06-20 19:24:36] START  run_ili_eng_2018_2019_T42_p14_tau05.sh
[2026-06-20 19:33:26] DONE   run_ili_eng_2018_2019_T42_p14_tau05.sh
[2026-06-20 19:33:26] START  run_ili_eng_2018_2019_T77_p21_tau05.sh
[2026-06-20 19:50:01] DONE   run_ili_eng_2018_2019_T77_p21_tau05.sh
[2026-06-20 19:50:01] START  run_ili_eng_2015_2016_T35_p7_tau04.sh
[2026-06-20 19:56:31] DONE   run_ili_eng_2015_2016_T35_p7_tau04.sh
[2026-06-20 19:56:31] START  run_ili_eng_2015_2016_T77_p21_tau04.sh
[2026-06-20 20:04:19] DONE   run_ili_eng_2015_2016_T77_p21_tau04.sh
[2026-06-20 20:04:19] START  run_ili_eng_2016_2017_T77_p21_tau04.sh
[2026-06-20 20:14:55] DONE   run_ili_eng_2016_2017_T77_p21_tau04.sh
[2026-06-20 20:14:55] START  run_ili_eng_2016_2017_T84_p28_tau04.sh
[2026-06-20 20:27:07] DONE   run_ili_eng_2016_2017_T84_p28_tau04.sh
[2026-06-20 20:27:07] START  run_ili_eng_2017_2018_T42_p14_tau04.sh
[2026-06-20 20:36:26] DONE   run_ili_eng_2017_2018_T42_p14_tau04.sh
[2026-06-20 20:36:26] START  run_ili_eng_2017_2018_T77_p21_tau04.sh
[2026-06-20 20:52:14] DONE   run_ili_eng_2017_2018_T77_p21_tau04.sh
[2026-06-20 20:52:14] START  run_ili_eng_2017_2018_T84_p28_tau04.sh
[2026-06-20 21:08:24] DONE   run_ili_eng_2017_2018_T84_p28_tau04.sh
[2026-06-20 21:08:24] START  run_ili_eng_2015_2016_T35_p7_tau03.sh
[2026-06-20 21:19:34] DONE   run_ili_eng_2015_2016_T35_p7_tau03.sh
[2026-06-20 21:19:34] START  run_ili_eng_2015_2016_T42_p14_tau03.sh
[2026-06-20 21:30:36] DONE   run_ili_eng_2015_2016_T42_p14_tau03.sh
[2026-06-20 21:30:36] START  run_ili_eng_2018_2019_T42_p14_tau04.sh
[2026-06-20 21:47:55] DONE   run_ili_eng_2018_2019_T42_p14_tau04.sh
[2026-06-20 21:47:55] START  run_ili_eng_2018_2019_T77_p21_tau04.sh
[2026-06-20 22:22:07] DONE   run_ili_eng_2018_2019_T77_p21_tau04.sh
[2026-06-20 22:22:07] START  run_ili_eng_2016_2017_T35_p7_tau03.sh
[2026-06-20 22:41:31] DONE   run_ili_eng_2016_2017_T35_p7_tau03.sh
[2026-06-20 22:41:31] START  run_ili_eng_2017_2018_T35_p7_tau03.sh
[2026-06-20 23:00:27] DONE   run_ili_eng_2017_2018_T35_p7_tau03.sh
[2026-06-20 23:00:27] START  run_ili_eng_2017_2018_T42_p14_tau03.sh
[2026-06-20 23:24:46] DONE   run_ili_eng_2017_2018_T42_p14_tau03.sh
[2026-06-20 23:24:46] START  run_ili_eng_2017_2018_T77_p21_tau03.sh
[2026-06-21 00:16:30] DONE   run_ili_eng_2017_2018_T77_p21_tau03.sh
[2026-06-21 00:16:30] START  run_ili_eng_2017_2018_T84_p28_tau03.sh
[2026-06-21 00:31:52] DONE   run_ili_eng_2017_2018_T84_p28_tau03.sh
[2026-06-21 00:31:52] START  run_ili_eng_2018_2019_T42_p14_tau03.sh
[2026-06-21 01:19:57] DONE   run_ili_eng_2018_2019_T42_p14_tau03.sh
[2026-06-21 01:19:57] START  run_ili_eng_2018_2019_T77_p21_tau03.sh
[2026-06-21 01:28:57] DONE   run_ili_eng_2018_2019_T77_p21_tau03.sh
[2026-06-21 01:28:57] START  run_ili_eng_2015_2016_T77_p21_tau02.sh
[2026-06-21 01:48:27] DONE   run_ili_eng_2015_2016_T77_p21_tau02.sh
[2026-06-21 01:48:27] START  run_ili_eng_2015_2016_T84_p28_tau02.sh
[2026-06-21 02:02:25] DONE   run_ili_eng_2015_2016_T84_p28_tau02.sh
[2026-06-21 02:02:25] START  run_ili_eng_2017_2018_T84_p28_tau02.sh
[2026-06-21 02:16:02] DONE   run_ili_eng_2017_2018_T84_p28_tau02.sh
[2026-06-21 02:16:02] START  run_ili_eng_2016_2017_T35_p7_tau02.sh
[2026-06-21 03:52:38] DONE   run_ili_eng_2016_2017_T35_p7_tau02.sh
[2026-06-21 03:52:38] START  run_ili_eng_2016_2017_T42_p14_tau02.sh
[2026-06-21 04:19:47] DONE   run_ili_eng_2016_2017_T42_p14_tau02.sh
[2026-06-21 04:19:47] START  run_ili_eng_2016_2017_T84_p28_tau02.sh
[2026-06-21 05:02:21] DONE   run_ili_eng_2016_2017_T84_p28_tau02.sh
[2026-06-21 05:02:21] START  run_ili_eng_2018_2019_T35_p7_tau02.sh
[2026-06-21 05:20:17] DONE   run_ili_eng_2018_2019_T35_p7_tau02.sh
[2026-06-21 05:20:17] START  run_ili_eng_2015_2016_T42_p14_tau01.sh
[2026-06-21 05:54:31] DONE   run_ili_eng_2015_2016_T42_p14_tau01.sh
[2026-06-21 05:54:31] START  run_ili_eng_2015_2016_T84_p28_tau01.sh
[2026-06-21 05:55:26] DONE   run_ili_eng_2015_2016_T84_p28_tau01.sh
[2026-06-21 05:55:26] START  run_ili_eng_2017_2018_T35_p7_tau01.sh
[2026-06-21 06:08:56] DONE   run_ili_eng_2017_2018_T35_p7_tau01.sh
[2026-06-21 06:08:56] START  run_ili_eng_2016_2017_T42_p14_tau01.sh
[2026-06-21 06:09:50] DONE   run_ili_eng_2016_2017_T42_p14_tau01.sh
[2026-06-21 06:09:50] START  run_ili_eng_2018_2019_T35_p7_tau01.sh
[2026-06-21 06:11:00] DONE   run_ili_eng_2018_2019_T35_p7_tau01.sh
[2026-06-21 06:11:00] START  run_ili_eng_2018_2019_T84_p28_tau01.sh
[2026-06-21 06:12:08] DONE   run_ili_eng_2018_2019_T84_p28_tau01.sh
[2026-06-21 06:12:08] START  run_ili_eng_2016_2017_T42_p14_tau005.sh
[2026-06-21 06:13:02] DONE   run_ili_eng_2016_2017_T42_p14_tau005.sh
[2026-06-21 06:13:02] START  run_ili_eng_2016_2017_T77_p21_tau005.sh
[2026-06-21 06:13:56] DONE   run_ili_eng_2016_2017_T77_p21_tau005.sh
[2026-06-21 06:13:56] START  run_ili_eng_2018_2019_T35_p7_tau005.sh
[2026-06-21 06:14:51] DONE   run_ili_eng_2018_2019_T35_p7_tau005.sh
[2026-06-21 06:14:51] START  run_ili_eng_2018_2019_T84_p28_tau005.sh
[2026-06-21 06:15:47] DONE   run_ili_eng_2018_2019_T84_p28_tau005.sh
All run scripts finished (fail=0).
